lcd.c:722:13:delay	16	static,ignoring_inline_asm
lcd.c:733:6:GPIO_Init	48	static
lcd.c:813:13:LCD_Write8	16	static
lcd.c:838:16:LCD_Read8	16	static
lcd.c:864:13:LCD_Write8Register8	16	static
lcd.c:879:13:LCD_Write16Register8	16	static
lcd.c:895:13:LCD_Write24Register8	16	static
lcd.c:912:13:LCD_Write32Register8	16	static
lcd.c:930:13:LCD_Write16Register16	16	static
lcd.c:948:13:LCD_Write16RegisterPair8	16	static
lcd.c:961:16:LCD_Read8Register8	24	static
lcd.c:980:6:LCD_Init	16	static
lcd.c:1233:6:LCD_DrawPixel	24	static
lcd.c:1304:6:LCD_Flood	24	static
lcd.c:1365:6:LCD_FillScreen	24	static
lcd.c:1423:6:LCD_Reset	16	static
lcd.c:1452:6:LCD_SetAddrWindow	40	static
lcd.c:1569:6:LCD_SetRotation	24	static
lcd.c:1690:6:LCD_DrawBMP	72	static
lcd.c:1966:6:LCD_DrawLine	48	static
lcd.c:2017:6:LCD_DrawFastHLine	32	static
lcd.c:2050:6:LCD_DrawFastVLine	32	static
lcd.c:2081:6:LCD_DrawRect	24	static
lcd.c:2099:6:LCD_FillRect	32	static
lcd.c:2138:6:LCD_DrawCircle	40	static
lcd.c:2182:6:LCD_DrawCircleHelper	40	static
lcd.c:2227:6:LCD_FillCircle	32	static
lcd.c:2244:6:LCD_FillCircleHelper	40	static
lcd.c:2285:6:LCD_DrawTriangle	32	static
lcd.c:2304:6:LCD_FillTriangle	72	static
lcd.c:2392:6:LCD_DrawRoundRect	32	static
lcd.c:2417:6:LCD_FillRoundRect	32	static
lcd.c:2438:6:LCD_DrawChar	56	static
lcd.c:2495:6:LCD_Printf	40	static
lcd.c:2550:6:LCD_SetCursor	16	static
lcd.c:2562:6:LCD_SetTextSize	16	static
lcd.c:2580:6:LCD_SetTextColor	16	static
lcd.c:2592:6:LCD_SetTextWrap	16	static
lcd.c:2603:9:LCD_GetRotation	4	static
lcd.c:2614:9:LCD_GetCursorX	4	static
lcd.c:2625:9:LCD_GetCursorY	4	static
lcd.c:2638:10:LCD_Color565	16	static
lcd.c:2642:17:LCD_Color565_to_888	16	static
lcd.c:2646:16:LCD_Color565_to_R	16	static
lcd.c:2649:16:LCD_Color565_to_G	16	static
lcd.c:2652:16:LCD_Color565_to_B	16	static
