Archive member included to satisfy reference by file (symbol)

c:/st/stm32cubeide_1.1.0/stm32cubeide/plugins/com.st.stm32cube.ide.mcu.externaltools.gnu-tools-for-stm32.7-2018-q2-update.win32_1.0.0.201904181610/tools/bin/../lib/gcc/arm-none-eabi/7.3.1/../../../../arm-none-eabi/lib/thumb/v7e-m/fpv4-sp/hard\libc_nano.a(lib_a-errno.o)
                              Core/Src/syscalls.o (__errno)
c:/st/stm32cubeide_1.1.0/stm32cubeide/plugins/com.st.stm32cube.ide.mcu.externaltools.gnu-tools-for-stm32.7-2018-q2-update.win32_1.0.0.201904181610/tools/bin/../lib/gcc/arm-none-eabi/7.3.1/../../../../arm-none-eabi/lib/thumb/v7e-m/fpv4-sp/hard\libc_nano.a(lib_a-exit.o)
                              c:/st/stm32cubeide_1.1.0/stm32cubeide/plugins/com.st.stm32cube.ide.mcu.externaltools.gnu-tools-for-stm32.7-2018-q2-update.win32_1.0.0.201904181610/tools/bin/../lib/gcc/arm-none-eabi/7.3.1/../../../../arm-none-eabi/lib/thumb/v7e-m/fpv4-sp/hard/crt0.o (exit)
c:/st/stm32cubeide_1.1.0/stm32cubeide/plugins/com.st.stm32cube.ide.mcu.externaltools.gnu-tools-for-stm32.7-2018-q2-update.win32_1.0.0.201904181610/tools/bin/../lib/gcc/arm-none-eabi/7.3.1/../../../../arm-none-eabi/lib/thumb/v7e-m/fpv4-sp/hard\libc_nano.a(lib_a-impure.o)
                              c:/st/stm32cubeide_1.1.0/stm32cubeide/plugins/com.st.stm32cube.ide.mcu.externaltools.gnu-tools-for-stm32.7-2018-q2-update.win32_1.0.0.201904181610/tools/bin/../lib/gcc/arm-none-eabi/7.3.1/../../../../arm-none-eabi/lib/thumb/v7e-m/fpv4-sp/hard\libc_nano.a(lib_a-exit.o) (_global_impure_ptr)
c:/st/stm32cubeide_1.1.0/stm32cubeide/plugins/com.st.stm32cube.ide.mcu.externaltools.gnu-tools-for-stm32.7-2018-q2-update.win32_1.0.0.201904181610/tools/bin/../lib/gcc/arm-none-eabi/7.3.1/../../../../arm-none-eabi/lib/thumb/v7e-m/fpv4-sp/hard\libc_nano.a(lib_a-init.o)
                              c:/st/stm32cubeide_1.1.0/stm32cubeide/plugins/com.st.stm32cube.ide.mcu.externaltools.gnu-tools-for-stm32.7-2018-q2-update.win32_1.0.0.201904181610/tools/bin/../lib/gcc/arm-none-eabi/7.3.1/../../../../arm-none-eabi/lib/thumb/v7e-m/fpv4-sp/hard/crt0.o (__libc_init_array)
c:/st/stm32cubeide_1.1.0/stm32cubeide/plugins/com.st.stm32cube.ide.mcu.externaltools.gnu-tools-for-stm32.7-2018-q2-update.win32_1.0.0.201904181610/tools/bin/../lib/gcc/arm-none-eabi/7.3.1/../../../../arm-none-eabi/lib/thumb/v7e-m/fpv4-sp/hard\libc_nano.a(lib_a-memcmp.o)
                              Drivers/mpu/eMPL/inv_mpu.o (memcmp)
c:/st/stm32cubeide_1.1.0/stm32cubeide/plugins/com.st.stm32cube.ide.mcu.externaltools.gnu-tools-for-stm32.7-2018-q2-update.win32_1.0.0.201904181610/tools/bin/../lib/gcc/arm-none-eabi/7.3.1/../../../../arm-none-eabi/lib/thumb/v7e-m/fpv4-sp/hard\libc_nano.a(lib_a-memcpy-stub.o)
                              Drivers/mpu/ml_math_func.o (memcpy)
c:/st/stm32cubeide_1.1.0/stm32cubeide/plugins/com.st.stm32cube.ide.mcu.externaltools.gnu-tools-for-stm32.7-2018-q2-update.win32_1.0.0.201904181610/tools/bin/../lib/gcc/arm-none-eabi/7.3.1/../../../../arm-none-eabi/lib/thumb/v7e-m/fpv4-sp/hard\libc_nano.a(lib_a-memset.o)
                              c:/st/stm32cubeide_1.1.0/stm32cubeide/plugins/com.st.stm32cube.ide.mcu.externaltools.gnu-tools-for-stm32.7-2018-q2-update.win32_1.0.0.201904181610/tools/bin/../lib/gcc/arm-none-eabi/7.3.1/../../../../arm-none-eabi/lib/thumb/v7e-m/fpv4-sp/hard/crt0.o (memset)
c:/st/stm32cubeide_1.1.0/stm32cubeide/plugins/com.st.stm32cube.ide.mcu.externaltools.gnu-tools-for-stm32.7-2018-q2-update.win32_1.0.0.201904181610/tools/bin/../lib/gcc/arm-none-eabi/7.3.1/../../../../arm-none-eabi/lib/thumb/v7e-m/fpv4-sp/hard\libm.a(lib_a-sf_cos.o)
                              Drivers/3Dbox/3Dbox.o (cosf)
c:/st/stm32cubeide_1.1.0/stm32cubeide/plugins/com.st.stm32cube.ide.mcu.externaltools.gnu-tools-for-stm32.7-2018-q2-update.win32_1.0.0.201904181610/tools/bin/../lib/gcc/arm-none-eabi/7.3.1/../../../../arm-none-eabi/lib/thumb/v7e-m/fpv4-sp/hard\libm.a(lib_a-sf_sin.o)
                              Drivers/3Dbox/3Dbox.o (sinf)
c:/st/stm32cubeide_1.1.0/stm32cubeide/plugins/com.st.stm32cube.ide.mcu.externaltools.gnu-tools-for-stm32.7-2018-q2-update.win32_1.0.0.201904181610/tools/bin/../lib/gcc/arm-none-eabi/7.3.1/../../../../arm-none-eabi/lib/thumb/v7e-m/fpv4-sp/hard\libm.a(lib_a-w_acos.o)
                              Drivers/mpu/ml_math_func.o (acos)
c:/st/stm32cubeide_1.1.0/stm32cubeide/plugins/com.st.stm32cube.ide.mcu.externaltools.gnu-tools-for-stm32.7-2018-q2-update.win32_1.0.0.201904181610/tools/bin/../lib/gcc/arm-none-eabi/7.3.1/../../../../arm-none-eabi/lib/thumb/v7e-m/fpv4-sp/hard\libm.a(lib_a-w_sqrt.o)
                              Drivers/3Dbox/3Dbox.o (sqrt)
c:/st/stm32cubeide_1.1.0/stm32cubeide/plugins/com.st.stm32cube.ide.mcu.externaltools.gnu-tools-for-stm32.7-2018-q2-update.win32_1.0.0.201904181610/tools/bin/../lib/gcc/arm-none-eabi/7.3.1/../../../../arm-none-eabi/lib/thumb/v7e-m/fpv4-sp/hard\libm.a(lib_a-wf_asin.o)
                              Core/Src/freertos.o (asinf)
[...]
Memory Configuration

Name             Origin             Length             Attributes
RAM              0x0000000020000000 0x0000000000020000 xrw
FLASH            0x0000000008000000 0x0000000000080000 xr
*default*        0x0000000000000000 0xffffffffffffffff

Linker script and memory map

LOAD c:/st/stm32cubeide_1.1.0/stm32cubeide/plugins/com.st.stm32cube.ide.mcu.externaltools.gnu-tools-for-stm32.7-2018-q2-update.win32_1.0.0.201904181610/tools/bin/../lib/gcc/arm-none-eabi/7.3.1/thumb/v7e-m/fpv4-sp/hard/crti.o
LOAD c:/st/stm32cubeide_1.1.0/stm32cubeide/plugins/com.st.stm32cube.ide.mcu.externaltools.gnu-tools-for-stm32.7-2018-q2-update.win32_1.0.0.201904181610/tools/bin/../lib/gcc/arm-none-eabi/7.3.1/thumb/v7e-m/fpv4-sp/hard/crtbegin.o
LOAD c:/st/stm32cubeide_1.1.0/stm32cubeide/plugins/com.st.stm32cube.ide.mcu.externaltools.gnu-tools-for-stm32.7-2018-q2-update.win32_1.0.0.201904181610/tools/bin/../lib/gcc/arm-none-eabi/7.3.1/../../../../arm-none-eabi/lib/thumb/v7e-m/fpv4-sp/hard/crt0.o
LOAD Core/Src/freertos.o
LOAD Core/Src/gpio.o
LOAD Core/Src/i2c.o
LOAD Core/Src/main.o
LOAD Core/Src/stm32f4xx_hal_msp.o
LOAD Core/Src/stm32f4xx_hal_timebase_tim.o
LOAD Core/Src/stm32f4xx_it.o
LOAD Core/Src/syscalls.o
LOAD Core/Src/sysmem.o
LOAD Core/Src/system_stm32f4xx.o
LOAD Core/Startup/startup_stm32f446retx.o
LOAD Drivers/3Dbox/3Dbox.o
LOAD Drivers/STM32F4xx_HAL_Driver/Src/stm32f4xx_hal.o
LOAD Drivers/STM32F4xx_HAL_Driver/Src/stm32f4xx_hal_cortex.o
LOAD Drivers/STM32F4xx_HAL_Driver/Src/stm32f4xx_hal_dma.o
LOAD Drivers/STM32F4xx_HAL_Driver/Src/stm32f4xx_hal_dma_ex.o
LOAD Drivers/STM32F4xx_HAL_Driver/Src/stm32f4xx_hal_exti.o
LOAD Drivers/STM32F4xx_HAL_Driver/Src/stm32f4xx_hal_flash.o
LOAD Drivers/STM32F4xx_HAL_Driver/Src/stm32f4xx_hal_flash_ex.o
LOAD Drivers/STM32F4xx_HAL_Driver/Src/stm32f4xx_hal_flash_ramfunc.o
LOAD Drivers/STM32F4xx_HAL_Driver/Src/stm32f4xx_hal_gpio.o
LOAD Drivers/STM32F4xx_HAL_Driver/Src/stm32f4xx_hal_i2c.o
LOAD Drivers/STM32F4xx_HAL_Driver/Src/stm32f4xx_hal_i2c_ex.o
LOAD Drivers/STM32F4xx_HAL_Driver/Src/stm32f4xx_hal_pwr.o
LOAD Drivers/STM32F4xx_HAL_Driver/Src/stm32f4xx_hal_pwr_ex.o
LOAD Drivers/STM32F4xx_HAL_Driver/Src/stm32f4xx_hal_rcc.o
LOAD Drivers/STM32F4xx_HAL_Driver/Src/stm32f4xx_hal_rcc_ex.o
LOAD Drivers/STM32F4xx_HAL_Driver/Src/stm32f4xx_hal_tim.o
LOAD Drivers/STM32F4xx_HAL_Driver/Src/stm32f4xx_hal_tim_ex.o
LOAD Drivers/display/Fonts/font12.o
LOAD Drivers/display/Fonts/font16.o
LOAD Drivers/display/Fonts/font20.o
LOAD Drivers/display/Fonts/font24.o
LOAD Drivers/display/Fonts/font8.o
LOAD Drivers/display/lcd.o
LOAD Drivers/display/printf.o
LOAD Drivers/mpu/eMPL/inv_mpu.o
LOAD Drivers/mpu/eMPL/inv_mpu_dmp_motion_driver.o
LOAD Drivers/mpu/ml_math_func.o
LOAD Drivers/mpu/mpu_drv.o
LOAD Drivers/mpu/mpu_log.o
LOAD Middlewares/Third_Party/FreeRTOS/Source/CMSIS_RTOS/cmsis_os.o
LOAD Middlewares/Third_Party/FreeRTOS/Source/croutine.o
LOAD Middlewares/Third_Party/FreeRTOS/Source/event_groups.o
LOAD Middlewares/Third_Party/FreeRTOS/Source/list.o
LOAD Middlewares/Third_Party/FreeRTOS/Source/queue.o
LOAD Middlewares/Third_Party/FreeRTOS/Source/stream_buffer.o
LOAD Middlewares/Third_Party/FreeRTOS/Source/tasks.o
LOAD Middlewares/Third_Party/FreeRTOS/Source/timers.o
LOAD Middlewares/Third_Party/FreeRTOS/Source/portable/GCC/ARM_CM4F/port.o
LOAD Middlewares/Third_Party/FreeRTOS/Source/portable/MemMang/heap_4.o
START GROUP
LOAD c:/st/stm32cubeide_1.1.0/stm32cubeide/plugins/com.st.stm32cube.ide.mcu.externaltools.gnu-tools-for-stm32.7-2018-q2-update.win32_1.0.0.201904181610/tools/bin/../lib/gcc/arm-none-eabi/7.3.1/../../../../arm-none-eabi/lib/thumb/v7e-m/fpv4-sp/hard\libc_nano.a
LOAD c:/st/stm32cubeide_1.1.0/stm32cubeide/plugins/com.st.stm32cube.ide.mcu.externaltools.gnu-tools-for-stm32.7-2018-q2-update.win32_1.0.0.201904181610/tools/bin/../lib/gcc/arm-none-eabi/7.3.1/../../../../arm-none-eabi/lib/thumb/v7e-m/fpv4-sp/hard\libm.a
END GROUP
START GROUP
LOAD c:/st/stm32cubeide_1.1.0/stm32cubeide/plugins/com.st.stm32cube.ide.mcu.externaltools.gnu-tools-for-stm32.7-2018-q2-update.win32_1.0.0.201904181610/tools/bin/../lib/gcc/arm-none-eabi/7.3.1/thumb/v7e-m/fpv4-sp/hard\libgcc.a
LOAD c:/st/stm32cubeide_1.1.0/stm32cubeide/plugins/com.st.stm32cube.ide.mcu.externaltools.gnu-tools-for-stm32.7-2018-q2-update.win32_1.0.0.201904181610/tools/bin/../lib/gcc/arm-none-eabi/7.3.1/../../../../arm-none-eabi/lib/thumb/v7e-m/fpv4-sp/hard\libc_nano.a
END GROUP
START GROUP
LOAD c:/st/stm32cubeide_1.1.0/stm32cubeide/plugins/com.st.stm32cube.ide.mcu.externaltools.gnu-tools-for-stm32.7-2018-q2-update.win32_1.0.0.201904181610/tools/bin/../lib/gcc/arm-none-eabi/7.3.1/thumb/v7e-m/fpv4-sp/hard\libgcc.a
LOAD c:/st/stm32cubeide_1.1.0/stm32cubeide/plugins/com.st.stm32cube.ide.mcu.externaltools.gnu-tools-for-stm32.7-2018-q2-update.win32_1.0.0.201904181610/tools/bin/../lib/gcc/arm-none-eabi/7.3.1/../../../../arm-none-eabi/lib/thumb/v7e-m/fpv4-sp/hard\libc_nano.a
LOAD c:/st/stm32cubeide_1.1.0/stm32cubeide/plugins/com.st.stm32cube.ide.mcu.externaltools.gnu-tools-for-stm32.7-2018-q2-update.win32_1.0.0.201904181610/tools/bin/../lib/gcc/arm-none-eabi/7.3.1/../../../../arm-none-eabi/lib/thumb/v7e-m/fpv4-sp/hard\libnosys.a
END GROUP
START GROUP
LOAD c:/st/stm32cubeide_1.1.0/stm32cubeide/plugins/com.st.stm32cube.ide.mcu.externaltools.gnu-tools-for-stm32.7-2018-q2-update.win32_1.0.0.201904181610/tools/bin/../lib/gcc/arm-none-eabi/7.3.1/thumb/v7e-m/fpv4-sp/hard\libgcc.a
LOAD c:/st/stm32cubeide_1.1.0/stm32cubeide/plugins/com.st.stm32cube.ide.mcu.externaltools.gnu-tools-for-stm32.7-2018-q2-update.win32_1.0.0.201904181610/tools/bin/../lib/gcc/arm-none-eabi/7.3.1/../../../../arm-none-eabi/lib/thumb/v7e-m/fpv4-sp/hard\libc_nano.a
LOAD c:/st/stm32cubeide_1.1.0/stm32cubeide/plugins/com.st.stm32cube.ide.mcu.externaltools.gnu-tools-for-stm32.7-2018-q2-update.win32_1.0.0.201904181610/tools/bin/../lib/gcc/arm-none-eabi/7.3.1/../../../../arm-none-eabi/lib/thumb/v7e-m/fpv4-sp/hard\libnosys.a
END GROUP
LOAD c:/st/stm32cubeide_1.1.0/stm32cubeide/plugins/com.st.stm32cube.ide.mcu.externaltools.gnu-tools-for-stm32.7-2018-q2-update.win32_1.0.0.201904181610/tools/bin/../lib/gcc/arm-none-eabi/7.3.1/thumb/v7e-m/fpv4-sp/hard/crtend.o
LOAD c:/st/stm32cubeide_1.1.0/stm32cubeide/plugins/com.st.stm32cube.ide.mcu.externaltools.gnu-tools-for-stm32.7-2018-q2-update.win32_1.0.0.201904181610/tools/bin/../lib/gcc/arm-none-eabi/7.3.1/thumb/v7e-m/fpv4-sp/hard/crtn.o
                0x0000000020020000                _estack = (ORIGIN (RAM) + LENGTH (RAM))
                0x0000000000000200                _Min_Heap_Size = 0x200
                0x0000000000000400                _Min_Stack_Size = 0x400

.isr_vector     0x0000000008000000      0x1c4
                0x0000000008000000                . = ALIGN (0x4)
 *(.isr_vector)
 .isr_vector    0x0000000008000000      0x1c4 Core/Startup/startup_stm32f446retx.o
                0x0000000008000000                g_pfnVectors
                0x00000000080001c4                . = ALIGN (0x4)

.text           0x00000000080001d0     0xb194
                0x00000000080001d0                . = ALIGN (0x4)
 *(.text)
 .text          0x00000000080001d0       0x40 c:/st/stm32cubeide_1.1.0/stm32cubeide/plugins/com.st.stm32cube.ide.mcu.externaltools.gnu-tools-for-stm32.7-2018-q2-update.win32_1.0.0.201904181610/tools/bin/../lib/gcc/arm-none-eabi/7.3.1/thumb/v7e-m/fpv4-sp/hard/crtbegin.o
 .text          0x0000000008000210      0x378 c:/st/stm32cubeide_1.1.0/stm32cubeide/plugins/com.st.stm32cube.ide.mcu.externaltools.gnu-tools-for-stm32.7-2018-q2-update.win32_1.0.0.201904181610/tools/bin/../lib/gcc/arm-none-eabi/7.3.1/thumb/v7e-m/fpv4-sp/hard\libgcc.a(_arm_addsubdf3.o)
                0x0000000008000210                __aeabi_drsub
                0x0000000008000218                __aeabi_dsub
                0x0000000008000218                __subdf3
                0x000000000800021c                __aeabi_dadd
                0x000000000800021c                __adddf3
                0x0000000008000494                __floatunsidf
                0x0000000008000494                __aeabi_ui2d
                0x00000000080004b4                __floatsidf
                0x00000000080004b4                __aeabi_i2d
                0x00000000080004d8                __aeabi_f2d
                0x00000000080004d8                __extendsfdf2
                0x000000000800051c                __floatundidf
                0x000000000800051c                __aeabi_ul2d
                0x000000000800052c                __floatdidf
                0x000000000800052c                __aeabi_l2d
 .text          0x0000000008000588      0x424 c:/st/stm32cubeide_1.1.0/stm32cubeide/plugins/com.st.stm32cube.ide.mcu.externaltools.gnu-tools-for-stm32.7-2018-q2-update.win32_1.0.0.201904181610/tools/bin/../lib/gcc/arm-none-eabi/7.3.1/thumb/v7e-m/fpv4-sp/hard\libgcc.a(_arm_muldivdf3.o)
                0x0000000008000588                __aeabi_dmul
                0x0000000008000588                __muldf3
                0x00000000080007dc                __divdf3
                0x00000000080007dc                __aeabi_ddiv
 .text          0x00000000080009ac      0x110 c:/st/stm32cubeide_1.1.0/stm32cubeide/plugins/com.st.stm32cube.ide.mcu.externaltools.gnu-tools-for-stm32.7-2018-q2-update.win32_1.0.0.201904181610/tools/bin/../lib/gcc/arm-none-eabi/7.3.1/thumb/v7e-m/fpv4-sp/hard\libgcc.a(_arm_cmpdf2.o)
                0x00000000080009ac                __gtdf2
                0x00000000080009ac                __gedf2
                0x00000000080009b4                __ltdf2
                0x00000000080009b4                __ledf2
                0x00000000080009bc                __nedf2
                0x00000000080009bc                __eqdf2
                0x00000000080009bc                __cmpdf2
                0x0000000008000a38                __aeabi_cdrcmple
                0x0000000008000a48                __aeabi_cdcmpeq
                0x0000000008000a48                __aeabi_cdcmple
                0x0000000008000a58                __aeabi_dcmpeq
                0x0000000008000a6c                __aeabi_dcmplt
                0x0000000008000a80                __aeabi_dcmple
                0x0000000008000a94                __aeabi_dcmpge
                0x0000000008000aa8                __aeabi_dcmpgt
 .text          0x0000000008000abc       0x2c c:/st/stm32cubeide_1.1.0/stm32cubeide/plugins/com.st.stm32cube.ide.mcu.externaltools.gnu-tools-for-stm32.7-2018-q2-update.win32_1.0.0.201904181610/tools/bin/../lib/gcc/arm-none-eabi/7.3.1/thumb/v7e-m/fpv4-sp/hard\libgcc.a(_arm_unorddf2.o)
                0x0000000008000abc                __unorddf2
                0x0000000008000abc                __aeabi_dcmpun
 .text          0x0000000008000ae8       0xa0 c:/st/stm32cubeide_1.1.0/stm32cubeide/plugins/com.st.stm32cube.ide.mcu.externaltools.gnu-tools-for-stm32.7-2018-q2-update.win32_1.0.0.201904181610/tools/bin/../lib/gcc/arm-none-eabi/7.3.1/thumb/v7e-m/fpv4-sp/hard\libgcc.a(_arm_truncdfsf2.o)
                0x0000000008000ae8                __truncdfsf2
                0x0000000008000ae8                __aeabi_d2f
 .text          0x0000000008000b88       0x30 c:/st/stm32cubeide_1.1.0/stm32cubeide/plugins/com.st.stm32cube.ide.mcu.externaltools.gnu-tools-for-stm32.7-2018-q2-update.win32_1.0.0.201904181610/tools/bin/../lib/gcc/arm-none-eabi/7.3.1/thumb/v7e-m/fpv4-sp/hard\libgcc.a(_aeabi_uldivmod.o)
                0x0000000008000b88                __aeabi_uldivmod
 .text          0x0000000008000bb8      0x2cc c:/st/stm32cubeide_1.1.0/stm32cubeide/plugins/com.st.stm32cube.ide.mcu.externaltools.gnu-tools-for-stm32.7-2018-q2-update.win32_1.0.0.201904181610/tools/bin/../lib/gcc/arm-none-eabi/7.3.1/thumb/v7e-m/fpv4-sp/hard\libgcc.a(_udivmoddi4.o)
                0x0000000008000bb8                __udivmoddi4
 .text          0x0000000008000e84        0x4 c:/st/stm32cubeide_1.1.0/stm32cubeide/plugins/com.st.stm32cube.ide.mcu.externaltools.gnu-tools-for-stm32.7-2018-q2-update.win32_1.0.0.201904181610/tools/bin/../lib/gcc/arm-none-eabi/7.3.1/thumb/v7e-m/fpv4-sp/hard\libgcc.a(_dvmd_tls.o)
                0x0000000008000e84                __aeabi_idiv0
                0x0000000008000e84                __aeabi_ldiv0
 *(.text*)
 .text.inv_q30_to_float
                0x0000000008000e88       0x30 Core/Src/freertos.o
 .text.vApplicationMallocFailedHook
                0x0000000008000eb8        0xe Core/Src/freertos.o
                0x0000000008000eb8                vApplicationMallocFailedHook
 *fill*         0x0000000008000ec6        0x2 
 .text.vApplicationGetIdleTaskMemory
                0x0000000008000ec8       0x34 Core/Src/freertos.o
                0x0000000008000ec8                vApplicationGetIdleTaskMemory
 .text.MX_FREERTOS_Init
                0x0000000008000efc       0xdc Core/Src/freertos.o
                0x0000000008000efc                MX_FREERTOS_Init
 .text.thread_sensors_func
                0x0000000008000fd8      0x338 Core/Src/freertos.o
                0x0000000008000fd8                thread_sensors_func
 .text.thread_lcd_func
                0x0000000008001310       0x9c Core/Src/freertos.o
                0x0000000008001310                thread_lcd_func
 .text.thread_bt_func
                0x00000000080013ac       0x10 Core/Src/freertos.o
                0x00000000080013ac                thread_bt_func
 .text.MX_GPIO_Init
                0x00000000080013bc      0x100 Core/Src/gpio.o
                0x00000000080013bc                MX_GPIO_Init
 .text.MX_I2C1_Init
                0x00000000080014bc       0x5c Core/Src/i2c.o
                0x00000000080014bc                MX_I2C1_Init
 .text.HAL_I2C_MspInit
                0x0000000008001518       0x90 Core/Src/i2c.o
                0x0000000008001518                HAL_I2C_MspInit
 .text.main     0x00000000080015a8       0x1e Core/Src/main.o
                0x00000000080015a8                main
 *fill*         0x00000000080015c6        0x2 
 .text.SystemClock_Config
                0x00000000080015c8       0xe4 Core/Src/main.o
                0x00000000080015c8                SystemClock_Config
 .text.HAL_TIM_PeriodElapsedCallback
                0x00000000080016ac       0x24 Core/Src/main.o
                0x00000000080016ac                HAL_TIM_PeriodElapsedCallback
 .text.Error_Handler
                0x00000000080016d0        0xe Core/Src/main.o
                0x00000000080016d0                Error_Handler
 *fill*         0x00000000080016de        0x2 
 .text.HAL_MspInit
                0x00000000080016e0       0x58 Core/Src/stm32f4xx_hal_msp.o
                0x00000000080016e0                HAL_MspInit
 .text.HAL_InitTick
                0x0000000008001738       0xb4 Core/Src/stm32f4xx_hal_timebase_tim.o
                0x0000000008001738                HAL_InitTick
 .text.NMI_Handler
                0x00000000080017ec        0xe Core/Src/stm32f4xx_it.o
                0x00000000080017ec                NMI_Handler
 .text.HardFault_Handler
                0x00000000080017fa        0x6 Core/Src/stm32f4xx_it.o
                0x00000000080017fa                HardFault_Handler
 .text.MemManage_Handler
                0x0000000008001800        0x6 Core/Src/stm32f4xx_it.o
                0x0000000008001800                MemManage_Handler
 .text.BusFault_Handler
                0x0000000008001806        0x6 Core/Src/stm32f4xx_it.o
                0x0000000008001806                BusFault_Handler
 .text.UsageFault_Handler
                0x000000000800180c        0x6 Core/Src/stm32f4xx_it.o
                0x000000000800180c                UsageFault_Handler
 .text.DebugMon_Handler
                0x0000000008001812        0xe Core/Src/stm32f4xx_it.o
                0x0000000008001812                DebugMon_Handler
 .text.TIM6_DAC_IRQHandler
                0x0000000008001820       0x14 Core/Src/stm32f4xx_it.o
                0x0000000008001820                TIM6_DAC_IRQHandler
 .text.SystemInit
                0x0000000008001834       0x2c Core/Src/system_stm32f4xx.o
                0x0000000008001834                SystemInit
 .text.Reset_Handler
                0x0000000008001860       0x50 Core/Startup/startup_stm32f446retx.o
                0x0000000008001860                Reset_Handler
 .text.Default_Handler
                0x00000000080018b0        0x2 Core/Startup/startup_stm32f446retx.o
                0x00000000080018b0                RTC_Alarm_IRQHandler
                0x00000000080018b0                EXTI2_IRQHandler
                0x00000000080018b0                TIM8_CC_IRQHandler
                0x00000000080018b0                FMPI2C1_EV_IRQHandler
                0x00000000080018b0                SPI4_IRQHandler
                0x00000000080018b0                TIM1_CC_IRQHandler
                0x00000000080018b0                DMA2_Stream5_IRQHandler
                0x00000000080018b0                DMA1_Stream5_IRQHandler
                0x00000000080018b0                PVD_IRQHandler
                0x00000000080018b0                SDIO_IRQHandler
                0x00000000080018b0                TAMP_STAMP_IRQHandler
                0x00000000080018b0                CAN2_RX1_IRQHandler
                0x00000000080018b0                EXTI3_IRQHandler
                0x00000000080018b0                TIM8_TRG_COM_TIM14_IRQHandler
                0x00000000080018b0                TIM1_UP_TIM10_IRQHandler
                0x00000000080018b0                TIM8_UP_TIM13_IRQHandler
                0x00000000080018b0                I2C3_ER_IRQHandler
                0x00000000080018b0                EXTI0_IRQHandler
                0x00000000080018b0                I2C2_EV_IRQHandler
                0x00000000080018b0                DMA1_Stream2_IRQHandler
                0x00000000080018b0                CAN1_RX0_IRQHandler
                0x00000000080018b0                FPU_IRQHandler
                0x00000000080018b0                OTG_HS_WKUP_IRQHandler
                0x00000000080018b0                CAN2_SCE_IRQHandler
                0x00000000080018b0                DMA2_Stream2_IRQHandler
                0x00000000080018b0                SPI1_IRQHandler
                0x00000000080018b0                TIM1_BRK_TIM9_IRQHandler
                0x00000000080018b0                DCMI_IRQHandler
                0x00000000080018b0                CAN2_RX0_IRQHandler
                0x00000000080018b0                DMA2_Stream3_IRQHandler
                0x00000000080018b0                SAI2_IRQHandler
                0x00000000080018b0                USART6_IRQHandler
                0x00000000080018b0                USART3_IRQHandler
                0x00000000080018b0                CAN1_RX1_IRQHandler
                0x00000000080018b0                UART5_IRQHandler
                0x00000000080018b0                DMA2_Stream0_IRQHandler
                0x00000000080018b0                TIM4_IRQHandler
                0x00000000080018b0                QUADSPI_IRQHandler
                0x00000000080018b0                I2C1_EV_IRQHandler
                0x00000000080018b0                DMA1_Stream6_IRQHandler
                0x00000000080018b0                DMA1_Stream1_IRQHandler
                0x00000000080018b0                UART4_IRQHandler
                0x00000000080018b0                TIM3_IRQHandler
                0x00000000080018b0                RCC_IRQHandler
                0x00000000080018b0                TIM8_BRK_TIM12_IRQHandler
                0x00000000080018b0                Default_Handler
                0x00000000080018b0                CEC_IRQHandler
                0x00000000080018b0                EXTI15_10_IRQHandler
                0x00000000080018b0                ADC_IRQHandler
                0x00000000080018b0                DMA1_Stream7_IRQHandler
                0x00000000080018b0                TIM7_IRQHandler
                0x00000000080018b0                CAN2_TX_IRQHandler
                0x00000000080018b0                TIM5_IRQHandler
                0x00000000080018b0                DMA2_Stream7_IRQHandler
                0x00000000080018b0                I2C3_EV_IRQHandler
                0x00000000080018b0                EXTI9_5_IRQHandler
                0x00000000080018b0                RTC_WKUP_IRQHandler
                0x00000000080018b0                SPDIF_RX_IRQHandler
                0x00000000080018b0                SPI2_IRQHandler
                0x00000000080018b0                OTG_HS_EP1_IN_IRQHandler
                0x00000000080018b0                DMA1_Stream0_IRQHandler
                0x00000000080018b0                CAN1_TX_IRQHandler
                0x00000000080018b0                FMPI2C1_ER_IRQHandler
                0x00000000080018b0                EXTI4_IRQHandler
                0x00000000080018b0                OTG_HS_EP1_OUT_IRQHandler
                0x00000000080018b0                WWDG_IRQHandler
                0x00000000080018b0                TIM2_IRQHandler
                0x00000000080018b0                OTG_FS_WKUP_IRQHandler
                0x00000000080018b0                TIM1_TRG_COM_TIM11_IRQHandler
                0x00000000080018b0                OTG_HS_IRQHandler
                0x00000000080018b0                EXTI1_IRQHandler
                0x00000000080018b0                USART2_IRQHandler
                0x00000000080018b0                I2C2_ER_IRQHandler
                0x00000000080018b0                DMA2_Stream1_IRQHandler
                0x00000000080018b0                CAN1_SCE_IRQHandler
                0x00000000080018b0                FLASH_IRQHandler
                0x00000000080018b0                DMA2_Stream4_IRQHandler
                0x00000000080018b0                USART1_IRQHandler
                0x00000000080018b0                OTG_FS_IRQHandler
                0x00000000080018b0                SPI3_IRQHandler
                0x00000000080018b0                DMA1_Stream4_IRQHandler
                0x00000000080018b0                I2C1_ER_IRQHandler
                0x00000000080018b0                FMC_IRQHandler
                0x00000000080018b0                DMA2_Stream6_IRQHandler
                0x00000000080018b0                SAI1_IRQHandler
                0x00000000080018b0                DMA1_Stream3_IRQHandler
 .text.Object3d_InitBox
                0x00000000080018b2       0xb8 Drivers/3Dbox/3Dbox.o
                0x00000000080018b2                Object3d_InitBox
 .text.Object3d_SetBoxVertexes
                0x000000000800196a      0x330 Drivers/3Dbox/3Dbox.o
                0x000000000800196a                Object3d_SetBoxVertexes
 .text.Object3d_SetBoxEdges
                0x0000000008001c9a      0x130 Drivers/3Dbox/3Dbox.o
                0x0000000008001c9a                Object3d_SetBoxEdges
 .text.Object3d_SetVertex
                0x0000000008001dca       0x32 Drivers/3Dbox/3Dbox.o
                0x0000000008001dca                Object3d_SetVertex
 .text.Object3d_SetEdge
                0x0000000008001dfc       0x24 Drivers/3Dbox/3Dbox.o
                0x0000000008001dfc                Object3d_SetEdge
 .text.Object3d_DrawObject
                0x0000000008001e20       0x3a Drivers/3Dbox/3Dbox.o
                0x0000000008001e20                Object3d_DrawObject
 .text.Object3d_CleanObject
                0x0000000008001e5a       0x34 Drivers/3Dbox/3Dbox.o
                0x0000000008001e5a                Object3d_CleanObject
 .text.Object3d_SetEdgesColor
                0x0000000008001e8e       0x3a Drivers/3Dbox/3Dbox.o
                0x0000000008001e8e                Object3d_SetEdgesColor
 .text.Object3d_SetEdgeColor
                0x0000000008001ec8       0x32 Drivers/3Dbox/3Dbox.o
                0x0000000008001ec8                Object3d_SetEdgeColor
 .text.Object3d_DrawEdge
                0x0000000008001efa       0xa4 Drivers/3Dbox/3Dbox.o
                0x0000000008001efa                Object3d_DrawEdge
 .text.Object3d_CleanEdge
                0x0000000008001f9e       0x8e Drivers/3Dbox/3Dbox.o
                0x0000000008001f9e                Object3d_CleanEdge
 .text.Object3d_GetRealXY
                0x000000000800202c       0x94 Drivers/3Dbox/3Dbox.o
                0x000000000800202c                Object3d_GetRealXY
 .text.Object3d_SetRotation
                0x00000000080020c0       0x3e Drivers/3Dbox/3Dbox.o
                0x00000000080020c0                Object3d_SetRotation
 .text.Object3d_CalculateObject
                0x00000000080020fe       0x64 Drivers/3Dbox/3Dbox.o
                0x00000000080020fe                Object3d_CalculateObject
 .text.Object3d_CalculateVertex
                0x0000000008002162      0x2cc Drivers/3Dbox/3Dbox.o
                0x0000000008002162                Object3d_CalculateVertex
 *fill*         0x000000000800242e        0x2 
 .text.HAL_Init
                0x0000000008002430       0x44 Drivers/STM32F4xx_HAL_Driver/Src/stm32f4xx_hal.o
                0x0000000008002430                HAL_Init
 .text.HAL_IncTick
                0x0000000008002474       0x28 Drivers/STM32F4xx_HAL_Driver/Src/stm32f4xx_hal.o
                0x0000000008002474                HAL_IncTick
 .text.HAL_GetTick
                0x000000000800249c       0x18 Drivers/STM32F4xx_HAL_Driver/Src/stm32f4xx_hal.o
                0x000000000800249c                HAL_GetTick
 .text.HAL_Delay
                0x00000000080024b4       0x44 Drivers/STM32F4xx_HAL_Driver/Src/stm32f4xx_hal.o
                0x00000000080024b4                HAL_Delay
 .text.__NVIC_SetPriorityGrouping
                0x00000000080024f8       0x48 Drivers/STM32F4xx_HAL_Driver/Src/stm32f4xx_hal_cortex.o
 .text.__NVIC_GetPriorityGrouping
                0x0000000008002540       0x1c Drivers/STM32F4xx_HAL_Driver/Src/stm32f4xx_hal_cortex.o
 .text.__NVIC_EnableIRQ
                0x000000000800255c       0x3c Drivers/STM32F4xx_HAL_Driver/Src/stm32f4xx_hal_cortex.o
 .text.__NVIC_SetPriority
                0x0000000008002598       0x54 Drivers/STM32F4xx_HAL_Driver/Src/stm32f4xx_hal_cortex.o
 .text.NVIC_EncodePriority
                0x00000000080025ec       0x66 Drivers/STM32F4xx_HAL_Driver/Src/stm32f4xx_hal_cortex.o
 .text.HAL_NVIC_SetPriorityGrouping
                0x0000000008002652       0x16 Drivers/STM32F4xx_HAL_Driver/Src/stm32f4xx_hal_cortex.o
                0x0000000008002652                HAL_NVIC_SetPriorityGrouping
 .text.HAL_NVIC_SetPriority
                0x0000000008002668       0x38 Drivers/STM32F4xx_HAL_Driver/Src/stm32f4xx_hal_cortex.o
                0x0000000008002668                HAL_NVIC_SetPriority
 .text.HAL_NVIC_EnableIRQ
                0x00000000080026a0       0x1c Drivers/STM32F4xx_HAL_Driver/Src/stm32f4xx_hal_cortex.o
                0x00000000080026a0                HAL_NVIC_EnableIRQ
 .text.HAL_GPIO_Init
                0x00000000080026bc      0x324 Drivers/STM32F4xx_HAL_Driver/Src/stm32f4xx_hal_gpio.o
                0x00000000080026bc                HAL_GPIO_Init
 .text.HAL_GPIO_WritePin
                0x00000000080029e0       0x32 Drivers/STM32F4xx_HAL_Driver/Src/stm32f4xx_hal_gpio.o
                0x00000000080029e0                HAL_GPIO_WritePin
 *fill*         0x0000000008002a12        0x2 
 .text.HAL_I2C_Init
                0x0000000008002a14      0x270 Drivers/STM32F4xx_HAL_Driver/Src/stm32f4xx_hal_i2c.o
                0x0000000008002a14                HAL_I2C_Init
 .text.HAL_I2C_Mem_Write
                0x0000000008002c84      0x1f4 Drivers/STM32F4xx_HAL_Driver/Src/stm32f4xx_hal_i2c.o
                0x0000000008002c84                HAL_I2C_Mem_Write
 .text.HAL_I2C_Mem_Read
                0x0000000008002e78      0x44c Drivers/STM32F4xx_HAL_Driver/Src/stm32f4xx_hal_i2c.o
                0x0000000008002e78                HAL_I2C_Mem_Read
 .text.I2C_RequestMemoryWrite
                0x00000000080032c4      0x128 Drivers/STM32F4xx_HAL_Driver/Src/stm32f4xx_hal_i2c.o
 .text.I2C_RequestMemoryRead
                0x00000000080033ec      0x1cc Drivers/STM32F4xx_HAL_Driver/Src/stm32f4xx_hal_i2c.o
 .text.I2C_WaitOnFlagUntilTimeout
                0x00000000080035b8       0xae Drivers/STM32F4xx_HAL_Driver/Src/stm32f4xx_hal_i2c.o
 .text.I2C_WaitOnMasterAddressFlagUntilTimeout
                0x0000000008003666       0xfe Drivers/STM32F4xx_HAL_Driver/Src/stm32f4xx_hal_i2c.o
 .text.I2C_WaitOnTXEFlagUntilTimeout
                0x0000000008003764       0x82 Drivers/STM32F4xx_HAL_Driver/Src/stm32f4xx_hal_i2c.o
 .text.I2C_WaitOnBTFFlagUntilTimeout
                0x00000000080037e6       0x82 Drivers/STM32F4xx_HAL_Driver/Src/stm32f4xx_hal_i2c.o
 .text.I2C_WaitOnRXNEFlagUntilTimeout
                0x0000000008003868       0xac Drivers/STM32F4xx_HAL_Driver/Src/stm32f4xx_hal_i2c.o
 .text.I2C_IsAcknowledgeFailed
                0x0000000008003914       0x5e Drivers/STM32F4xx_HAL_Driver/Src/stm32f4xx_hal_i2c.o
 *fill*         0x0000000008003972        0x2 
 .text.HAL_PWREx_EnableOverDrive
                0x0000000008003974       0xa0 Drivers/STM32F4xx_HAL_Driver/Src/stm32f4xx_hal_pwr_ex.o
                0x0000000008003974                HAL_PWREx_EnableOverDrive
 .text.HAL_RCC_ClockConfig
                0x0000000008003a14      0x1cc Drivers/STM32F4xx_HAL_Driver/Src/stm32f4xx_hal_rcc.o
                0x0000000008003a14                HAL_RCC_ClockConfig
 .text.HAL_RCC_GetHCLKFreq
                0x0000000008003be0       0x18 Drivers/STM32F4xx_HAL_Driver/Src/stm32f4xx_hal_rcc.o
                0x0000000008003be0                HAL_RCC_GetHCLKFreq
 .text.HAL_RCC_GetPCLK1Freq
                0x0000000008003bf8       0x28 Drivers/STM32F4xx_HAL_Driver/Src/stm32f4xx_hal_rcc.o
                0x0000000008003bf8                HAL_RCC_GetPCLK1Freq
 .text.HAL_RCC_GetClockConfig
                0x0000000008003c20       0x64 Drivers/STM32F4xx_HAL_Driver/Src/stm32f4xx_hal_rcc.o
                0x0000000008003c20                HAL_RCC_GetClockConfig
 .text.HAL_RCC_GetSysClockFreq
                0x0000000008003c84      0x340 Drivers/STM32F4xx_HAL_Driver/Src/stm32f4xx_hal_rcc_ex.o
                0x0000000008003c84                HAL_RCC_GetSysClockFreq
 .text.HAL_RCC_OscConfig
                0x0000000008003fc4      0x4b4 Drivers/STM32F4xx_HAL_Driver/Src/stm32f4xx_hal_rcc_ex.o
                0x0000000008003fc4                HAL_RCC_OscConfig
 .text.HAL_TIM_Base_Init
                0x0000000008004478       0x56 Drivers/STM32F4xx_HAL_Driver/Src/stm32f4xx_hal_tim.o
                0x0000000008004478                HAL_TIM_Base_Init
 .text.HAL_TIM_Base_MspInit
                0x00000000080044ce       0x14 Drivers/STM32F4xx_HAL_Driver/Src/stm32f4xx_hal_tim.o
                0x00000000080044ce                HAL_TIM_Base_MspInit
 .text.HAL_TIM_Base_Start_IT
                0x00000000080044e2       0x48 Drivers/STM32F4xx_HAL_Driver/Src/stm32f4xx_hal_tim.o
                0x00000000080044e2                HAL_TIM_Base_Start_IT
 .text.HAL_TIM_IRQHandler
                0x000000000800452a      0x210 Drivers/STM32F4xx_HAL_Driver/Src/stm32f4xx_hal_tim.o
                0x000000000800452a                HAL_TIM_IRQHandler
 .text.HAL_TIM_OC_DelayElapsedCallback
                0x000000000800473a       0x14 Drivers/STM32F4xx_HAL_Driver/Src/stm32f4xx_hal_tim.o
                0x000000000800473a                HAL_TIM_OC_DelayElapsedCallback
 .text.HAL_TIM_IC_CaptureCallback
                0x000000000800474e       0x14 Drivers/STM32F4xx_HAL_Driver/Src/stm32f4xx_hal_tim.o
                0x000000000800474e                HAL_TIM_IC_CaptureCallback
 .text.HAL_TIM_PWM_PulseFinishedCallback
                0x0000000008004762       0x14 Drivers/STM32F4xx_HAL_Driver/Src/stm32f4xx_hal_tim.o
                0x0000000008004762                HAL_TIM_PWM_PulseFinishedCallback
 .text.HAL_TIM_TriggerCallback
                0x0000000008004776       0x14 Drivers/STM32F4xx_HAL_Driver/Src/stm32f4xx_hal_tim.o
                0x0000000008004776                HAL_TIM_TriggerCallback
 *fill*         0x000000000800478a        0x2 
 .text.TIM_Base_SetConfig
                0x000000000800478c      0x140 Drivers/STM32F4xx_HAL_Driver/Src/stm32f4xx_hal_tim.o
                0x000000000800478c                TIM_Base_SetConfig
 .text.HAL_TIMEx_CommutCallback
                0x00000000080048cc       0x14 Drivers/STM32F4xx_HAL_Driver/Src/stm32f4xx_hal_tim_ex.o
                0x00000000080048cc                HAL_TIMEx_CommutCallback
 .text.HAL_TIMEx_BreakCallback
                0x00000000080048e0       0x14 Drivers/STM32F4xx_HAL_Driver/Src/stm32f4xx_hal_tim_ex.o
                0x00000000080048e0                HAL_TIMEx_BreakCallback
 .text.delay    0x00000000080048f4       0x24 Drivers/display/lcd.o
                0x00000000080048f4                delay
 .text.GPIO_Init
                0x0000000008004918      0x130 Drivers/display/lcd.o
                0x0000000008004918                GPIO_Init
 .text.LCD_Write8
                0x0000000008004a48       0xb0 Drivers/display/lcd.o
                0x0000000008004a48                LCD_Write8
 .text.LCD_Write16Register8
                0x0000000008004af8       0x4c Drivers/display/lcd.o
                0x0000000008004af8                LCD_Write16Register8
 .text.LCD_Write16Register16
                0x0000000008004b44       0x5c Drivers/display/lcd.o
                0x0000000008004b44                LCD_Write16Register16
 .text.LCD_Init
                0x0000000008004ba0      0x120 Drivers/display/lcd.o
                0x0000000008004ba0                LCD_Init
 .text.LCD_DrawPixel
                0x0000000008004cc0       0xd8 Drivers/display/lcd.o
                0x0000000008004cc0                LCD_DrawPixel
 .text.LCD_Flood
                0x0000000008004d98       0xf4 Drivers/display/lcd.o
                0x0000000008004d98                LCD_Flood
 .text.LCD_FillScreen
                0x0000000008004e8c       0x84 Drivers/display/lcd.o
                0x0000000008004e8c                LCD_FillScreen
 .text.LCD_Reset
                0x0000000008004f10       0x94 Drivers/display/lcd.o
                0x0000000008004f10                LCD_Reset
 .text.LCD_SetAddrWindow
                0x0000000008004fa4      0x124 Drivers/display/lcd.o
                0x0000000008004fa4                LCD_SetAddrWindow
 .text.LCD_SetRotation
                0x00000000080050c8       0xc4 Drivers/display/lcd.o
                0x00000000080050c8                LCD_SetRotation
 .text.LCD_DrawLine
                0x000000000800518c      0x142 Drivers/display/lcd.o
                0x000000000800518c                LCD_DrawLine
 *fill*         0x00000000080052ce        0x2 
 .text.LCD_SetTextSize
                0x00000000080052d0       0x34 Drivers/display/lcd.o
                0x00000000080052d0                LCD_SetTextSize
 .text.LCD_SetTextColor
                0x0000000008005304       0x30 Drivers/display/lcd.o
                0x0000000008005304                LCD_SetTextColor
 .text.LCD_Color565_to_R
                0x0000000008005334       0x22 Drivers/display/lcd.o
                0x0000000008005334                LCD_Color565_to_R
 .text.LCD_Color565_to_G
                0x0000000008005356       0x22 Drivers/display/lcd.o
                0x0000000008005356                LCD_Color565_to_G
 .text.LCD_Color565_to_B
                0x0000000008005378       0x1c Drivers/display/lcd.o
                0x0000000008005378                LCD_Color565_to_B
 .text.set_int_enable
                0x0000000008005394       0xb4 Drivers/mpu/eMPL/inv_mpu.o
 .text.mpu_init
                0x0000000008005448      0x188 Drivers/mpu/eMPL/inv_mpu.o
                0x0000000008005448                mpu_init
 .text.mpu_lp_accel_mode
                0x00000000080055d0      0x13c Drivers/mpu/eMPL/inv_mpu.o
                0x00000000080055d0                mpu_lp_accel_mode
 .text.mpu_reset_fifo
                0x000000000800570c      0x208 Drivers/mpu/eMPL/inv_mpu.o
                0x000000000800570c                mpu_reset_fifo
 .text.mpu_set_gyro_fsr
                0x0000000008005914       0xa4 Drivers/mpu/eMPL/inv_mpu.o
                0x0000000008005914                mpu_set_gyro_fsr
 .text.mpu_get_accel_fsr
                0x00000000080059b8       0x74 Drivers/mpu/eMPL/inv_mpu.o
                0x00000000080059b8                mpu_get_accel_fsr
 .text.mpu_set_accel_fsr
                0x0000000008005a2c       0xd0 Drivers/mpu/eMPL/inv_mpu.o
                0x0000000008005a2c                mpu_set_accel_fsr
 .text.mpu_set_lpf
                0x0000000008005afc       0x9c Drivers/mpu/eMPL/inv_mpu.o
                0x0000000008005afc                mpu_set_lpf
 .text.mpu_set_sample_rate
                0x0000000008005b98       0xdc Drivers/mpu/eMPL/inv_mpu.o
                0x0000000008005b98                mpu_set_sample_rate
 .text.mpu_set_compass_sample_rate
                0x0000000008005c74       0x80 Drivers/mpu/eMPL/inv_mpu.o
                0x0000000008005c74                mpu_set_compass_sample_rate
 .text.mpu_get_gyro_sens
                0x0000000008005cf4       0x70 Drivers/mpu/eMPL/inv_mpu.o
                0x0000000008005cf4                mpu_get_gyro_sens
 .text.mpu_get_accel_sens
                0x0000000008005d64       0x7c Drivers/mpu/eMPL/inv_mpu.o
                0x0000000008005d64                mpu_get_accel_sens
 .text.mpu_configure_fifo
                0x0000000008005de0       0xa4 Drivers/mpu/eMPL/inv_mpu.o
                0x0000000008005de0                mpu_configure_fifo
 .text.mpu_set_sensors
                0x0000000008005e84      0x1bc Drivers/mpu/eMPL/inv_mpu.o
                0x0000000008005e84                mpu_set_sensors
 .text.mpu_get_int_status
                0x0000000008006040       0x58 Drivers/mpu/eMPL/inv_mpu.o
                0x0000000008006040                mpu_get_int_status
 .text.mpu_read_fifo_stream
                0x0000000008006098       0xfc Drivers/mpu/eMPL/inv_mpu.o
                0x0000000008006098                mpu_read_fifo_stream
 .text.mpu_set_bypass
                0x0000000008006194      0x18c Drivers/mpu/eMPL/inv_mpu.o
                0x0000000008006194                mpu_set_bypass
 .text.mpu_set_int_latched
                0x0000000008006320       0x88 Drivers/mpu/eMPL/inv_mpu.o
                0x0000000008006320                mpu_set_int_latched
 .text.mpu_write_mem
                0x00000000080063a8       0xa4 Drivers/mpu/eMPL/inv_mpu.o
                0x00000000080063a8                mpu_write_mem
 .text.mpu_read_mem
                0x000000000800644c       0xa4 Drivers/mpu/eMPL/inv_mpu.o
                0x000000000800644c                mpu_read_mem
 .text.mpu_load_firmware
                0x00000000080064f0       0xfc Drivers/mpu/eMPL/inv_mpu.o
                0x00000000080064f0                mpu_load_firmware
 .text.mpu_set_dmp_state
                0x00000000080065ec       0xa8 Drivers/mpu/eMPL/inv_mpu.o
                0x00000000080065ec                mpu_set_dmp_state
 .text.setup_compass
                0x0000000008006694      0x27c Drivers/mpu/eMPL/inv_mpu.o
 .text.get_ms   0x0000000008006910       0x1a Drivers/mpu/eMPL/inv_mpu_dmp_motion_driver.o
 *fill*         0x000000000800692a        0x2 
 .text.dmp_load_motion_driver_firmware
                0x000000000800692c       0x20 Drivers/mpu/eMPL/inv_mpu_dmp_motion_driver.o
                0x000000000800692c                dmp_load_motion_driver_firmware
 .text.dmp_set_orientation
                0x000000000800694c      0x1e4 Drivers/mpu/eMPL/inv_mpu_dmp_motion_driver.o
                0x000000000800694c                dmp_set_orientation
 .text.dmp_set_fifo_rate
                0x0000000008006b30       0x90 Drivers/mpu/eMPL/inv_mpu_dmp_motion_driver.o
                0x0000000008006b30                dmp_set_fifo_rate
 .text.dmp_set_tap_thresh
                0x0000000008006bc0      0x26c Drivers/mpu/eMPL/inv_mpu_dmp_motion_driver.o
                0x0000000008006bc0                dmp_set_tap_thresh
 .text.dmp_set_tap_axes
                0x0000000008006e2c       0x64 Drivers/mpu/eMPL/inv_mpu_dmp_motion_driver.o
                0x0000000008006e2c                dmp_set_tap_axes
 .text.dmp_set_tap_count
                0x0000000008006e90       0x42 Drivers/mpu/eMPL/inv_mpu_dmp_motion_driver.o
                0x0000000008006e90                dmp_set_tap_count
 *fill*         0x0000000008006ed2        0x2 
 .text.dmp_set_tap_time
                0x0000000008006ed4       0x44 Drivers/mpu/eMPL/inv_mpu_dmp_motion_driver.o
                0x0000000008006ed4                dmp_set_tap_time
 .text.dmp_set_tap_time_multi
                0x0000000008006f18       0x44 Drivers/mpu/eMPL/inv_mpu_dmp_motion_driver.o
                0x0000000008006f18                dmp_set_tap_time_multi
 .text.dmp_set_shake_reject_thresh
                0x0000000008006f5c       0x60 Drivers/mpu/eMPL/inv_mpu_dmp_motion_driver.o
                0x0000000008006f5c                dmp_set_shake_reject_thresh
 .text.dmp_set_shake_reject_time
                0x0000000008006fbc       0x44 Drivers/mpu/eMPL/inv_mpu_dmp_motion_driver.o
                0x0000000008006fbc                dmp_set_shake_reject_time
 .text.dmp_set_shake_reject_timeout
                0x0000000008007000       0x44 Drivers/mpu/eMPL/inv_mpu_dmp_motion_driver.o
                0x0000000008007000                dmp_set_shake_reject_timeout
 .text.dmp_enable_feature
                0x0000000008007044      0x250 Drivers/mpu/eMPL/inv_mpu_dmp_motion_driver.o
                0x0000000008007044                dmp_enable_feature
 .text.dmp_enable_gyro_cal
                0x0000000008007294       0x60 Drivers/mpu/eMPL/inv_mpu_dmp_motion_driver.o
                0x0000000008007294                dmp_enable_gyro_cal
 .text.dmp_enable_lp_quat
                0x00000000080072f4       0x4e Drivers/mpu/eMPL/inv_mpu_dmp_motion_driver.o
                0x00000000080072f4                dmp_enable_lp_quat
 .text.dmp_enable_6x_lp_quat
                0x0000000008007342       0x4e Drivers/mpu/eMPL/inv_mpu_dmp_motion_driver.o
                0x0000000008007342                dmp_enable_6x_lp_quat
 .text.decode_gesture
                0x0000000008007390       0x88 Drivers/mpu/eMPL/inv_mpu_dmp_motion_driver.o
 .text.dmp_read_fifo
                0x0000000008007418      0x2f0 Drivers/mpu/eMPL/inv_mpu_dmp_motion_driver.o
                0x0000000008007418                dmp_read_fifo
 .text.inv_row_2_scale
                0x0000000008007708       0x82 Drivers/mpu/ml_math_func.o
 .text.inv_orientation_matrix_to_scalar
                0x000000000800778a       0x50 Drivers/mpu/ml_math_func.o
                0x000000000800778a                inv_orientation_matrix_to_scalar
 *fill*         0x00000000080077da        0x2 
 .text.mpu_i2c_init
                0x00000000080077dc       0x20 Drivers/mpu/mpu_drv.o
                0x00000000080077dc                mpu_i2c_init
 .text.mpu_i2c_write
                0x00000000080077fc       0x48 Drivers/mpu/mpu_drv.o
                0x00000000080077fc                mpu_i2c_write
 .text.mpu_i2c_read
                0x0000000008007844       0x48 Drivers/mpu/mpu_drv.o
                0x0000000008007844                mpu_i2c_read
 .text.makeFreeRtosPriority
                0x000000000800788c       0x30 Middlewares/Third_Party/FreeRTOS/Source/CMSIS_RTOS/cmsis_os.o
 .text.inHandlerMode
                0x00000000080078bc       0x24 Middlewares/Third_Party/FreeRTOS/Source/CMSIS_RTOS/cmsis_os.o
 .text.osKernelStart
                0x00000000080078e0        0xe Middlewares/Third_Party/FreeRTOS/Source/CMSIS_RTOS/cmsis_os.o
                0x00000000080078e0                osKernelStart
 .text.osThreadCreate
                0x00000000080078ee       0x98 Middlewares/Third_Party/FreeRTOS/Source/CMSIS_RTOS/cmsis_os.o
                0x00000000080078ee                osThreadCreate
 .text.osThreadTerminate
                0x0000000008007986       0x18 Middlewares/Third_Party/FreeRTOS/Source/CMSIS_RTOS/cmsis_os.o
                0x0000000008007986                osThreadTerminate
 .text.osDelay  0x000000000800799e       0x28 Middlewares/Third_Party/FreeRTOS/Source/CMSIS_RTOS/cmsis_os.o
                0x000000000800799e                osDelay
 .text.osPoolCreate
                0x00000000080079c6       0xba Middlewares/Third_Party/FreeRTOS/Source/CMSIS_RTOS/cmsis_os.o
                0x00000000080079c6                osPoolCreate
 .text.osPoolAlloc
                0x0000000008007a80       0xc4 Middlewares/Third_Party/FreeRTOS/Source/CMSIS_RTOS/cmsis_os.o
                0x0000000008007a80                osPoolAlloc
 .text.osPoolFree
                0x0000000008007b44       0x82 Middlewares/Third_Party/FreeRTOS/Source/CMSIS_RTOS/cmsis_os.o
                0x0000000008007b44                osPoolFree
 .text.osMailCreate
                0x0000000008007bc6       0xb0 Middlewares/Third_Party/FreeRTOS/Source/CMSIS_RTOS/cmsis_os.o
                0x0000000008007bc6                osMailCreate
 .text.osMailAlloc
                0x0000000008007c76       0x2a Middlewares/Third_Party/FreeRTOS/Source/CMSIS_RTOS/cmsis_os.o
                0x0000000008007c76                osMailAlloc
 .text.osMailPut
                0x0000000008007ca0       0x7c Middlewares/Third_Party/FreeRTOS/Source/CMSIS_RTOS/cmsis_os.o
                0x0000000008007ca0                osMailPut
 .text.osMailGet
                0x0000000008007d1c       0xe8 Middlewares/Third_Party/FreeRTOS/Source/CMSIS_RTOS/cmsis_os.o
                0x0000000008007d1c                osMailGet
 .text.osMailFree
                0x0000000008007e04       0x2a Middlewares/Third_Party/FreeRTOS/Source/CMSIS_RTOS/cmsis_os.o
                0x0000000008007e04                osMailFree
 .text.vListInitialise
                0x0000000008007e2e       0x40 Middlewares/Third_Party/FreeRTOS/Source/list.o
                0x0000000008007e2e                vListInitialise
 .text.vListInitialiseItem
                0x0000000008007e6e       0x1a Middlewares/Third_Party/FreeRTOS/Source/list.o
                0x0000000008007e6e                vListInitialiseItem
 .text.vListInsertEnd
                0x0000000008007e88       0x48 Middlewares/Third_Party/FreeRTOS/Source/list.o
                0x0000000008007e88                vListInsertEnd
 .text.vListInsert
                0x0000000008007ed0       0x72 Middlewares/Third_Party/FreeRTOS/Source/list.o
                0x0000000008007ed0                vListInsert
 .text.uxListRemove
                0x0000000008007f42       0x54 Middlewares/Third_Party/FreeRTOS/Source/list.o
                0x0000000008007f42                uxListRemove
 *fill*         0x0000000008007f96        0x2 
 .text.xQueueGenericReset
                0x0000000008007f98       0xd0 Middlewares/Third_Party/FreeRTOS/Source/queue.o
                0x0000000008007f98                xQueueGenericReset
 .text.xQueueGenericCreate
                0x0000000008008068       0x7a Middlewares/Third_Party/FreeRTOS/Source/queue.o
                0x0000000008008068                xQueueGenericCreate
 .text.prvInitialiseNewQueue
                0x00000000080080e2       0x3e Middlewares/Third_Party/FreeRTOS/Source/queue.o
 .text.xQueueGenericSend
                0x0000000008008120      0x1f4 Middlewares/Third_Party/FreeRTOS/Source/queue.o
                0x0000000008008120                xQueueGenericSend
 .text.xQueueGenericSendFromISR
                0x0000000008008314      0x128 Middlewares/Third_Party/FreeRTOS/Source/queue.o
                0x0000000008008314                xQueueGenericSendFromISR
 .text.xQueueReceive
                0x000000000800843c      0x1b8 Middlewares/Third_Party/FreeRTOS/Source/queue.o
                0x000000000800843c                xQueueReceive
 .text.xQueueReceiveFromISR
                0x00000000080085f4       0xfa Middlewares/Third_Party/FreeRTOS/Source/queue.o
                0x00000000080085f4                xQueueReceiveFromISR
 .text.prvCopyDataToQueue
                0x00000000080086ee       0xd4 Middlewares/Third_Party/FreeRTOS/Source/queue.o
 .text.prvCopyDataFromQueue
                0x00000000080087c2       0x4c Middlewares/Third_Party/FreeRTOS/Source/queue.o
 .text.prvUnlockQueue
                0x000000000800880e       0xa4 Middlewares/Third_Party/FreeRTOS/Source/queue.o
 .text.prvIsQueueEmpty
                0x00000000080088b2       0x2c Middlewares/Third_Party/FreeRTOS/Source/queue.o
 .text.prvIsQueueFull
                0x00000000080088de       0x30 Middlewares/Third_Party/FreeRTOS/Source/queue.o
 .text.xTaskCreateStatic
                0x000000000800890e       0xb2 Middlewares/Third_Party/FreeRTOS/Source/tasks.o
                0x000000000800890e                xTaskCreateStatic
 .text.xTaskCreate
                0x00000000080089c0       0x8a Middlewares/Third_Party/FreeRTOS/Source/tasks.o
                0x00000000080089c0                xTaskCreate
 .text.prvInitialiseNewTask
                0x0000000008008a4a       0xfc Middlewares/Third_Party/FreeRTOS/Source/tasks.o
 *fill*         0x0000000008008b46        0x2 
 .text.prvAddNewTaskToReadyList
                0x0000000008008b48       0xd4 Middlewares/Third_Party/FreeRTOS/Source/tasks.o
 .text.vTaskDelete
                0x0000000008008c1c      0x11c Middlewares/Third_Party/FreeRTOS/Source/tasks.o
                0x0000000008008c1c                vTaskDelete
 .text.vTaskDelay
                0x0000000008008d38       0x68 Middlewares/Third_Party/FreeRTOS/Source/tasks.o
                0x0000000008008d38                vTaskDelay
 .text.vTaskStartScheduler
                0x0000000008008da0       0xbc Middlewares/Third_Party/FreeRTOS/Source/tasks.o
                0x0000000008008da0                vTaskStartScheduler
 .text.vTaskSuspendAll
                0x0000000008008e5c       0x1c Middlewares/Third_Party/FreeRTOS/Source/tasks.o
                0x0000000008008e5c                vTaskSuspendAll
 .text.xTaskResumeAll
                0x0000000008008e78      0x138 Middlewares/Third_Party/FreeRTOS/Source/tasks.o
                0x0000000008008e78                xTaskResumeAll
 .text.xTaskIncrementTick
                0x0000000008008fb0      0x178 Middlewares/Third_Party/FreeRTOS/Source/tasks.o
                0x0000000008008fb0                xTaskIncrementTick
 .text.vTaskSwitchContext
                0x0000000008009128       0xb4 Middlewares/Third_Party/FreeRTOS/Source/tasks.o
                0x0000000008009128                vTaskSwitchContext
 .text.vTaskPlaceOnEventList
                0x00000000080091dc       0x48 Middlewares/Third_Party/FreeRTOS/Source/tasks.o
                0x00000000080091dc                vTaskPlaceOnEventList
 .text.xTaskRemoveFromEventList
                0x0000000008009224       0xc4 Middlewares/Third_Party/FreeRTOS/Source/tasks.o
                0x0000000008009224                xTaskRemoveFromEventList
 .text.vTaskInternalSetTimeOutState
                0x00000000080092e8       0x2c Middlewares/Third_Party/FreeRTOS/Source/tasks.o
                0x00000000080092e8                vTaskInternalSetTimeOutState
 .text.xTaskCheckForTimeOut
                0x0000000008009314       0xc0 Middlewares/Third_Party/FreeRTOS/Source/tasks.o
                0x0000000008009314                xTaskCheckForTimeOut
 .text.vTaskMissedYield
                0x00000000080093d4       0x18 Middlewares/Third_Party/FreeRTOS/Source/tasks.o
                0x00000000080093d4                vTaskMissedYield
 .text.prvIdleTask
                0x00000000080093ec       0x30 Middlewares/Third_Party/FreeRTOS/Source/tasks.o
 .text.prvInitialiseTaskLists
                0x000000000800941c       0x80 Middlewares/Third_Party/FreeRTOS/Source/tasks.o
 .text.prvCheckTasksWaitingTermination
                0x000000000800949c       0x58 Middlewares/Third_Party/FreeRTOS/Source/tasks.o
 .text.prvDeleteTCB
                0x00000000080094f4       0x5c Middlewares/Third_Party/FreeRTOS/Source/tasks.o
 .text.prvResetNextTaskUnblockTime
                0x0000000008009550       0x4c Middlewares/Third_Party/FreeRTOS/Source/tasks.o
 .text.xTaskGetSchedulerState
                0x000000000800959c       0x3c Middlewares/Third_Party/FreeRTOS/Source/tasks.o
                0x000000000800959c                xTaskGetSchedulerState
 .text.xTaskPriorityDisinherit
                0x00000000080095d8      0x108 Middlewares/Third_Party/FreeRTOS/Source/tasks.o
                0x00000000080095d8                xTaskPriorityDisinherit
 .text.prvAddCurrentTaskToDelayedList
                0x00000000080096e0       0xcc Middlewares/Third_Party/FreeRTOS/Source/tasks.o
 .text.pxPortInitialiseStack
                0x00000000080097ac       0x68 Middlewares/Third_Party/FreeRTOS/Source/portable/GCC/ARM_CM4F/port.o
                0x00000000080097ac                pxPortInitialiseStack
 .text.prvTaskExitError
                0x0000000008009814       0x54 Middlewares/Third_Party/FreeRTOS/Source/portable/GCC/ARM_CM4F/port.o
 *fill*         0x0000000008009868        0x8 
 .text.SVC_Handler
                0x0000000008009870       0x28 Middlewares/Third_Party/FreeRTOS/Source/portable/GCC/ARM_CM4F/port.o
                0x0000000008009870                SVC_Handler
 .text.prvPortStartFirstTask
                0x0000000008009898       0x28 Middlewares/Third_Party/FreeRTOS/Source/portable/GCC/ARM_CM4F/port.o
 .text.xPortStartScheduler
                0x00000000080098c0      0x13c Middlewares/Third_Party/FreeRTOS/Source/portable/GCC/ARM_CM4F/port.o
                0x00000000080098c0                xPortStartScheduler
 .text.vPortEnterCritical
                0x00000000080099fc       0x5c Middlewares/Third_Party/FreeRTOS/Source/portable/GCC/ARM_CM4F/port.o
                0x00000000080099fc                vPortEnterCritical
 .text.vPortExitCritical
                0x0000000008009a58       0x50 Middlewares/Third_Party/FreeRTOS/Source/portable/GCC/ARM_CM4F/port.o
                0x0000000008009a58                vPortExitCritical
 *fill*         0x0000000008009aa8        0x8 
 .text.PendSV_Handler
                0x0000000008009ab0       0x68 Middlewares/Third_Party/FreeRTOS/Source/portable/GCC/ARM_CM4F/port.o
                0x0000000008009ab0                PendSV_Handler
 .text.SysTick_Handler
                0x0000000008009b18       0x40 Middlewares/Third_Party/FreeRTOS/Source/portable/GCC/ARM_CM4F/port.o
                0x0000000008009b18                SysTick_Handler
 .text.vPortSetupTimerInterrupt
                0x0000000008009b58       0x48 Middlewares/Third_Party/FreeRTOS/Source/portable/GCC/ARM_CM4F/port.o
                0x0000000008009b58                vPortSetupTimerInterrupt
 .text.vPortEnableVFP
                0x0000000008009ba0       0x14 Middlewares/Third_Party/FreeRTOS/Source/portable/GCC/ARM_CM4F/port.o
 .text.vPortValidateInterruptPriority
                0x0000000008009bb4       0x7c Middlewares/Third_Party/FreeRTOS/Source/portable/GCC/ARM_CM4F/port.o
                0x0000000008009bb4                vPortValidateInterruptPriority
 .text.pvPortMalloc
                0x0000000008009c30      0x18c Middlewares/Third_Party/FreeRTOS/Source/portable/MemMang/heap_4.o
                0x0000000008009c30                pvPortMalloc
 .text.vPortFree
                0x0000000008009dbc       0xb0 Middlewares/Third_Party/FreeRTOS/Source/portable/MemMang/heap_4.o
                0x0000000008009dbc                vPortFree
 .text.prvHeapInit
                0x0000000008009e6c       0xc4 Middlewares/Third_Party/FreeRTOS/Source/portable/MemMang/heap_4.o
 .text.prvInsertBlockIntoFreeList
                0x0000000008009f30       0xb4 Middlewares/Third_Party/FreeRTOS/Source/portable/MemMang/heap_4.o
 .text.__errno  0x0000000008009fe4        0xc c:/st/stm32cubeide_1.1.0/stm32cubeide/plugins/com.st.stm32cube.ide.mcu.externaltools.gnu-tools-for-stm32.7-2018-q2-update.win32_1.0.0.201904181610/tools/bin/../lib/gcc/arm-none-eabi/7.3.1/../../../../arm-none-eabi/lib/thumb/v7e-m/fpv4-sp/hard\libc_nano.a(lib_a-errno.o)
                0x0000000008009fe4                __errno
 .text.__libc_init_array
                0x0000000008009ff0       0x48 c:/st/stm32cubeide_1.1.0/stm32cubeide/plugins/com.st.stm32cube.ide.mcu.externaltools.gnu-tools-for-stm32.7-2018-q2-update.win32_1.0.0.201904181610/tools/bin/../lib/gcc/arm-none-eabi/7.3.1/../../../../arm-none-eabi/lib/thumb/v7e-m/fpv4-sp/hard\libc_nano.a(lib_a-init.o)
                0x0000000008009ff0                __libc_init_array
 .text.memcmp   0x000000000800a038       0x1e c:/st/stm32cubeide_1.1.0/stm32cubeide/plugins/com.st.stm32cube.ide.mcu.externaltools.gnu-tools-for-stm32.7-2018-q2-update.win32_1.0.0.201904181610/tools/bin/../lib/gcc/arm-none-eabi/7.3.1/../../../../arm-none-eabi/lib/thumb/v7e-m/fpv4-sp/hard\libc_nano.a(lib_a-memcmp.o)
                0x000000000800a038                memcmp
 .text.memcpy   0x000000000800a056       0x16 c:/st/stm32cubeide_1.1.0/stm32cubeide/plugins/com.st.stm32cube.ide.mcu.externaltools.gnu-tools-for-stm32.7-2018-q2-update.win32_1.0.0.201904181610/tools/bin/../lib/gcc/arm-none-eabi/7.3.1/../../../../arm-none-eabi/lib/thumb/v7e-m/fpv4-sp/hard\libc_nano.a(lib_a-memcpy-stub.o)
                0x000000000800a056                memcpy
 .text.memset   0x000000000800a06c       0x10 c:/st/stm32cubeide_1.1.0/stm32cubeide/plugins/com.st.stm32cube.ide.mcu.externaltools.gnu-tools-for-stm32.7-2018-q2-update.win32_1.0.0.201904181610/tools/bin/../lib/gcc/arm-none-eabi/7.3.1/../../../../arm-none-eabi/lib/thumb/v7e-m/fpv4-sp/hard\libc_nano.a(lib_a-memset.o)
                0x000000000800a06c                memset
 .text.cosf     0x000000000800a07c       0x80 c:/st/stm32cubeide_1.1.0/stm32cubeide/plugins/com.st.stm32cube.ide.mcu.externaltools.gnu-tools-for-stm32.7-2018-q2-update.win32_1.0.0.201904181610/tools/bin/../lib/gcc/arm-none-eabi/7.3.1/../../../../arm-none-eabi/lib/thumb/v7e-m/fpv4-sp/hard\libm.a(lib_a-sf_cos.o)
                0x000000000800a07c                cosf
 .text.sinf     0x000000000800a0fc       0x84 c:/st/stm32cubeide_1.1.0/stm32cubeide/plugins/com.st.stm32cube.ide.mcu.externaltools.gnu-tools-for-stm32.7-2018-q2-update.win32_1.0.0.201904181610/tools/bin/../lib/gcc/arm-none-eabi/7.3.1/../../../../arm-none-eabi/lib/thumb/v7e-m/fpv4-sp/hard\libm.a(lib_a-sf_sin.o)
                0x000000000800a0fc                sinf
 .text.sqrt     0x000000000800a180       0xb4 c:/st/stm32cubeide_1.1.0/stm32cubeide/plugins/com.st.stm32cube.ide.mcu.externaltools.gnu-tools-for-stm32.7-2018-q2-update.win32_1.0.0.201904181610/tools/bin/../lib/gcc/arm-none-eabi/7.3.1/../../../../arm-none-eabi/lib/thumb/v7e-m/fpv4-sp/hard\libm.a(lib_a-w_sqrt.o)
                0x000000000800a180                sqrt
 .text.asinf    0x000000000800a234       0xb0 c:/st/stm32cubeide_1.1.0/stm32cubeide/plugins/com.st.stm32cube.ide.mcu.externaltools.gnu-tools-for-stm32.7-2018-q2-update.win32_1.0.0.201904181610/tools/bin/../lib/gcc/arm-none-eabi/7.3.1/../../../../arm-none-eabi/lib/thumb/v7e-m/fpv4-sp/hard\libm.a(lib_a-wf_asin.o)
                0x000000000800a234                asinf
 .text.atan2f   0x000000000800a2e4        0x4 c:/st/stm32cubeide_1.1.0/stm32cubeide/plugins/com.st.stm32cube.ide.mcu.externaltools.gnu-tools-for-stm32.7-2018-q2-update.win32_1.0.0.201904181610/tools/bin/../lib/gcc/arm-none-eabi/7.3.1/../../../../arm-none-eabi/lib/thumb/v7e-m/fpv4-sp/hard\libm.a(lib_a-wf_atan2.o)
                0x000000000800a2e4                atan2f
 .text.__ieee754_sqrt
                0x000000000800a2e8      0x160 c:/st/stm32cubeide_1.1.0/stm32cubeide/plugins/com.st.stm32cube.ide.mcu.externaltools.gnu-tools-for-stm32.7-2018-q2-update.win32_1.0.0.201904181610/tools/bin/../lib/gcc/arm-none-eabi/7.3.1/../../../../arm-none-eabi/lib/thumb/v7e-m/fpv4-sp/hard\libm.a(lib_a-e_sqrt.o)
                0x000000000800a2e8                __ieee754_sqrt
 .text.__ieee754_asinf
                0x000000000800a448      0x1d0 c:/st/stm32cubeide_1.1.0/stm32cubeide/plugins/com.st.stm32cube.ide.mcu.externaltools.gnu-tools-for-stm32.7-2018-q2-update.win32_1.0.0.201904181610/tools/bin/../lib/gcc/arm-none-eabi/7.3.1/../../../../arm-none-eabi/lib/thumb/v7e-m/fpv4-sp/hard\libm.a(lib_a-ef_asin.o)
                0x000000000800a448                __ieee754_asinf
 .text.__ieee754_atan2f
                0x000000000800a618      0x15c c:/st/stm32cubeide_1.1.0/stm32cubeide/plugins/com.st.stm32cube.ide.mcu.externaltools.gnu-tools-for-stm32.7-2018-q2-update.win32_1.0.0.201904181610/tools/bin/../lib/gcc/arm-none-eabi/7.3.1/../../../../arm-none-eabi/lib/thumb/v7e-m/fpv4-sp/hard\libm.a(lib_a-ef_atan2.o)
                0x000000000800a618                __ieee754_atan2f
 .text.__ieee754_rem_pio2f
                0x000000000800a774      0x258 c:/st/stm32cubeide_1.1.0/stm32cubeide/plugins/com.st.stm32cube.ide.mcu.externaltools.gnu-tools-for-stm32.7-2018-q2-update.win32_1.0.0.201904181610/tools/bin/../lib/gcc/arm-none-eabi/7.3.1/../../../../arm-none-eabi/lib/thumb/v7e-m/fpv4-sp/hard\libm.a(lib_a-ef_rem_pio2.o)
                0x000000000800a774                __ieee754_rem_pio2f
 .text.__ieee754_sqrtf
                0x000000000800a9cc        0x6 c:/st/stm32cubeide_1.1.0/stm32cubeide/plugins/com.st.stm32cube.ide.mcu.externaltools.gnu-tools-for-stm32.7-2018-q2-update.win32_1.0.0.201904181610/tools/bin/../lib/gcc/arm-none-eabi/7.3.1/../../../../arm-none-eabi/lib/thumb/v7e-m/fpv4-sp/hard\libm.a(lib_a-ef_sqrt.o)
                0x000000000800a9cc                __ieee754_sqrtf
 *fill*         0x000000000800a9d2        0x2 
 .text.__kernel_cosf
                0x000000000800a9d4       0xbc c:/st/stm32cubeide_1.1.0/stm32cubeide/plugins/com.st.stm32cube.ide.mcu.externaltools.gnu-tools-for-stm32.7-2018-q2-update.win32_1.0.0.201904181610/tools/bin/../lib/gcc/arm-none-eabi/7.3.1/../../../../arm-none-eabi/lib/thumb/v7e-m/fpv4-sp/hard\libm.a(lib_a-kf_cos.o)
                0x000000000800a9d4                __kernel_cosf
 .text.__kernel_rem_pio2f
                0x000000000800aa90      0x504 c:/st/stm32cubeide_1.1.0/stm32cubeide/plugins/com.st.stm32cube.ide.mcu.externaltools.gnu-tools-for-stm32.7-2018-q2-update.win32_1.0.0.201904181610/tools/bin/../lib/gcc/arm-none-eabi/7.3.1/../../../../arm-none-eabi/lib/thumb/v7e-m/fpv4-sp/hard\libm.a(lib_a-kf_rem_pio2.o)
                0x000000000800aa90                __kernel_rem_pio2f
 .text.__kernel_sinf
                0x000000000800af94       0x90 c:/st/stm32cubeide_1.1.0/stm32cubeide/plugins/com.st.stm32cube.ide.mcu.externaltools.gnu-tools-for-stm32.7-2018-q2-update.win32_1.0.0.201904181610/tools/bin/../lib/gcc/arm-none-eabi/7.3.1/../../../../arm-none-eabi/lib/thumb/v7e-m/fpv4-sp/hard\libm.a(lib_a-kf_sin.o)
                0x000000000800af94                __kernel_sinf
 .text.matherr  0x000000000800b024        0x4 c:/st/stm32cubeide_1.1.0/stm32cubeide/plugins/com.st.stm32cube.ide.mcu.externaltools.gnu-tools-for-stm32.7-2018-q2-update.win32_1.0.0.201904181610/tools/bin/../lib/gcc/arm-none-eabi/7.3.1/../../../../arm-none-eabi/lib/thumb/v7e-m/fpv4-sp/hard\libm.a(lib_a-s_matherr.o)
                0x000000000800b024                matherr
 .text.nan      0x000000000800b028       0x10 c:/st/stm32cubeide_1.1.0/stm32cubeide/plugins/com.st.stm32cube.ide.mcu.externaltools.gnu-tools-for-stm32.7-2018-q2-update.win32_1.0.0.201904181610/tools/bin/../lib/gcc/arm-none-eabi/7.3.1/../../../../arm-none-eabi/lib/thumb/v7e-m/fpv4-sp/hard\libm.a(lib_a-s_nan.o)
                0x000000000800b028                nan
 .text.atanf    0x000000000800b038      0x1a8 c:/st/stm32cubeide_1.1.0/stm32cubeide/plugins/com.st.stm32cube.ide.mcu.externaltools.gnu-tools-for-stm32.7-2018-q2-update.win32_1.0.0.201904181610/tools/bin/../lib/gcc/arm-none-eabi/7.3.1/../../../../arm-none-eabi/lib/thumb/v7e-m/fpv4-sp/hard\libm.a(lib_a-sf_atan.o)
                0x000000000800b038                atanf
 .text.fabsf    0x000000000800b1e0        0xe c:/st/stm32cubeide_1.1.0/stm32cubeide/plugins/com.st.stm32cube.ide.mcu.externaltools.gnu-tools-for-stm32.7-2018-q2-update.win32_1.0.0.201904181610/tools/bin/../lib/gcc/arm-none-eabi/7.3.1/../../../../arm-none-eabi/lib/thumb/v7e-m/fpv4-sp/hard\libm.a(lib_a-sf_fabs.o)
                0x000000000800b1e0                fabsf
 *fill*         0x000000000800b1ee        0x2 
 .text.floorf   0x000000000800b1f0       0x84 c:/st/stm32cubeide_1.1.0/stm32cubeide/plugins/com.st.stm32cube.ide.mcu.externaltools.gnu-tools-for-stm32.7-2018-q2-update.win32_1.0.0.201904181610/tools/bin/../lib/gcc/arm-none-eabi/7.3.1/../../../../arm-none-eabi/lib/thumb/v7e-m/fpv4-sp/hard\libm.a(lib_a-sf_floor.o)
                0x000000000800b1f0                floorf
 .text.scalbnf  0x000000000800b274       0xc0 c:/st/stm32cubeide_1.1.0/stm32cubeide/plugins/com.st.stm32cube.ide.mcu.externaltools.gnu-tools-for-stm32.7-2018-q2-update.win32_1.0.0.201904181610/tools/bin/../lib/gcc/arm-none-eabi/7.3.1/../../../../arm-none-eabi/lib/thumb/v7e-m/fpv4-sp/hard\libm.a(lib_a-sf_scalbn.o)
                0x000000000800b274                scalbnf
 .text.copysignf
                0x000000000800b334       0x18 c:/st/stm32cubeide_1.1.0/stm32cubeide/plugins/com.st.stm32cube.ide.mcu.externaltools.gnu-tools-for-stm32.7-2018-q2-update.win32_1.0.0.201904181610/tools/bin/../lib/gcc/arm-none-eabi/7.3.1/../../../../arm-none-eabi/lib/thumb/v7e-m/fpv4-sp/hard\libm.a(lib_a-sf_copysign.o)
                0x000000000800b334                copysignf
 *(.glue_7)
 .glue_7        0x000000000800b34c        0x0 linker stubs
 *(.glue_7t)
 .glue_7t       0x000000000800b34c        0x0 linker stubs
 *(.eh_frame)
 .eh_frame      0x000000000800b34c        0x0 c:/st/stm32cubeide_1.1.0/stm32cubeide/plugins/com.st.stm32cube.ide.mcu.externaltools.gnu-tools-for-stm32.7-2018-q2-update.win32_1.0.0.201904181610/tools/bin/../lib/gcc/arm-none-eabi/7.3.1/thumb/v7e-m/fpv4-sp/hard/crtbegin.o
 *(.init)
 .init          0x000000000800b34c        0x4 c:/st/stm32cubeide_1.1.0/stm32cubeide/plugins/com.st.stm32cube.ide.mcu.externaltools.gnu-tools-for-stm32.7-2018-q2-update.win32_1.0.0.201904181610/tools/bin/../lib/gcc/arm-none-eabi/7.3.1/thumb/v7e-m/fpv4-sp/hard/crti.o
                0x000000000800b34c                _init
 .init          0x000000000800b350        0x8 c:/st/stm32cubeide_1.1.0/stm32cubeide/plugins/com.st.stm32cube.ide.mcu.externaltools.gnu-tools-for-stm32.7-2018-q2-update.win32_1.0.0.201904181610/tools/bin/../lib/gcc/arm-none-eabi/7.3.1/thumb/v7e-m/fpv4-sp/hard/crtn.o
 *(.fini)
 .fini          0x000000000800b358        0x4 c:/st/stm32cubeide_1.1.0/stm32cubeide/plugins/com.st.stm32cube.ide.mcu.externaltools.gnu-tools-for-stm32.7-2018-q2-update.win32_1.0.0.201904181610/tools/bin/../lib/gcc/arm-none-eabi/7.3.1/thumb/v7e-m/fpv4-sp/hard/crti.o
                0x000000000800b358                _fini
 .fini          0x000000000800b35c        0x8 c:/st/stm32cubeide_1.1.0/stm32cubeide/plugins/com.st.stm32cube.ide.mcu.externaltools.gnu-tools-for-stm32.7-2018-q2-update.win32_1.0.0.201904181610/tools/bin/../lib/gcc/arm-none-eabi/7.3.1/thumb/v7e-m/fpv4-sp/hard/crtn.o
                0x000000000800b364                . = ALIGN (0x4)
                0x000000000800b364                _etext = .

.vfp11_veneer   0x000000000800b364        0x0
 .vfp11_veneer  0x000000000800b364        0x0 linker stubs

.v4_bx          0x000000000800b364        0x0
 .v4_bx         0x000000000800b364        0x0 linker stubs

.iplt           0x000000000800b364        0x0
 .iplt          0x000000000800b364        0x0 c:/st/stm32cubeide_1.1.0/stm32cubeide/plugins/com.st.stm32cube.ide.mcu.externaltools.gnu-tools-for-stm32.7-2018-q2-update.win32_1.0.0.201904181610/tools/bin/../lib/gcc/arm-none-eabi/7.3.1/thumb/v7e-m/fpv4-sp/hard/crtbegin.o

.rodata         0x000000000800b364     0x1220
                0x000000000800b364                . = ALIGN (0x4)
 *(.rodata)
 .rodata        0x000000000800b364       0x85 Core/Src/freertos.o
 *fill*         0x000000000800b3e9        0x3 
 .rodata        0x000000000800b3ec       0x4b Drivers/mpu/eMPL/inv_mpu_dmp_motion_driver.o
 *fill*         0x000000000800b437        0x1 
 .rodata        0x000000000800b438        0x5 Middlewares/Third_Party/FreeRTOS/Source/tasks.o
 *(.rodata*)
 *fill*         0x000000000800b43d        0x3 
 .rodata.AHBPrescTable
                0x000000000800b440       0x10 Core/Src/system_stm32f4xx.o
                0x000000000800b440                AHBPrescTable
 .rodata.APBPrescTable
                0x000000000800b450        0x8 Core/Src/system_stm32f4xx.o
                0x000000000800b450                APBPrescTable
 .rodata.ILI932x_regValues
                0x000000000800b458       0xcc Drivers/display/lcd.o
 .rodata.reg    0x000000000800b524       0x2a Drivers/mpu/eMPL/inv_mpu.o
                0x000000000800b524                reg
 *fill*         0x000000000800b54e        0x2 
 .rodata.hw     0x000000000800b550        0xe Drivers/mpu/eMPL/inv_mpu.o
                0x000000000800b550                hw
 *fill*         0x000000000800b55e        0x2 
 .rodata.test   0x000000000800b560       0x30 Drivers/mpu/eMPL/inv_mpu.o
                0x000000000800b560                test
 .rodata.dmp_memory
                0x000000000800b590      0xbf6 Drivers/mpu/eMPL/inv_mpu_dmp_motion_driver.o
 .rodata.sqrt.str1.1
                0x000000000800c186        0x5 c:/st/stm32cubeide_1.1.0/stm32cubeide/plugins/com.st.stm32cube.ide.mcu.externaltools.gnu-tools-for-stm32.7-2018-q2-update.win32_1.0.0.201904181610/tools/bin/../lib/gcc/arm-none-eabi/7.3.1/../../../../arm-none-eabi/lib/thumb/v7e-m/fpv4-sp/hard\libm.a(lib_a-w_sqrt.o)
 .rodata.asinf.str1.1
                0x000000000800c18b        0x6 c:/st/stm32cubeide_1.1.0/stm32cubeide/plugins/com.st.stm32cube.ide.mcu.externaltools.gnu-tools-for-stm32.7-2018-q2-update.win32_1.0.0.201904181610/tools/bin/../lib/gcc/arm-none-eabi/7.3.1/../../../../arm-none-eabi/lib/thumb/v7e-m/fpv4-sp/hard\libm.a(lib_a-wf_asin.o)
                                          0x7 (size before relaxing)
 *fill*         0x000000000800c191        0x3 
 .rodata.npio2_hw
                0x000000000800c194       0x80 c:/st/stm32cubeide_1.1.0/stm32cubeide/plugins/com.st.stm32cube.ide.mcu.externaltools.gnu-tools-for-stm32.7-2018-q2-update.win32_1.0.0.201904181610/tools/bin/../lib/gcc/arm-none-eabi/7.3.1/../../../../arm-none-eabi/lib/thumb/v7e-m/fpv4-sp/hard\libm.a(lib_a-ef_rem_pio2.o)
 .rodata.two_over_pi
                0x000000000800c214      0x318 c:/st/stm32cubeide_1.1.0/stm32cubeide/plugins/com.st.stm32cube.ide.mcu.externaltools.gnu-tools-for-stm32.7-2018-q2-update.win32_1.0.0.201904181610/tools/bin/../lib/gcc/arm-none-eabi/7.3.1/../../../../arm-none-eabi/lib/thumb/v7e-m/fpv4-sp/hard\libm.a(lib_a-ef_rem_pio2.o)
 .rodata.PIo2   0x000000000800c52c       0x2c c:/st/stm32cubeide_1.1.0/stm32cubeide/plugins/com.st.stm32cube.ide.mcu.externaltools.gnu-tools-for-stm32.7-2018-q2-update.win32_1.0.0.201904181610/tools/bin/../lib/gcc/arm-none-eabi/7.3.1/../../../../arm-none-eabi/lib/thumb/v7e-m/fpv4-sp/hard\libm.a(lib_a-kf_rem_pio2.o)
 .rodata.init_jk
                0x000000000800c558        0xc c:/st/stm32cubeide_1.1.0/stm32cubeide/plugins/com.st.stm32cube.ide.mcu.externaltools.gnu-tools-for-stm32.7-2018-q2-update.win32_1.0.0.201904181610/tools/bin/../lib/gcc/arm-none-eabi/7.3.1/../../../../arm-none-eabi/lib/thumb/v7e-m/fpv4-sp/hard\libm.a(lib_a-kf_rem_pio2.o)
 .rodata.atanhi
                0x000000000800c564       0x10 c:/st/stm32cubeide_1.1.0/stm32cubeide/plugins/com.st.stm32cube.ide.mcu.externaltools.gnu-tools-for-stm32.7-2018-q2-update.win32_1.0.0.201904181610/tools/bin/../lib/gcc/arm-none-eabi/7.3.1/../../../../arm-none-eabi/lib/thumb/v7e-m/fpv4-sp/hard\libm.a(lib_a-sf_atan.o)
 .rodata.atanlo
                0x000000000800c574       0x10 c:/st/stm32cubeide_1.1.0/stm32cubeide/plugins/com.st.stm32cube.ide.mcu.externaltools.gnu-tools-for-stm32.7-2018-q2-update.win32_1.0.0.201904181610/tools/bin/../lib/gcc/arm-none-eabi/7.3.1/../../../../arm-none-eabi/lib/thumb/v7e-m/fpv4-sp/hard\libm.a(lib_a-sf_atan.o)
                0x000000000800c584                . = ALIGN (0x4)

.ARM.extab      0x000000000800c584        0x0
                0x000000000800c584                . = ALIGN (0x4)
 *(.ARM.extab* .gnu.linkonce.armextab.*)
                0x000000000800c584                . = ALIGN (0x4)

.ARM            0x000000000800c584        0x8
                0x000000000800c584                . = ALIGN (0x4)
                0x000000000800c584                __exidx_start = .
 *(.ARM.exidx*)
 .ARM.exidx     0x000000000800c584        0x8 c:/st/stm32cubeide_1.1.0/stm32cubeide/plugins/com.st.stm32cube.ide.mcu.externaltools.gnu-tools-for-stm32.7-2018-q2-update.win32_1.0.0.201904181610/tools/bin/../lib/gcc/arm-none-eabi/7.3.1/thumb/v7e-m/fpv4-sp/hard\libgcc.a(_udivmoddi4.o)
                0x000000000800c58c                __exidx_end = .
                0x000000000800c58c                . = ALIGN (0x4)

.rel.dyn        0x000000000800c58c        0x0
 .rel.iplt      0x000000000800c58c        0x0 c:/st/stm32cubeide_1.1.0/stm32cubeide/plugins/com.st.stm32cube.ide.mcu.externaltools.gnu-tools-for-stm32.7-2018-q2-update.win32_1.0.0.201904181610/tools/bin/../lib/gcc/arm-none-eabi/7.3.1/thumb/v7e-m/fpv4-sp/hard/crtbegin.o

.preinit_array  0x000000000800c58c        0x0
                0x000000000800c58c                . = ALIGN (0x4)
                0x000000000800c58c                PROVIDE (__preinit_array_start = .)
 *(.preinit_array*)
                0x000000000800c58c                PROVIDE (__preinit_array_end = .)
                0x000000000800c58c                . = ALIGN (0x4)

.init_array     0x000000000800c58c        0x4
                0x000000000800c58c                . = ALIGN (0x4)
                0x000000000800c58c                PROVIDE (__init_array_start = .)
 *(SORT_BY_NAME(.init_array.*))
 *(.init_array*)
 .init_array    0x000000000800c58c        0x4 c:/st/stm32cubeide_1.1.0/stm32cubeide/plugins/com.st.stm32cube.ide.mcu.externaltools.gnu-tools-for-stm32.7-2018-q2-update.win32_1.0.0.201904181610/tools/bin/../lib/gcc/arm-none-eabi/7.3.1/thumb/v7e-m/fpv4-sp/hard/crtbegin.o
                0x000000000800c590                PROVIDE (__init_array_end = .)
                0x000000000800c590                . = ALIGN (0x4)

.fini_array     0x000000000800c590        0x4
                0x000000000800c590                . = ALIGN (0x4)
                [!provide]                        PROVIDE (__fini_array_start = .)
 *(SORT_BY_NAME(.fini_array.*))
 *(.fini_array*)
 .fini_array    0x000000000800c590        0x4 c:/st/stm32cubeide_1.1.0/stm32cubeide/plugins/com.st.stm32cube.ide.mcu.externaltools.gnu-tools-for-stm32.7-2018-q2-update.win32_1.0.0.201904181610/tools/bin/../lib/gcc/arm-none-eabi/7.3.1/thumb/v7e-m/fpv4-sp/hard/crtbegin.o
                [!provide]                        PROVIDE (__fini_array_end = .)
                0x000000000800c594                . = ALIGN (0x4)
                0x000000000800c594                _sidata = LOADADDR (.data)

.data           0x0000000020000000       0xb0 load address 0x000000000800c594
                0x0000000020000000                . = ALIGN (0x4)
                0x0000000020000000                _sdata = .
 *(.data)
 *(.data*)
 .data.SystemCoreClock
                0x0000000020000000        0x4 Core/Src/system_stm32f4xx.o
                0x0000000020000000                SystemCoreClock
 .data.uwTickPrio
                0x0000000020000004        0x4 Drivers/STM32F4xx_HAL_Driver/Src/stm32f4xx_hal.o
                0x0000000020000004                uwTickPrio
 .data.uwTickFreq
                0x0000000020000008        0x1 Drivers/STM32F4xx_HAL_Driver/Src/stm32f4xx_hal.o
                0x0000000020000008                uwTickFreq
 *fill*         0x0000000020000009        0x3 
 .data.st       0x000000002000000c       0x38 Drivers/mpu/eMPL/inv_mpu.o
 .data.uxCriticalNesting
                0x0000000020000044        0x4 Middlewares/Third_Party/FreeRTOS/Source/portable/GCC/ARM_CM4F/port.o
 .data._impure_ptr
                0x0000000020000048        0x4 c:/st/stm32cubeide_1.1.0/stm32cubeide/plugins/com.st.stm32cube.ide.mcu.externaltools.gnu-tools-for-stm32.7-2018-q2-update.win32_1.0.0.201904181610/tools/bin/../lib/gcc/arm-none-eabi/7.3.1/../../../../arm-none-eabi/lib/thumb/v7e-m/fpv4-sp/hard\libc_nano.a(lib_a-impure.o)
                0x0000000020000048                _impure_ptr
 .data.impure_data
                0x000000002000004c       0x60 c:/st/stm32cubeide_1.1.0/stm32cubeide/plugins/com.st.stm32cube.ide.mcu.externaltools.gnu-tools-for-stm32.7-2018-q2-update.win32_1.0.0.201904181610/tools/bin/../lib/gcc/arm-none-eabi/7.3.1/../../../../arm-none-eabi/lib/thumb/v7e-m/fpv4-sp/hard\libc_nano.a(lib_a-impure.o)
 .data.__fdlib_version
                0x00000000200000ac        0x1 c:/st/stm32cubeide_1.1.0/stm32cubeide/plugins/com.st.stm32cube.ide.mcu.externaltools.gnu-tools-for-stm32.7-2018-q2-update.win32_1.0.0.201904181610/tools/bin/../lib/gcc/arm-none-eabi/7.3.1/../../../../arm-none-eabi/lib/thumb/v7e-m/fpv4-sp/hard\libm.a(lib_a-s_lib_ver.o)
                0x00000000200000ac                __fdlib_version
                0x00000000200000b0                . = ALIGN (0x4)
 *fill*         0x00000000200000ad        0x3 
                0x00000000200000b0                _edata = .

.igot.plt       0x00000000200000b0        0x0 load address 0x000000000800c644
 .igot.plt      0x00000000200000b0        0x0 c:/st/stm32cubeide_1.1.0/stm32cubeide/plugins/com.st.stm32cube.ide.mcu.externaltools.gnu-tools-for-stm32.7-2018-q2-update.win32_1.0.0.201904181610/tools/bin/../lib/gcc/arm-none-eabi/7.3.1/thumb/v7e-m/fpv4-sp/hard/crtbegin.o
                0x00000000200000b0                . = ALIGN (0x4)

.bss            0x00000000200000b0     0x408c load address 0x000000000800c644
                0x00000000200000b0                _sbss = .
                0x00000000200000b0                __bss_start__ = _sbss
 *(.bss)
 .bss           0x00000000200000b0       0x1c c:/st/stm32cubeide_1.1.0/stm32cubeide/plugins/com.st.stm32cube.ide.mcu.externaltools.gnu-tools-for-stm32.7-2018-q2-update.win32_1.0.0.201904181610/tools/bin/../lib/gcc/arm-none-eabi/7.3.1/thumb/v7e-m/fpv4-sp/hard/crtbegin.o
 *(.bss*)
 .bss.xIdleTaskTCBBuffer
                0x00000000200000cc       0x54 Core/Src/freertos.o
 .bss.xIdleStack
                0x0000000020000120      0x200 Core/Src/freertos.o
 .bss.m_width   0x0000000020000320        0x2 Drivers/display/lcd.o
 .bss.m_height  0x0000000020000322        0x2 Drivers/display/lcd.o
 .bss.m_cursor_x
                0x0000000020000324        0x2 Drivers/display/lcd.o
 .bss.m_cursor_y
                0x0000000020000326        0x2 Drivers/display/lcd.o
 .bss.m_textcolor
                0x0000000020000328        0x2 Drivers/display/lcd.o
 .bss.m_textbgcolor
                0x000000002000032a        0x2 Drivers/display/lcd.o
 .bss.m_font    0x000000002000032c        0x1 Drivers/display/lcd.o
 .bss.m_rotation
                0x000000002000032d        0x1 Drivers/display/lcd.o
 .bss.m_wrap    0x000000002000032e        0x1 Drivers/display/lcd.o
 *fill*         0x000000002000032f        0x1 
 .bss.dmp       0x0000000020000330       0x10 Drivers/mpu/eMPL/inv_mpu_dmp_motion_driver.o
 .bss.mpu_hi2c  0x0000000020000340        0x4 Drivers/mpu/mpu_drv.o
 .bss.pxCurrentTCB
                0x0000000020000344        0x4 Middlewares/Third_Party/FreeRTOS/Source/tasks.o
                0x0000000020000344                pxCurrentTCB
 .bss.pxReadyTasksLists
                0x0000000020000348       0x8c Middlewares/Third_Party/FreeRTOS/Source/tasks.o
 .bss.xDelayedTaskList1
                0x00000000200003d4       0x14 Middlewares/Third_Party/FreeRTOS/Source/tasks.o
 .bss.xDelayedTaskList2
                0x00000000200003e8       0x14 Middlewares/Third_Party/FreeRTOS/Source/tasks.o
 .bss.pxDelayedTaskList
                0x00000000200003fc        0x4 Middlewares/Third_Party/FreeRTOS/Source/tasks.o
 .bss.pxOverflowDelayedTaskList
                0x0000000020000400        0x4 Middlewares/Third_Party/FreeRTOS/Source/tasks.o
 .bss.xPendingReadyList
                0x0000000020000404       0x14 Middlewares/Third_Party/FreeRTOS/Source/tasks.o
 .bss.xTasksWaitingTermination
                0x0000000020000418       0x14 Middlewares/Third_Party/FreeRTOS/Source/tasks.o
 .bss.uxDeletedTasksWaitingCleanUp
                0x000000002000042c        0x4 Middlewares/Third_Party/FreeRTOS/Source/tasks.o
 .bss.xSuspendedTaskList
                0x0000000020000430       0x14 Middlewares/Third_Party/FreeRTOS/Source/tasks.o
 .bss.uxCurrentNumberOfTasks
                0x0000000020000444        0x4 Middlewares/Third_Party/FreeRTOS/Source/tasks.o
 .bss.xTickCount
                0x0000000020000448        0x4 Middlewares/Third_Party/FreeRTOS/Source/tasks.o
 .bss.uxTopReadyPriority
                0x000000002000044c        0x4 Middlewares/Third_Party/FreeRTOS/Source/tasks.o
 .bss.xSchedulerRunning
                0x0000000020000450        0x4 Middlewares/Third_Party/FreeRTOS/Source/tasks.o
 .bss.uxPendedTicks
                0x0000000020000454        0x4 Middlewares/Third_Party/FreeRTOS/Source/tasks.o
 .bss.xYieldPending
                0x0000000020000458        0x4 Middlewares/Third_Party/FreeRTOS/Source/tasks.o
 .bss.xNumOfOverflows
                0x000000002000045c        0x4 Middlewares/Third_Party/FreeRTOS/Source/tasks.o
 .bss.uxTaskNumber
                0x0000000020000460        0x4 Middlewares/Third_Party/FreeRTOS/Source/tasks.o
 .bss.xNextTaskUnblockTime
                0x0000000020000464        0x4 Middlewares/Third_Party/FreeRTOS/Source/tasks.o
 .bss.xIdleTaskHandle
                0x0000000020000468        0x4 Middlewares/Third_Party/FreeRTOS/Source/tasks.o
 .bss.uxSchedulerSuspended
                0x000000002000046c        0x4 Middlewares/Third_Party/FreeRTOS/Source/tasks.o
 .bss.ucMaxSysCallPriority
                0x0000000020000470        0x1 Middlewares/Third_Party/FreeRTOS/Source/portable/GCC/ARM_CM4F/port.o
 *fill*         0x0000000020000471        0x3 
 .bss.ulMaxPRIGROUPValue
                0x0000000020000474        0x4 Middlewares/Third_Party/FreeRTOS/Source/portable/GCC/ARM_CM4F/port.o
 .bss.ucHeap    0x0000000020000478     0x3c00 Middlewares/Third_Party/FreeRTOS/Source/portable/MemMang/heap_4.o
 .bss.xStart    0x0000000020004078        0x8 Middlewares/Third_Party/FreeRTOS/Source/portable/MemMang/heap_4.o
 .bss.pxEnd     0x0000000020004080        0x4 Middlewares/Third_Party/FreeRTOS/Source/portable/MemMang/heap_4.o
 .bss.xFreeBytesRemaining
                0x0000000020004084        0x4 Middlewares/Third_Party/FreeRTOS/Source/portable/MemMang/heap_4.o
 .bss.xMinimumEverFreeBytesRemaining
                0x0000000020004088        0x4 Middlewares/Third_Party/FreeRTOS/Source/portable/MemMang/heap_4.o
 .bss.xBlockAllocatedBit
                0x000000002000408c        0x4 Middlewares/Third_Party/FreeRTOS/Source/portable/MemMang/heap_4.o
 *(COMMON)
 COMMON         0x0000000020004090       0x14 Core/Src/freertos.o
                0x0000000020004090                thread_lcdHandle
                0x0000000020004094                thread_btHandle
                0x0000000020004098                mail_sensorsHandle
                0x000000002000409c                mail_cmdHandle
                0x00000000200040a0                thread_sensorsHandle
 COMMON         0x00000000200040a4       0x54 Core/Src/i2c.o
                0x00000000200040a4                hi2c1
 COMMON         0x00000000200040f8       0x40 Core/Src/stm32f4xx_hal_timebase_tim.o
                0x00000000200040f8                htim6
 COMMON         0x0000000020004138        0x4 Drivers/STM32F4xx_HAL_Driver/Src/stm32f4xx_hal.o
                0x0000000020004138                uwTick
                0x000000002000413c                . = ALIGN (0x4)
                0x000000002000413c                _ebss = .
                0x000000002000413c                __bss_end__ = _ebss

._user_heap_stack
                0x000000002000413c      0x604 load address 0x000000000800c644
                0x0000000020004140                . = ALIGN (0x8)
 *fill*         0x000000002000413c        0x4 
                0x0000000020004140                PROVIDE (end = .)
                [!provide]                        PROVIDE (_end = .)
                0x0000000020004340                . = (. + _Min_Heap_Size)
 *fill*         0x0000000020004140      0x200 
                0x0000000020004740                . = (. + _Min_Stack_Size)
 *fill*         0x0000000020004340      0x400 
                0x0000000020004740                . = ALIGN (0x8)

/DISCARD/
 libc.a(*)
 libm.a(*)
 libgcc.a(*)

.ARM.attributes
                0x0000000000000000       0x30
 *(.ARM.attributes)
 .ARM.attributes
                0x0000000000000000       0x22 c:/st/stm32cubeide_1.1.0/stm32cubeide/plugins/com.st.stm32cube.ide.mcu.externaltools.gnu-tools-for-stm32.7-2018-q2-update.win32_1.0.0.201904181610/tools/bin/../lib/gcc/arm-none-eabi/7.3.1/thumb/v7e-m/fpv4-sp/hard/crti.o
 .ARM.attributes
                0x0000000000000022       0x34 c:/st/stm32cubeide_1.1.0/stm32cubeide/plugins/com.st.stm32cube.ide.mcu.externaltools.gnu-tools-for-stm32.7-2018-q2-update.win32_1.0.0.201904181610/tools/bin/../lib/gcc/arm-none-eabi/7.3.1/thumb/v7e-m/fpv4-sp/hard/crtbegin.o
 .ARM.attributes
                0x0000000000000056       0x39 Core/Src/freertos.o
 .ARM.attributes
                0x000000000000008f       0x39 Core/Src/gpio.o
 .ARM.attributes
                0x00000000000000c8       0x39 Core/Src/i2c.o
 .ARM.attributes
                0x0000000000000101       0x39 Core/Src/main.o
 .ARM.attributes
                0x000000000000013a       0x39 Core/Src/stm32f4xx_hal_msp.o
 .ARM.attributes
                0x0000000000000173       0x39 Core/Src/stm32f4xx_hal_timebase_tim.o
 .ARM.attributes
                0x00000000000001ac       0x39 Core/Src/stm32f4xx_it.o
 .ARM.attributes
                0x00000000000001e5       0x39 Core/Src/system_stm32f4xx.o
 .ARM.attributes
                0x000000000000021e       0x21 Core/Startup/startup_stm32f446retx.o
 .ARM.attributes
                0x000000000000023f       0x39 Drivers/3Dbox/3Dbox.o
 .ARM.attributes
                0x0000000000000278       0x39 Drivers/STM32F4xx_HAL_Driver/Src/stm32f4xx_hal.o
 .ARM.attributes
                0x00000000000002b1       0x39 Drivers/STM32F4xx_HAL_Driver/Src/stm32f4xx_hal_cortex.o
 .ARM.attributes
                0x00000000000002ea       0x39 Drivers/STM32F4xx_HAL_Driver/Src/stm32f4xx_hal_gpio.o
 .ARM.attributes
                0x0000000000000323       0x39 Drivers/STM32F4xx_HAL_Driver/Src/stm32f4xx_hal_i2c.o
 .ARM.attributes
                0x000000000000035c       0x39 Drivers/STM32F4xx_HAL_Driver/Src/stm32f4xx_hal_pwr_ex.o
 .ARM.attributes
                0x0000000000000395       0x39 Drivers/STM32F4xx_HAL_Driver/Src/stm32f4xx_hal_rcc.o
 .ARM.attributes
                0x00000000000003ce       0x39 Drivers/STM32F4xx_HAL_Driver/Src/stm32f4xx_hal_rcc_ex.o
 .ARM.attributes
                0x0000000000000407       0x39 Drivers/STM32F4xx_HAL_Driver/Src/stm32f4xx_hal_tim.o
 .ARM.attributes
                0x0000000000000440       0x39 Drivers/STM32F4xx_HAL_Driver/Src/stm32f4xx_hal_tim_ex.o
 .ARM.attributes
                0x0000000000000479       0x39 Drivers/display/lcd.o
 .ARM.attributes
                0x00000000000004b2       0x39 Drivers/mpu/eMPL/inv_mpu.o
 .ARM.attributes
                0x00000000000004eb       0x39 Drivers/mpu/eMPL/inv_mpu_dmp_motion_driver.o
 .ARM.attributes
                0x0000000000000524       0x39 Drivers/mpu/ml_math_func.o
 .ARM.attributes
                0x000000000000055d       0x39 Drivers/mpu/mpu_drv.o
 .ARM.attributes
                0x0000000000000596       0x39 Middlewares/Third_Party/FreeRTOS/Source/CMSIS_RTOS/cmsis_os.o
 .ARM.attributes
                0x00000000000005cf       0x39 Middlewares/Third_Party/FreeRTOS/Source/list.o
 .ARM.attributes
                0x0000000000000608       0x39 Middlewares/Third_Party/FreeRTOS/Source/queue.o
 .ARM.attributes
                0x0000000000000641       0x39 Middlewares/Third_Party/FreeRTOS/Source/tasks.o
 .ARM.attributes
                0x000000000000067a       0x39 Middlewares/Third_Party/FreeRTOS/Source/portable/GCC/ARM_CM4F/port.o
 .ARM.attributes
                0x00000000000006b3       0x39 Middlewares/Third_Party/FreeRTOS/Source/portable/MemMang/heap_4.o
 .ARM.attributes
                0x00000000000006ec       0x34 c:/st/stm32cubeide_1.1.0/stm32cubeide/plugins/com.st.stm32cube.ide.mcu.externaltools.gnu-tools-for-stm32.7-2018-q2-update.win32_1.0.0.201904181610/tools/bin/../lib/gcc/arm-none-eabi/7.3.1/../../../../arm-none-eabi/lib/thumb/v7e-m/fpv4-sp/hard\libc_nano.a(lib_a-errno.o)
 .ARM.attributes
                0x0000000000000720       0x34 c:/st/stm32cubeide_1.1.0/stm32cubeide/plugins/com.st.stm32cube.ide.mcu.externaltools.gnu-tools-for-stm32.7-2018-q2-update.win32_1.0.0.201904181610/tools/bin/../lib/gcc/arm-none-eabi/7.3.1/../../../../arm-none-eabi/lib/thumb/v7e-m/fpv4-sp/hard\libc_nano.a(lib_a-impure.o)
 .ARM.attributes
                0x0000000000000754       0x34 c:/st/stm32cubeide_1.1.0/stm32cubeide/plugins/com.st.stm32cube.ide.mcu.externaltools.gnu-tools-for-stm32.7-2018-q2-update.win32_1.0.0.201904181610/tools/bin/../lib/gcc/arm-none-eabi/7.3.1/../../../../arm-none-eabi/lib/thumb/v7e-m/fpv4-sp/hard\libc_nano.a(lib_a-init.o)
 .ARM.attributes
                0x0000000000000788       0x34 c:/st/stm32cubeide_1.1.0/stm32cubeide/plugins/com.st.stm32cube.ide.mcu.externaltools.gnu-tools-for-stm32.7-2018-q2-update.win32_1.0.0.201904181610/tools/bin/../lib/gcc/arm-none-eabi/7.3.1/../../../../arm-none-eabi/lib/thumb/v7e-m/fpv4-sp/hard\libc_nano.a(lib_a-memcmp.o)
 .ARM.attributes
                0x00000000000007bc       0x34 c:/st/stm32cubeide_1.1.0/stm32cubeide/plugins/com.st.stm32cube.ide.mcu.externaltools.gnu-tools-for-stm32.7-2018-q2-update.win32_1.0.0.201904181610/tools/bin/../lib/gcc/arm-none-eabi/7.3.1/../../../../arm-none-eabi/lib/thumb/v7e-m/fpv4-sp/hard\libc_nano.a(lib_a-memcpy-stub.o)
 .ARM.attributes
                0x00000000000007f0       0x34 c:/st/stm32cubeide_1.1.0/stm32cubeide/plugins/com.st.stm32cube.ide.mcu.externaltools.gnu-tools-for-stm32.7-2018-q2-update.win32_1.0.0.201904181610/tools/bin/../lib/gcc/arm-none-eabi/7.3.1/../../../../arm-none-eabi/lib/thumb/v7e-m/fpv4-sp/hard\libc_nano.a(lib_a-memset.o)
 .ARM.attributes
                0x0000000000000824       0x34 c:/st/stm32cubeide_1.1.0/stm32cubeide/plugins/com.st.stm32cube.ide.mcu.externaltools.gnu-tools-for-stm32.7-2018-q2-update.win32_1.0.0.201904181610/tools/bin/../lib/gcc/arm-none-eabi/7.3.1/../../../../arm-none-eabi/lib/thumb/v7e-m/fpv4-sp/hard\libm.a(lib_a-sf_cos.o)
 .ARM.attributes
                0x0000000000000858       0x34 c:/st/stm32cubeide_1.1.0/stm32cubeide/plugins/com.st.stm32cube.ide.mcu.externaltools.gnu-tools-for-stm32.7-2018-q2-update.win32_1.0.0.201904181610/tools/bin/../lib/gcc/arm-none-eabi/7.3.1/../../../../arm-none-eabi/lib/thumb/v7e-m/fpv4-sp/hard\libm.a(lib_a-sf_sin.o)
 .ARM.attributes
                0x000000000000088c       0x34 c:/st/stm32cubeide_1.1.0/stm32cubeide/plugins/com.st.stm32cube.ide.mcu.externaltools.gnu-tools-for-stm32.7-2018-q2-update.win32_1.0.0.201904181610/tools/bin/../lib/gcc/arm-none-eabi/7.3.1/../../../../arm-none-eabi/lib/thumb/v7e-m/fpv4-sp/hard\libm.a(lib_a-w_sqrt.o)
 .ARM.attributes
                0x00000000000008c0       0x34 c:/st/stm32cubeide_1.1.0/stm32cubeide/plugins/com.st.stm32cube.ide.mcu.externaltools.gnu-tools-for-stm32.7-2018-q2-update.win32_1.0.0.201904181610/tools/bin/../lib/gcc/arm-none-eabi/7.3.1/../../../../arm-none-eabi/lib/thumb/v7e-m/fpv4-sp/hard\libm.a(lib_a-wf_asin.o)
 .ARM.attributes
                0x00000000000008f4       0x34 c:/st/stm32cubeide_1.1.0/stm32cubeide/plugins/com.st.stm32cube.ide.mcu.externaltools.gnu-tools-for-stm32.7-2018-q2-update.win32_1.0.0.201904181610/tools/bin/../lib/gcc/arm-none-eabi/7.3.1/../../../../arm-none-eabi/lib/thumb/v7e-m/fpv4-sp/hard\libm.a(lib_a-wf_atan2.o)
 .ARM.attributes
                0x0000000000000928       0x34 c:/st/stm32cubeide_1.1.0/stm32cubeide/plugins/com.st.stm32cube.ide.mcu.externaltools.gnu-tools-for-stm32.7-2018-q2-update.win32_1.0.0.201904181610/tools/bin/../lib/gcc/arm-none-eabi/7.3.1/../../../../arm-none-eabi/lib/thumb/v7e-m/fpv4-sp/hard\libm.a(lib_a-e_sqrt.o)
 .ARM.attributes
                0x000000000000095c       0x34 c:/st/stm32cubeide_1.1.0/stm32cubeide/plugins/com.st.stm32cube.ide.mcu.externaltools.gnu-tools-for-stm32.7-2018-q2-update.win32_1.0.0.201904181610/tools/bin/../lib/gcc/arm-none-eabi/7.3.1/../../../../arm-none-eabi/lib/thumb/v7e-m/fpv4-sp/hard\libm.a(lib_a-ef_asin.o)
 .ARM.attributes
                0x0000000000000990       0x34 c:/st/stm32cubeide_1.1.0/stm32cubeide/plugins/com.st.stm32cube.ide.mcu.externaltools.gnu-tools-for-stm32.7-2018-q2-update.win32_1.0.0.201904181610/tools/bin/../lib/gcc/arm-none-eabi/7.3.1/../../../../arm-none-eabi/lib/thumb/v7e-m/fpv4-sp/hard\libm.a(lib_a-ef_atan2.o)
 .ARM.attributes
                0x00000000000009c4       0x34 c:/st/stm32cubeide_1.1.0/stm32cubeide/plugins/com.st.stm32cube.ide.mcu.externaltools.gnu-tools-for-stm32.7-2018-q2-update.win32_1.0.0.201904181610/tools/bin/../lib/gcc/arm-none-eabi/7.3.1/../../../../arm-none-eabi/lib/thumb/v7e-m/fpv4-sp/hard\libm.a(lib_a-ef_rem_pio2.o)
 .ARM.attributes
                0x00000000000009f8       0x34 c:/st/stm32cubeide_1.1.0/stm32cubeide/plugins/com.st.stm32cube.ide.mcu.externaltools.gnu-tools-for-stm32.7-2018-q2-update.win32_1.0.0.201904181610/tools/bin/../lib/gcc/arm-none-eabi/7.3.1/../../../../arm-none-eabi/lib/thumb/v7e-m/fpv4-sp/hard\libm.a(lib_a-ef_sqrt.o)
 .ARM.attributes
                0x0000000000000a2c       0x34 c:/st/stm32cubeide_1.1.0/stm32cubeide/plugins/com.st.stm32cube.ide.mcu.externaltools.gnu-tools-for-stm32.7-2018-q2-update.win32_1.0.0.201904181610/tools/bin/../lib/gcc/arm-none-eabi/7.3.1/../../../../arm-none-eabi/lib/thumb/v7e-m/fpv4-sp/hard\libm.a(lib_a-kf_cos.o)
 .ARM.attributes
                0x0000000000000a60       0x34 c:/st/stm32cubeide_1.1.0/stm32cubeide/plugins/com.st.stm32cube.ide.mcu.externaltools.gnu-tools-for-stm32.7-2018-q2-update.win32_1.0.0.201904181610/tools/bin/../lib/gcc/arm-none-eabi/7.3.1/../../../../arm-none-eabi/lib/thumb/v7e-m/fpv4-sp/hard\libm.a(lib_a-kf_rem_pio2.o)
 .ARM.attributes
                0x0000000000000a94       0x34 c:/st/stm32cubeide_1.1.0/stm32cubeide/plugins/com.st.stm32cube.ide.mcu.externaltools.gnu-tools-for-stm32.7-2018-q2-update.win32_1.0.0.201904181610/tools/bin/../lib/gcc/arm-none-eabi/7.3.1/../../../../arm-none-eabi/lib/thumb/v7e-m/fpv4-sp/hard\libm.a(lib_a-kf_sin.o)
 .ARM.attributes