ml_math_func.h:48:21:inv_q30_to_float	16	static
ml_math_func.h:52:22:inv_q30_to_double	24	static
ml_math_func.c:77:7:inv_sinf	24	static
ml_math_func.c:82:7:inv_cosf	24	static
ml_math_func.c:97:7:inv_compass_angle	112	static
ml_math_func.c:127:15:inv_get_gyro_sum_of_sqr	32	static
ml_math_func.c:147:6:inv_q29_mult	40	static
ml_math_func.c:168:6:inv_q30_mult	40	static
ml_math_func.c:183:6:inv_q30_div	48	static
ml_math_func.c:201:6:inv_q_shift_mult	40	static
ml_math_func.c:216:6:inv_q_mult	32	static
ml_math_func.c:238:6:inv_q_add	24	static
ml_math_func.c:245:6:inv_vector_normalize	40	static
ml_math_func.c:265:6:inv_q_normalize	16	static
ml_math_func.c:269:6:inv_q_invert	16	static
ml_math_func.c:276:8:quaternion_to_rotation_angle	32	static
ml_math_func.c:289:6:inv_q_rotate	88	static
ml_math_func.c:302:6:inv_q_multf	24	static
ml_math_func.c:313:6:inv_q_addf	24	static
ml_math_func.c:320:6:inv_q_normalizef	24	static
ml_math_func.c:346:6:inv_q_norm4	24	static
ml_math_func.c:362:6:inv_q_invertf	16	static
ml_math_func.c:378:6:inv_quaternion_to_rotation	24	static
ml_math_func.c:415:6:inv_quaternion_to_rotation_vector	16	static
ml_math_func.c:428:16:inv_int32_to_big8	16	static
ml_math_func.c:437:6:inv_big8_to_int32	24	static
ml_math_func.c:444:7:inv_big8_to_int16	24	static
ml_math_func.c:451:7:inv_little8_to_int16	24	static
ml_math_func.c:458:16:inv_int16_to_big8	16	static
ml_math_func.c:464:6:inv_matrix_det_inc	40	static
ml_math_func.c:478:6:inv_matrix_det_incd	40	static
ml_math_func.c:492:7:inv_matrix_det	192	static
ml_math_func.c:508:8:inv_matrix_detd	352	static
ml_math_func.c:528:7:inv_wrap_angle	16	static
ml_math_func.c:543:7:inv_angle_diff	24	static
ml_math_func.c:556:10:inv_checksum	32	static
ml_math_func.c:568:23:inv_row_2_scale	24	static
ml_math_func.c:597:16:inv_orientation_matrix_to_scalar	24	static
ml_math_func.c:621:6:inv_convert_to_body	24	static
ml_math_func.c:632:6:inv_convert_to_chip	24	static
ml_math_func.c:645:6:inv_convert_to_body_with_scale	32	static
ml_math_func.c:661:8:inv_vector_norm	24	static
ml_math_func.c:665:6:inv_init_biquad_filter	24	static
ml_math_func.c:677:6:inv_calc_state_to_match_output	16	static
ml_math_func.c:684:7:inv_biquad_filter_process	24	static
ml_math_func.c:700:6:inv_get_cross_product_vec	24	static
ml_math_func.c:706:6:mlMatrixVectorMult	40	static
