Archive member included to satisfy reference by file (symbol)

c:/st/stm32cubeide_1.1.0/stm32cubeide/plugins/com.st.stm32cube.ide.mcu.externaltools.gnu-tools-for-stm32.7-2018-q2-update.win32_1.0.0.201904181610/tools/bin/../lib/gcc/arm-none-eabi/7.3.1/../../../../arm-none-eabi/lib/thumb/v7e-m/fpv4-sp/hard\libc_nano.a(lib_a-errno.o)
                              Core/Src/syscalls.o (__errno)
c:/st/stm32cubeide_1.1.0/stm32cubeide/plugins/com.st.stm32cube.ide.mcu.externaltools.gnu-tools-for-stm32.7-2018-q2-update.win32_1.0.0.201904181610/tools/bin/../lib/gcc/arm-none-eabi/7.3.1/../../../../arm-none-eabi/lib/thumb/v7e-m/fpv4-sp/hard\libc_nano.a(lib_a-exit.o)
                              c:/st/stm32cubeide_1.1.0/stm32cubeide/plugins/com.st.stm32cube.ide.mcu.externaltools.gnu-tools-for-stm32.7-2018-q2-update.win32_1.0.0.201904181610/tools/bin/../lib/gcc/arm-none-eabi/7.3.1/../../../../arm-none-eabi/lib/thumb/v7e-m/fpv4-sp/hard/crt0.o (exit)
c:/st/stm32cubeide_1.1.0/stm32cubeide/plugins/com.st.stm32cube.ide.mcu.externaltools.gnu-tools-for-stm32.7-2018-q2-update.win32_1.0.0.201904181610/tools/bin/../lib/gcc/arm-none-eabi/7.3.1/../../../../arm-none-eabi/lib/thumb/v7e-m/fpv4-sp/hard\libc_nano.a(lib_a-impure.o)
                              c:/st/stm32cubeide_1.1.0/stm32cubeide/plugins/com.st.stm32cube.ide.mcu.externaltools.gnu-tools-for-stm32.7-2018-q2-update.win32_1.0.0.201904181610/tools/bin/../lib/gcc/arm-none-eabi/7.3.1/../../../../arm-none-eabi/lib/thumb/v7e-m/fpv4-sp/hard\libc_nano.a(lib_a-exit.o) (_global_impure_ptr)
c:/st/stm32cubeide_1.1.0/stm32cubeide/plugins/com.st.stm32cube.ide.mcu.externaltools.gnu-tools-for-stm32.7-2018-q2-update.win32_1.0.0.201904181610/tools/bin/../lib/gcc/arm-none-eabi/7.3.1/../../../../arm-none-eabi/lib/thumb/v7e-m/fpv4-sp/hard\libc_nano.a(lib_a-init.o)
                              c:/st/stm32cubeide_1.1.0/stm32cubeide/plugins/com.st.stm32cube.ide.mcu.externaltools.gnu-tools-for-stm32.7-2018-q2-update.win32_1.0.0.201904181610/tools/bin/../lib/gcc/arm-none-eabi/7.3.1/../../../../arm-none-eabi/lib/thumb/v7e-m/fpv4-sp/hard/crt0.o (__libc_init_array)
c:/st/stm32cubeide_1.1.0/stm32cubeide/plugins/com.st.stm32cube.ide.mcu.externaltools.gnu-tools-for-stm32.7-2018-q2-update.win32_1.0.0.201904181610/tools/bin/../lib/gcc/arm-none-eabi/7.3.1/../../../../arm-none-eabi/lib/thumb/v7e-m/fpv4-sp/hard\libc_nano.a(lib_a-memcpy-stub.o)
                              Middlewares/Third_Party/FreeRTOS/Source/queue.o (memcpy)
c:/st/stm32cubeide_1.1.0/stm32cubeide/plugins/com.st.stm32cube.ide.mcu.externaltools.gnu-tools-for-stm32.7-2018-q2-update.win32_1.0.0.201904181610/tools/bin/../lib/gcc/arm-none-eabi/7.3.1/../../../../arm-none-eabi/lib/thumb/v7e-m/fpv4-sp/hard\libc_nano.a(lib_a-memset.o)
                              c:/st/stm32cubeide_1.1.0/stm32cubeide/plugins/com.st.stm32cube.ide.mcu.externaltools.gnu-tools-for-stm32.7-2018-q2-update.win32_1.0.0.201904181610/tools/bin/../lib/gcc/arm-none-eabi/7.3.1/../../../../arm-none-eabi/lib/thumb/v7e-m/fpv4-sp/hard/crt0.o (memset)
c:/st/stm32cubeide_1.1.0/stm32cubeide/plugins/com.st.stm32cube.ide.mcu.externaltools.gnu-tools-for-stm32.7-2018-q2-update.win32_1.0.0.201904181610/tools/bin/../lib/gcc/arm-none-eabi/7.3.1/../../../../arm-none-eabi/lib/thumb/v7e-m/fpv4-sp/hard\libc_nano.a(lib_a-nano-vfprintf_float.o)
                              (_printf_float)
c:/st/stm32cubeide_1.1.0/stm32cubeide/plugins/com.st.stm32cube.ide.mcu.externaltools.gnu-tools-for-stm32.7-2018-q2-update.win32_1.0.0.201904181610/tools/bin/../lib/gcc/arm-none-eabi/7.3.1/../../../../arm-none-eabi/lib/thumb/v7e-m/fpv4-sp/hard\libc_nano.a(lib_a-nano-vfprintf_i.o)
                              c:/st/stm32cubeide_1.1.0/stm32cubeide/plugins/com.st.stm32cube.ide.mcu.externaltools.gnu-tools-for-stm32.7-2018-q2-update.win32_1.0.0.201904181610/tools/bin/../lib/gcc/arm-none-eabi/7.3.1/../../../../arm-none-eabi/lib/thumb/v7e-m/fpv4-sp/hard\libc_nano.a(lib_a-nano-vfprintf_float.o) (_printf_common)
c:/st/stm32cubeide_1.1.0/stm32cubeide/plugins/com.st.stm32cube.ide.mcu.externaltools.gnu-tools-for-stm32.7-2018-q2-update.win32_1.0.0.201904181610/tools/bin/../lib/gcc/arm-none-eabi/7.3.1/../../../../arm-none-eabi/lib/thumb/v7e-m/fpv4-sp/hard\libc_nano.a(lib_a-snprintf.o)
                              Core/Src/freertos.o (snprintf)
c:/st/stm32cubeide_1.1.0/stm32cubeide/plugins/com.st.stm32cube.ide.mcu.externaltools.gnu-tools-for-stm32.7-2018-q2-update.win32_1.0.0.201904181610/tools/bin/../lib/gcc/arm-none-eabi/7.3.1/../../../../arm-none-eabi/lib/thumb/v7e-m/fpv4-sp/hard\libc_nano.a(lib_a-strlen.o)
                              c:/st/stm32cubeide_1.1.0/stm32cubeide/plugins/com.st.stm32cube.ide.mcu.externaltools.gnu-tools-for-stm32.7-2018-q2-update.win32_1.0.0.201904181610/tools/bin/../lib/gcc/arm-none-eabi/7.3.1/../../../../arm-none-eabi/lib/thumb/v7e-m/fpv4-sp/hard\libc_nano.a(lib_a-nano-vfprintf_float.o) (strlen)
[...]
Memory Configuration

Name             Origin             Length             Attributes
RAM              0x0000000020000000 0x0000000000020000 xrw
FLASH            0x0000000008000000 0x0000000000080000 xr
*default*        0x0000000000000000 0xffffffffffffffff

Linker script and memory map

LOAD c:/st/stm32cubeide_1.1.0/stm32cubeide/plugins/com.st.stm32cube.ide.mcu.externaltools.gnu-tools-for-stm32.7-2018-q2-update.win32_1.0.0.201904181610/tools/bin/../lib/gcc/arm-none-eabi/7.3.1/thumb/v7e-m/fpv4-sp/hard/crti.o
LOAD c:/st/stm32cubeide_1.1.0/stm32cubeide/plugins/com.st.stm32cube.ide.mcu.externaltools.gnu-tools-for-stm32.7-2018-q2-update.win32_1.0.0.201904181610/tools/bin/../lib/gcc/arm-none-eabi/7.3.1/thumb/v7e-m/fpv4-sp/hard/crtbegin.o
LOAD c:/st/stm32cubeide_1.1.0/stm32cubeide/plugins/com.st.stm32cube.ide.mcu.externaltools.gnu-tools-for-stm32.7-2018-q2-update.win32_1.0.0.201904181610/tools/bin/../lib/gcc/arm-none-eabi/7.3.1/../../../../arm-none-eabi/lib/thumb/v7e-m/fpv4-sp/hard/crt0.o
LOAD Core/Src/freertos.o
LOAD Core/Src/gpio.o
LOAD Core/Src/i2c.o
LOAD Core/Src/main.o
LOAD Core/Src/stm32f4xx_hal_msp.o
LOAD Core/Src/stm32f4xx_hal_timebase_tim.o
LOAD Core/Src/stm32f4xx_it.o
LOAD Core/Src/syscalls.o
LOAD Core/Src/sysmem.o
LOAD Core/Src/system_stm32f4xx.o
LOAD Core/Src/usart.o
LOAD Core/Startup/startup_stm32f446retx.o
LOAD Drivers/BMP280/BMP280.o
LOAD Drivers/STM32F4xx_HAL_Driver/Src/stm32f4xx_hal.o
LOAD Drivers/STM32F4xx_HAL_Driver/Src/stm32f4xx_hal_cortex.o
LOAD Drivers/STM32F4xx_HAL_Driver/Src/stm32f4xx_hal_dma.o
LOAD Drivers/STM32F4xx_HAL_Driver/Src/stm32f4xx_hal_dma_ex.o
LOAD Drivers/STM32F4xx_HAL_Driver/Src/stm32f4xx_hal_exti.o
LOAD Drivers/STM32F4xx_HAL_Driver/Src/stm32f4xx_hal_flash.o
LOAD Drivers/STM32F4xx_HAL_Driver/Src/stm32f4xx_hal_flash_ex.o
LOAD Drivers/STM32F4xx_HAL_Driver/Src/stm32f4xx_hal_flash_ramfunc.o
LOAD Drivers/STM32F4xx_HAL_Driver/Src/stm32f4xx_hal_gpio.o
LOAD Drivers/STM32F4xx_HAL_Driver/Src/stm32f4xx_hal_i2c.o
LOAD Drivers/STM32F4xx_HAL_Driver/Src/stm32f4xx_hal_i2c_ex.o
LOAD Drivers/STM32F4xx_HAL_Driver/Src/stm32f4xx_hal_pwr.o
LOAD Drivers/STM32F4xx_HAL_Driver/Src/stm32f4xx_hal_pwr_ex.o
LOAD Drivers/STM32F4xx_HAL_Driver/Src/stm32f4xx_hal_rcc.o
LOAD Drivers/STM32F4xx_HAL_Driver/Src/stm32f4xx_hal_rcc_ex.o
LOAD Drivers/STM32F4xx_HAL_Driver/Src/stm32f4xx_hal_tim.o
LOAD Drivers/STM32F4xx_HAL_Driver/Src/stm32f4xx_hal_tim_ex.o
LOAD Drivers/STM32F4xx_HAL_Driver/Src/stm32f4xx_hal_uart.o
LOAD Drivers/display/Fonts/font12.o
LOAD Drivers/display/Fonts/font16.o
LOAD Drivers/display/Fonts/font20.o
LOAD Drivers/display/Fonts/font24.o
LOAD Drivers/display/Fonts/font8.o
LOAD Drivers/display/lcd.o
LOAD Middlewares/Third_Party/FreeRTOS/Source/CMSIS_RTOS/cmsis_os.o
LOAD Middlewares/Third_Party/FreeRTOS/Source/croutine.o
LOAD Middlewares/Third_Party/FreeRTOS/Source/event_groups.o
LOAD Middlewares/Third_Party/FreeRTOS/Source/list.o
LOAD Middlewares/Third_Party/FreeRTOS/Source/queue.o
LOAD Middlewares/Third_Party/FreeRTOS/Source/stream_buffer.o
LOAD Middlewares/Third_Party/FreeRTOS/Source/tasks.o
LOAD Middlewares/Third_Party/FreeRTOS/Source/timers.o
LOAD Middlewares/Third_Party/FreeRTOS/Source/portable/GCC/ARM_CM4F/port.o
LOAD Middlewares/Third_Party/FreeRTOS/Source/portable/MemMang/heap_4.o
START GROUP
LOAD c:/st/stm32cubeide_1.1.0/stm32cubeide/plugins/com.st.stm32cube.ide.mcu.externaltools.gnu-tools-for-stm32.7-2018-q2-update.win32_1.0.0.201904181610/tools/bin/../lib/gcc/arm-none-eabi/7.3.1/../../../../arm-none-eabi/lib/thumb/v7e-m/fpv4-sp/hard\libc_nano.a
LOAD c:/st/stm32cubeide_1.1.0/stm32cubeide/plugins/com.st.stm32cube.ide.mcu.externaltools.gnu-tools-for-stm32.7-2018-q2-update.win32_1.0.0.201904181610/tools/bin/../lib/gcc/arm-none-eabi/7.3.1/../../../../arm-none-eabi/lib/thumb/v7e-m/fpv4-sp/hard\libm.a
END GROUP
START GROUP
LOAD c:/st/stm32cubeide_1.1.0/stm32cubeide/plugins/com.st.stm32cube.ide.mcu.externaltools.gnu-tools-for-stm32.7-2018-q2-update.win32_1.0.0.201904181610/tools/bin/../lib/gcc/arm-none-eabi/7.3.1/thumb/v7e-m/fpv4-sp/hard\libgcc.a
LOAD c:/st/stm32cubeide_1.1.0/stm32cubeide/plugins/com.st.stm32cube.ide.mcu.externaltools.gnu-tools-for-stm32.7-2018-q2-update.win32_1.0.0.201904181610/tools/bin/../lib/gcc/arm-none-eabi/7.3.1/../../../../arm-none-eabi/lib/thumb/v7e-m/fpv4-sp/hard\libc_nano.a
END GROUP
START GROUP
LOAD c:/st/stm32cubeide_1.1.0/stm32cubeide/plugins/com.st.stm32cube.ide.mcu.externaltools.gnu-tools-for-stm32.7-2018-q2-update.win32_1.0.0.201904181610/tools/bin/../lib/gcc/arm-none-eabi/7.3.1/thumb/v7e-m/fpv4-sp/hard\libgcc.a
LOAD c:/st/stm32cubeide_1.1.0/stm32cubeide/plugins/com.st.stm32cube.ide.mcu.externaltools.gnu-tools-for-stm32.7-2018-q2-update.win32_1.0.0.201904181610/tools/bin/../lib/gcc/arm-none-eabi/7.3.1/../../../../arm-none-eabi/lib/thumb/v7e-m/fpv4-sp/hard\libc_nano.a
LOAD c:/st/stm32cubeide_1.1.0/stm32cubeide/plugins/com.st.stm32cube.ide.mcu.externaltools.gnu-tools-for-stm32.7-2018-q2-update.win32_1.0.0.201904181610/tools/bin/../lib/gcc/arm-none-eabi/7.3.1/../../../../arm-none-eabi/lib/thumb/v7e-m/fpv4-sp/hard\libnosys.a
END GROUP
START GROUP
LOAD c:/st/stm32cubeide_1.1.0/stm32cubeide/plugins/com.st.stm32cube.ide.mcu.externaltools.gnu-tools-for-stm32.7-2018-q2-update.win32_1.0.0.201904181610/tools/bin/../lib/gcc/arm-none-eabi/7.3.1/thumb/v7e-m/fpv4-sp/hard\libgcc.a
LOAD c:/st/stm32cubeide_1.1.0/stm32cubeide/plugins/com.st.stm32cube.ide.mcu.externaltools.gnu-tools-for-stm32.7-2018-q2-update.win32_1.0.0.201904181610/tools/bin/../lib/gcc/arm-none-eabi/7.3.1/../../../../arm-none-eabi/lib/thumb/v7e-m/fpv4-sp/hard\libc_nano.a
LOAD c:/st/stm32cubeide_1.1.0/stm32cubeide/plugins/com.st.stm32cube.ide.mcu.externaltools.gnu-tools-for-stm32.7-2018-q2-update.win32_1.0.0.201904181610/tools/bin/../lib/gcc/arm-none-eabi/7.3.1/../../../../arm-none-eabi/lib/thumb/v7e-m/fpv4-sp/hard\libnosys.a
END GROUP
LOAD c:/st/stm32cubeide_1.1.0/stm32cubeide/plugins/com.st.stm32cube.ide.mcu.externaltools.gnu-tools-for-stm32.7-2018-q2-update.win32_1.0.0.201904181610/tools/bin/../lib/gcc/arm-none-eabi/7.3.1/thumb/v7e-m/fpv4-sp/hard/crtend.o
LOAD c:/st/stm32cubeide_1.1.0/stm32cubeide/plugins/com.st.stm32cube.ide.mcu.externaltools.gnu-tools-for-stm32.7-2018-q2-update.win32_1.0.0.201904181610/tools/bin/../lib/gcc/arm-none-eabi/7.3.1/thumb/v7e-m/fpv4-sp/hard/crtn.o
                0x0000000020020000                _estack = (ORIGIN (RAM) + LENGTH (RAM))
                0x0000000000000200                _Min_Heap_Size = 0x200
                0x0000000000000400                _Min_Stack_Size = 0x400

.isr_vector     0x0000000008000000      0x1c4
                0x0000000008000000                . = ALIGN (0x4)
 *(.isr_vector)
 .isr_vector    0x0000000008000000      0x1c4 Core/Startup/startup_stm32f446retx.o
                0x0000000008000000                g_pfnVectors
                0x00000000080001c4                . = ALIGN (0x4)

.text           0x00000000080001d0     0xa32c
                0x00000000080001d0                . = ALIGN (0x4)
 *(.text)
 .text          0x00000000080001d0       0x40 c:/st/stm32cubeide_1.1.0/stm32cubeide/plugins/com.st.stm32cube.ide.mcu.externaltools.gnu-tools-for-stm32.7-2018-q2-update.win32_1.0.0.201904181610/tools/bin/../lib/gcc/arm-none-eabi/7.3.1/thumb/v7e-m/fpv4-sp/hard/crtbegin.o
 .text          0x0000000008000210       0x10 c:/st/stm32cubeide_1.1.0/stm32cubeide/plugins/com.st.stm32cube.ide.mcu.externaltools.gnu-tools-for-stm32.7-2018-q2-update.win32_1.0.0.201904181610/tools/bin/../lib/gcc/arm-none-eabi/7.3.1/../../../../arm-none-eabi/lib/thumb/v7e-m/fpv4-sp/hard\libc_nano.a(lib_a-strlen.o)
                0x0000000008000210                strlen
 .text          0x0000000008000220       0xa0 c:/st/stm32cubeide_1.1.0/stm32cubeide/plugins/com.st.stm32cube.ide.mcu.externaltools.gnu-tools-for-stm32.7-2018-q2-update.win32_1.0.0.201904181610/tools/bin/../lib/gcc/arm-none-eabi/7.3.1/../../../../arm-none-eabi/lib/thumb/v7e-m/fpv4-sp/hard\libc_nano.a(lib_a-memchr.o)
                0x0000000008000220                memchr
 .text          0x00000000080002c0      0x378 c:/st/stm32cubeide_1.1.0/stm32cubeide/plugins/com.st.stm32cube.ide.mcu.externaltools.gnu-tools-for-stm32.7-2018-q2-update.win32_1.0.0.201904181610/tools/bin/../lib/gcc/arm-none-eabi/7.3.1/thumb/v7e-m/fpv4-sp/hard\libgcc.a(_arm_addsubdf3.o)
                0x00000000080002c0                __aeabi_drsub
                0x00000000080002c8                __aeabi_dsub
                0x00000000080002c8                __subdf3
                0x00000000080002cc                __aeabi_dadd
                0x00000000080002cc                __adddf3
                0x0000000008000544                __floatunsidf
                0x0000000008000544                __aeabi_ui2d
                0x0000000008000564                __floatsidf
                0x0000000008000564                __aeabi_i2d
                0x0000000008000588                __aeabi_f2d
                0x0000000008000588                __extendsfdf2
                0x00000000080005cc                __floatundidf
                0x00000000080005cc                __aeabi_ul2d
                0x00000000080005dc                __floatdidf
                0x00000000080005dc                __aeabi_l2d
 .text          0x0000000008000638      0x424 c:/st/stm32cubeide_1.1.0/stm32cubeide/plugins/com.st.stm32cube.ide.mcu.externaltools.gnu-tools-for-stm32.7-2018-q2-update.win32_1.0.0.201904181610/tools/bin/../lib/gcc/arm-none-eabi/7.3.1/thumb/v7e-m/fpv4-sp/hard\libgcc.a(_arm_muldivdf3.o)
                0x0000000008000638                __aeabi_dmul
                0x0000000008000638                __muldf3
                0x000000000800088c                __divdf3
                0x000000000800088c                __aeabi_ddiv
 .text          0x0000000008000a5c      0x110 c:/st/stm32cubeide_1.1.0/stm32cubeide/plugins/com.st.stm32cube.ide.mcu.externaltools.gnu-tools-for-stm32.7-2018-q2-update.win32_1.0.0.201904181610/tools/bin/../lib/gcc/arm-none-eabi/7.3.1/thumb/v7e-m/fpv4-sp/hard\libgcc.a(_arm_cmpdf2.o)
                0x0000000008000a5c                __gtdf2
                0x0000000008000a5c                __gedf2
                0x0000000008000a64                __ltdf2
                0x0000000008000a64                __ledf2
                0x0000000008000a6c                __nedf2
                0x0000000008000a6c                __eqdf2
                0x0000000008000a6c                __cmpdf2
                0x0000000008000ae8                __aeabi_cdrcmple
                0x0000000008000af8                __aeabi_cdcmpeq
                0x0000000008000af8                __aeabi_cdcmple
                0x0000000008000b08                __aeabi_dcmpeq
                0x0000000008000b1c                __aeabi_dcmplt
                0x0000000008000b30                __aeabi_dcmple
                0x0000000008000b44                __aeabi_dcmpge
                0x0000000008000b58                __aeabi_dcmpgt
 .text          0x0000000008000b6c       0x2c c:/st/stm32cubeide_1.1.0/stm32cubeide/plugins/com.st.stm32cube.ide.mcu.externaltools.gnu-tools-for-stm32.7-2018-q2-update.win32_1.0.0.201904181610/tools/bin/../lib/gcc/arm-none-eabi/7.3.1/thumb/v7e-m/fpv4-sp/hard\libgcc.a(_arm_unorddf2.o)
                0x0000000008000b6c                __unorddf2
                0x0000000008000b6c                __aeabi_dcmpun
 .text          0x0000000008000b98       0x50 c:/st/stm32cubeide_1.1.0/stm32cubeide/plugins/com.st.stm32cube.ide.mcu.externaltools.gnu-tools-for-stm32.7-2018-q2-update.win32_1.0.0.201904181610/tools/bin/../lib/gcc/arm-none-eabi/7.3.1/thumb/v7e-m/fpv4-sp/hard\libgcc.a(_arm_fixdfsi.o)
                0x0000000008000b98                __aeabi_d2iz
                0x0000000008000b98                __fixdfsi
 .text          0x0000000008000be8       0x30 c:/st/stm32cubeide_1.1.0/stm32cubeide/plugins/com.st.stm32cube.ide.mcu.externaltools.gnu-tools-for-stm32.7-2018-q2-update.win32_1.0.0.201904181610/tools/bin/../lib/gcc/arm-none-eabi/7.3.1/thumb/v7e-m/fpv4-sp/hard\libgcc.a(_aeabi_uldivmod.o)
                0x0000000008000be8                __aeabi_uldivmod
 .text          0x0000000008000c18      0x2cc c:/st/stm32cubeide_1.1.0/stm32cubeide/plugins/com.st.stm32cube.ide.mcu.externaltools.gnu-tools-for-stm32.7-2018-q2-update.win32_1.0.0.201904181610/tools/bin/../lib/gcc/arm-none-eabi/7.3.1/thumb/v7e-m/fpv4-sp/hard\libgcc.a(_udivmoddi4.o)
                0x0000000008000c18                __udivmoddi4
 .text          0x0000000008000ee4        0x4 c:/st/stm32cubeide_1.1.0/stm32cubeide/plugins/com.st.stm32cube.ide.mcu.externaltools.gnu-tools-for-stm32.7-2018-q2-update.win32_1.0.0.201904181610/tools/bin/../lib/gcc/arm-none-eabi/7.3.1/thumb/v7e-m/fpv4-sp/hard\libgcc.a(_dvmd_tls.o)
                0x0000000008000ee4                __aeabi_idiv0
                0x0000000008000ee4                __aeabi_ldiv0
 *(.text*)
 .text.vApplicationMallocFailedHook
                0x0000000008000ee8        0xe Core/Src/freertos.o
                0x0000000008000ee8                vApplicationMallocFailedHook
 *fill*         0x0000000008000ef6        0x2 
 .text.vApplicationGetIdleTaskMemory
                0x0000000008000ef8       0x34 Core/Src/freertos.o
                0x0000000008000ef8                vApplicationGetIdleTaskMemory
 .text.MX_FREERTOS_Init
                0x0000000008000f2c       0x8c Core/Src/freertos.o
                0x0000000008000f2c                MX_FREERTOS_Init
 .text.thread_sensor_func
                0x0000000008000fb8       0xf4 Core/Src/freertos.o
                0x0000000008000fb8                thread_sensor_func
 .text.thread_uart_func
                0x00000000080010ac       0x88 Core/Src/freertos.o
                0x00000000080010ac                thread_uart_func
 .text.MX_GPIO_Init
                0x0000000008001134       0xe0 Core/Src/gpio.o
                0x0000000008001134                MX_GPIO_Init
 .text.MX_I2C1_Init
                0x0000000008001214       0x5c Core/Src/i2c.o
                0x0000000008001214                MX_I2C1_Init
 .text.HAL_I2C_MspInit
                0x0000000008001270       0x90 Core/Src/i2c.o
                0x0000000008001270                HAL_I2C_MspInit
 .text.main     0x0000000008001300       0x26 Core/Src/main.o
                0x0000000008001300                main
 *fill*         0x0000000008001326        0x2 
 .text.SystemClock_Config
                0x0000000008001328       0xe4 Core/Src/main.o
                0x0000000008001328                SystemClock_Config
 .text.HAL_TIM_PeriodElapsedCallback
                0x000000000800140c       0x24 Core/Src/main.o
                0x000000000800140c                HAL_TIM_PeriodElapsedCallback
 .text.Error_Handler
                0x0000000008001430        0xe Core/Src/main.o
                0x0000000008001430                Error_Handler
 *fill*         0x000000000800143e        0x2 
 .text.HAL_MspInit
                0x0000000008001440       0x58 Core/Src/stm32f4xx_hal_msp.o
                0x0000000008001440                HAL_MspInit
 .text.HAL_InitTick
                0x0000000008001498       0xb4 Core/Src/stm32f4xx_hal_timebase_tim.o
                0x0000000008001498                HAL_InitTick
 .text.NMI_Handler
                0x000000000800154c        0xe Core/Src/stm32f4xx_it.o
                0x000000000800154c                NMI_Handler
 .text.HardFault_Handler
                0x000000000800155a        0x6 Core/Src/stm32f4xx_it.o
                0x000000000800155a                HardFault_Handler
 .text.MemManage_Handler
                0x0000000008001560        0x6 Core/Src/stm32f4xx_it.o
                0x0000000008001560                MemManage_Handler
 .text.BusFault_Handler
                0x0000000008001566        0x6 Core/Src/stm32f4xx_it.o
                0x0000000008001566                BusFault_Handler
 .text.UsageFault_Handler
                0x000000000800156c        0x6 Core/Src/stm32f4xx_it.o
                0x000000000800156c                UsageFault_Handler
 .text.DebugMon_Handler
                0x0000000008001572        0xe Core/Src/stm32f4xx_it.o
                0x0000000008001572                DebugMon_Handler
 .text.TIM7_IRQHandler
                0x0000000008001580       0x14 Core/Src/stm32f4xx_it.o
                0x0000000008001580                TIM7_IRQHandler
 .text._kill    0x0000000008001594       0x20 Core/Src/syscalls.o
                0x0000000008001594                _kill
 .text._exit    0x00000000080015b4       0x14 Core/Src/syscalls.o
                0x00000000080015b4                _exit
 .text._sbrk    0x00000000080015c8       0x58 Core/Src/sysmem.o
                0x00000000080015c8                _sbrk
 .text.SystemInit
                0x0000000008001620       0x2c Core/Src/system_stm32f4xx.o
                0x0000000008001620                SystemInit
 .text.MX_USART2_UART_Init
                0x000000000800164c       0x54 Core/Src/usart.o
                0x000000000800164c                MX_USART2_UART_Init
 .text.HAL_UART_MspInit
                0x00000000080016a0       0x90 Core/Src/usart.o
                0x00000000080016a0                HAL_UART_MspInit
 .text.Reset_Handler
                0x0000000008001730       0x50 Core/Startup/startup_stm32f446retx.o
                0x0000000008001730                Reset_Handler
 .text.Default_Handler
                0x0000000008001780        0x2 Core/Startup/startup_stm32f446retx.o
                0x0000000008001780                RTC_Alarm_IRQHandler
                0x0000000008001780                EXTI2_IRQHandler
                0x0000000008001780                TIM8_CC_IRQHandler
                0x0000000008001780                FMPI2C1_EV_IRQHandler
                0x0000000008001780                SPI4_IRQHandler
                0x0000000008001780                TIM1_CC_IRQHandler
                0x0000000008001780                DMA2_Stream5_IRQHandler
                0x0000000008001780                DMA1_Stream5_IRQHandler
                0x0000000008001780                PVD_IRQHandler
                0x0000000008001780                SDIO_IRQHandler
                0x0000000008001780                TAMP_STAMP_IRQHandler
                0x0000000008001780                CAN2_RX1_IRQHandler
                0x0000000008001780                EXTI3_IRQHandler
                0x0000000008001780                TIM8_TRG_COM_TIM14_IRQHandler
                0x0000000008001780                TIM1_UP_TIM10_IRQHandler
                0x0000000008001780                TIM8_UP_TIM13_IRQHandler
                0x0000000008001780                I2C3_ER_IRQHandler
                0x0000000008001780                EXTI0_IRQHandler
                0x0000000008001780                I2C2_EV_IRQHandler
                0x0000000008001780                DMA1_Stream2_IRQHandler
                0x0000000008001780                CAN1_RX0_IRQHandler
                0x0000000008001780                FPU_IRQHandler
                0x0000000008001780                OTG_HS_WKUP_IRQHandler
                0x0000000008001780                CAN2_SCE_IRQHandler
                0x0000000008001780                DMA2_Stream2_IRQHandler
                0x0000000008001780                SPI1_IRQHandler
                0x0000000008001780                TIM6_DAC_IRQHandler
                0x0000000008001780                TIM1_BRK_TIM9_IRQHandler
                0x0000000008001780                DCMI_IRQHandler
                0x0000000008001780                CAN2_RX0_IRQHandler
                0x0000000008001780                DMA2_Stream3_IRQHandler
                0x0000000008001780                SAI2_IRQHandler
                0x0000000008001780                USART6_IRQHandler
                0x0000000008001780                USART3_IRQHandler
                0x0000000008001780                CAN1_RX1_IRQHandler
                0x0000000008001780                UART5_IRQHandler
                0x0000000008001780                DMA2_Stream0_IRQHandler
                0x0000000008001780                TIM4_IRQHandler
                0x0000000008001780                QUADSPI_IRQHandler
                0x0000000008001780                I2C1_EV_IRQHandler
                0x0000000008001780                DMA1_Stream6_IRQHandler
                0x0000000008001780                DMA1_Stream1_IRQHandler
                0x0000000008001780                UART4_IRQHandler
                0x0000000008001780                TIM3_IRQHandler
                0x0000000008001780                RCC_IRQHandler
                0x0000000008001780                TIM8_BRK_TIM12_IRQHandler
                0x0000000008001780                Default_Handler
                0x0000000008001780                CEC_IRQHandler
                0x0000000008001780                EXTI15_10_IRQHandler
                0x0000000008001780                ADC_IRQHandler
                0x0000000008001780                DMA1_Stream7_IRQHandler
                0x0000000008001780                CAN2_TX_IRQHandler
                0x0000000008001780                TIM5_IRQHandler
                0x0000000008001780                DMA2_Stream7_IRQHandler
                0x0000000008001780                I2C3_EV_IRQHandler
                0x0000000008001780                EXTI9_5_IRQHandler
                0x0000000008001780                RTC_WKUP_IRQHandler
                0x0000000008001780                SPDIF_RX_IRQHandler
                0x0000000008001780                SPI2_IRQHandler
                0x0000000008001780                OTG_HS_EP1_IN_IRQHandler
                0x0000000008001780                DMA1_Stream0_IRQHandler
                0x0000000008001780                CAN1_TX_IRQHandler
                0x0000000008001780                FMPI2C1_ER_IRQHandler
                0x0000000008001780                EXTI4_IRQHandler
                0x0000000008001780                OTG_HS_EP1_OUT_IRQHandler
                0x0000000008001780                WWDG_IRQHandler
                0x0000000008001780                TIM2_IRQHandler
                0x0000000008001780                OTG_FS_WKUP_IRQHandler
                0x0000000008001780                TIM1_TRG_COM_TIM11_IRQHandler
                0x0000000008001780                OTG_HS_IRQHandler
                0x0000000008001780                EXTI1_IRQHandler
                0x0000000008001780                USART2_IRQHandler
                0x0000000008001780                I2C2_ER_IRQHandler
                0x0000000008001780                DMA2_Stream1_IRQHandler
                0x0000000008001780                CAN1_SCE_IRQHandler
                0x0000000008001780                FLASH_IRQHandler
                0x0000000008001780                DMA2_Stream4_IRQHandler
                0x0000000008001780                USART1_IRQHandler
                0x0000000008001780                OTG_FS_IRQHandler
                0x0000000008001780                SPI3_IRQHandler
                0x0000000008001780                DMA1_Stream4_IRQHandler
                0x0000000008001780                I2C1_ER_IRQHandler
                0x0000000008001780                FMC_IRQHandler
                0x0000000008001780                DMA2_Stream6_IRQHandler
                0x0000000008001780                SAI1_IRQHandler
                0x0000000008001780                DMA1_Stream3_IRQHandler
 *fill*         0x0000000008001782        0x2 
 .text.BMP280_I2C_Write
                0x0000000008001784       0x50 Drivers/BMP280/BMP280.o
 .text.BMP280_I2C_Read
                0x00000000080017d4       0x50 Drivers/BMP280/BMP280.o
 .text.BMP280_init
                0x0000000008001824       0xd4 Drivers/BMP280/BMP280.o
                0x0000000008001824                BMP280_init
 .text.BMP280_read_uncomp_temperature
                0x00000000080018f8       0x68 Drivers/BMP280/BMP280.o
                0x00000000080018f8                BMP280_read_uncomp_temperature
 .text.BMP280_read_uncomp_pressure
                0x0000000008001960       0x68 Drivers/BMP280/BMP280.o
                0x0000000008001960                BMP280_read_uncomp_pressure
 .text.BMP280_get_calib_param
                0x00000000080019c8      0x158 Drivers/BMP280/BMP280.o
                0x00000000080019c8                BMP280_get_calib_param
 .text.BMP280_set_power_mode
                0x0000000008001b20       0x84 Drivers/BMP280/BMP280.o
                0x0000000008001b20                BMP280_set_power_mode
 .text.BMP280_set_standby_durn
                0x0000000008001ba4       0x8c Drivers/BMP280/BMP280.o
                0x0000000008001ba4                BMP280_set_standby_durn
 .text.BMP280_set_work_mode
                0x0000000008001c30      0x154 Drivers/BMP280/BMP280.o
                0x0000000008001c30                BMP280_set_work_mode
 .text.BMP280_compensate_temperature_double
                0x0000000008001d84      0x1c0 Drivers/BMP280/BMP280.o
                0x0000000008001d84                BMP280_compensate_temperature_double
 *fill*         0x0000000008001f44        0x4 
 .text.BMP280_compensate_pressure_double
                0x0000000008001f48      0x3a0 Drivers/BMP280/BMP280.o
                0x0000000008001f48                BMP280_compensate_pressure_double
 .text.BMP280_read_temperature_double
                0x00000000080022e8       0x54 Drivers/BMP280/BMP280.o
                0x00000000080022e8                BMP280_read_temperature_double
 .text.BMP280_read_pressure_double
                0x000000000800233c       0x54 Drivers/BMP280/BMP280.o
                0x000000000800233c                BMP280_read_pressure_double
 .text.HAL_Init
                0x0000000008002390       0x44 Drivers/STM32F4xx_HAL_Driver/Src/stm32f4xx_hal.o
                0x0000000008002390                HAL_Init
 .text.HAL_IncTick
                0x00000000080023d4       0x28 Drivers/STM32F4xx_HAL_Driver/Src/stm32f4xx_hal.o
                0x00000000080023d4                HAL_IncTick
 .text.HAL_GetTick
                0x00000000080023fc       0x18 Drivers/STM32F4xx_HAL_Driver/Src/stm32f4xx_hal.o
                0x00000000080023fc                HAL_GetTick
 .text.HAL_Delay
                0x0000000008002414       0x44 Drivers/STM32F4xx_HAL_Driver/Src/stm32f4xx_hal.o
                0x0000000008002414                HAL_Delay
 .text.__NVIC_SetPriorityGrouping
                0x0000000008002458       0x48 Drivers/STM32F4xx_HAL_Driver/Src/stm32f4xx_hal_cortex.o
 .text.__NVIC_GetPriorityGrouping
                0x00000000080024a0       0x1c Drivers/STM32F4xx_HAL_Driver/Src/stm32f4xx_hal_cortex.o
 .text.__NVIC_EnableIRQ
                0x00000000080024bc       0x3c Drivers/STM32F4xx_HAL_Driver/Src/stm32f4xx_hal_cortex.o
 .text.__NVIC_SetPriority
                0x00000000080024f8       0x54 Drivers/STM32F4xx_HAL_Driver/Src/stm32f4xx_hal_cortex.o
 .text.NVIC_EncodePriority
                0x000000000800254c       0x66 Drivers/STM32F4xx_HAL_Driver/Src/stm32f4xx_hal_cortex.o
 .text.HAL_NVIC_SetPriorityGrouping
                0x00000000080025b2       0x16 Drivers/STM32F4xx_HAL_Driver/Src/stm32f4xx_hal_cortex.o
                0x00000000080025b2                HAL_NVIC_SetPriorityGrouping
 .text.HAL_NVIC_SetPriority
                0x00000000080025c8       0x38 Drivers/STM32F4xx_HAL_Driver/Src/stm32f4xx_hal_cortex.o
                0x00000000080025c8                HAL_NVIC_SetPriority
 .text.HAL_NVIC_EnableIRQ
                0x0000000008002600       0x1c Drivers/STM32F4xx_HAL_Driver/Src/stm32f4xx_hal_cortex.o
                0x0000000008002600                HAL_NVIC_EnableIRQ
 .text.HAL_GPIO_Init
                0x000000000800261c      0x324 Drivers/STM32F4xx_HAL_Driver/Src/stm32f4xx_hal_gpio.o
                0x000000000800261c                HAL_GPIO_Init
 .text.HAL_GPIO_WritePin
                0x0000000008002940       0x32 Drivers/STM32F4xx_HAL_Driver/Src/stm32f4xx_hal_gpio.o
                0x0000000008002940                HAL_GPIO_WritePin
 *fill*         0x0000000008002972        0x2 
 .text.HAL_I2C_Init
                0x0000000008002974      0x270 Drivers/STM32F4xx_HAL_Driver/Src/stm32f4xx_hal_i2c.o
                0x0000000008002974                HAL_I2C_Init
 .text.HAL_I2C_Mem_Write
                0x0000000008002be4      0x1f4 Drivers/STM32F4xx_HAL_Driver/Src/stm32f4xx_hal_i2c.o
                0x0000000008002be4                HAL_I2C_Mem_Write
 .text.HAL_I2C_Mem_Read
                0x0000000008002dd8      0x44c Drivers/STM32F4xx_HAL_Driver/Src/stm32f4xx_hal_i2c.o
                0x0000000008002dd8                HAL_I2C_Mem_Read
 .text.I2C_RequestMemoryWrite
                0x0000000008003224      0x128 Drivers/STM32F4xx_HAL_Driver/Src/stm32f4xx_hal_i2c.o
 .text.I2C_RequestMemoryRead
                0x000000000800334c      0x1cc Drivers/STM32F4xx_HAL_Driver/Src/stm32f4xx_hal_i2c.o
 .text.I2C_WaitOnFlagUntilTimeout
                0x0000000008003518       0xae Drivers/STM32F4xx_HAL_Driver/Src/stm32f4xx_hal_i2c.o
 .text.I2C_WaitOnMasterAddressFlagUntilTimeout
                0x00000000080035c6       0xfe Drivers/STM32F4xx_HAL_Driver/Src/stm32f4xx_hal_i2c.o
 .text.I2C_WaitOnTXEFlagUntilTimeout
                0x00000000080036c4       0x82 Drivers/STM32F4xx_HAL_Driver/Src/stm32f4xx_hal_i2c.o
 .text.I2C_WaitOnBTFFlagUntilTimeout
                0x0000000008003746       0x82 Drivers/STM32F4xx_HAL_Driver/Src/stm32f4xx_hal_i2c.o
 .text.I2C_WaitOnRXNEFlagUntilTimeout
                0x00000000080037c8       0xac Drivers/STM32F4xx_HAL_Driver/Src/stm32f4xx_hal_i2c.o
 .text.I2C_IsAcknowledgeFailed
                0x0000000008003874       0x5e Drivers/STM32F4xx_HAL_Driver/Src/stm32f4xx_hal_i2c.o
 *fill*         0x00000000080038d2        0x2 
 .text.HAL_PWREx_EnableOverDrive
                0x00000000080038d4       0xa0 Drivers/STM32F4xx_HAL_Driver/Src/stm32f4xx_hal_pwr_ex.o
                0x00000000080038d4                HAL_PWREx_EnableOverDrive
 .text.HAL_RCC_ClockConfig
                0x0000000008003974      0x1cc Drivers/STM32F4xx_HAL_Driver/Src/stm32f4xx_hal_rcc.o
                0x0000000008003974                HAL_RCC_ClockConfig
 .text.HAL_RCC_GetHCLKFreq
                0x0000000008003b40       0x18 Drivers/STM32F4xx_HAL_Driver/Src/stm32f4xx_hal_rcc.o
                0x0000000008003b40                HAL_RCC_GetHCLKFreq
 .text.HAL_RCC_GetPCLK1Freq
                0x0000000008003b58       0x28 Drivers/STM32F4xx_HAL_Driver/Src/stm32f4xx_hal_rcc.o
                0x0000000008003b58                HAL_RCC_GetPCLK1Freq
 .text.HAL_RCC_GetPCLK2Freq
                0x0000000008003b80       0x28 Drivers/STM32F4xx_HAL_Driver/Src/stm32f4xx_hal_rcc.o
                0x0000000008003b80                HAL_RCC_GetPCLK2Freq
 .text.HAL_RCC_GetClockConfig
                0x0000000008003ba8       0x64 Drivers/STM32F4xx_HAL_Driver/Src/stm32f4xx_hal_rcc.o
                0x0000000008003ba8                HAL_RCC_GetClockConfig
 .text.HAL_RCC_GetSysClockFreq
                0x0000000008003c0c      0x340 Drivers/STM32F4xx_HAL_Driver/Src/stm32f4xx_hal_rcc_ex.o
                0x0000000008003c0c                HAL_RCC_GetSysClockFreq
 .text.HAL_RCC_OscConfig
                0x0000000008003f4c      0x4b4 Drivers/STM32F4xx_HAL_Driver/Src/stm32f4xx_hal_rcc_ex.o
                0x0000000008003f4c                HAL_RCC_OscConfig
 .text.HAL_TIM_Base_Init
                0x0000000008004400       0x56 Drivers/STM32F4xx_HAL_Driver/Src/stm32f4xx_hal_tim.o
                0x0000000008004400                HAL_TIM_Base_Init
 .text.HAL_TIM_Base_MspInit
                0x0000000008004456       0x14 Drivers/STM32F4xx_HAL_Driver/Src/stm32f4xx_hal_tim.o
                0x0000000008004456                HAL_TIM_Base_MspInit
 .text.HAL_TIM_Base_Start_IT
                0x000000000800446a       0x48 Drivers/STM32F4xx_HAL_Driver/Src/stm32f4xx_hal_tim.o
                0x000000000800446a                HAL_TIM_Base_Start_IT
 .text.HAL_TIM_IRQHandler
                0x00000000080044b2      0x210 Drivers/STM32F4xx_HAL_Driver/Src/stm32f4xx_hal_tim.o
                0x00000000080044b2                HAL_TIM_IRQHandler
 .text.HAL_TIM_OC_DelayElapsedCallback
                0x00000000080046c2       0x14 Drivers/STM32F4xx_HAL_Driver/Src/stm32f4xx_hal_tim.o
                0x00000000080046c2                HAL_TIM_OC_DelayElapsedCallback
 .text.HAL_TIM_IC_CaptureCallback
                0x00000000080046d6       0x14 Drivers/STM32F4xx_HAL_Driver/Src/stm32f4xx_hal_tim.o
                0x00000000080046d6                HAL_TIM_IC_CaptureCallback
 .text.HAL_TIM_PWM_PulseFinishedCallback
                0x00000000080046ea       0x14 Drivers/STM32F4xx_HAL_Driver/Src/stm32f4xx_hal_tim.o
                0x00000000080046ea                HAL_TIM_PWM_PulseFinishedCallback
 .text.HAL_TIM_TriggerCallback
                0x00000000080046fe       0x14 Drivers/STM32F4xx_HAL_Driver/Src/stm32f4xx_hal_tim.o
                0x00000000080046fe                HAL_TIM_TriggerCallback
 *fill*         0x0000000008004712        0x2 
 .text.TIM_Base_SetConfig
                0x0000000008004714      0x140 Drivers/STM32F4xx_HAL_Driver/Src/stm32f4xx_hal_tim.o
                0x0000000008004714                TIM_Base_SetConfig
 .text.HAL_TIMEx_CommutCallback
                0x0000000008004854       0x14 Drivers/STM32F4xx_HAL_Driver/Src/stm32f4xx_hal_tim_ex.o
                0x0000000008004854                HAL_TIMEx_CommutCallback
 .text.HAL_TIMEx_BreakCallback
                0x0000000008004868       0x14 Drivers/STM32F4xx_HAL_Driver/Src/stm32f4xx_hal_tim_ex.o
                0x0000000008004868                HAL_TIMEx_BreakCallback
 .text.HAL_UART_Init
                0x000000000800487c       0x9a Drivers/STM32F4xx_HAL_Driver/Src/stm32f4xx_hal_uart.o
                0x000000000800487c                HAL_UART_Init
 .text.HAL_UART_Transmit
                0x0000000008004916      0x132 Drivers/STM32F4xx_HAL_Driver/Src/stm32f4xx_hal_uart.o
                0x0000000008004916                HAL_UART_Transmit
 .text.UART_WaitOnFlagUntilTimeout
                0x0000000008004a48       0x94 Drivers/STM32F4xx_HAL_Driver/Src/stm32f4xx_hal_uart.o
 .text.UART_SetConfig
                0x0000000008004adc      0x6f8 Drivers/STM32F4xx_HAL_Driver/Src/stm32f4xx_hal_uart.o
 .text.delay    0x00000000080051d4       0x24 Drivers/display/lcd.o
                0x00000000080051d4                delay
 .text.GPIO_Init
                0x00000000080051f8      0x130 Drivers/display/lcd.o
                0x00000000080051f8                GPIO_Init
 .text.LCD_Write8
                0x0000000008005328       0xb0 Drivers/display/lcd.o
                0x0000000008005328                LCD_Write8
 .text.LCD_Write16Register16
                0x00000000080053d8       0x5c Drivers/display/lcd.o
                0x00000000080053d8                LCD_Write16Register16
 .text.LCD_Init
                0x0000000008005434      0x120 Drivers/display/lcd.o
                0x0000000008005434                LCD_Init
 .text.LCD_DrawPixel
                0x0000000008005554       0xd8 Drivers/display/lcd.o
                0x0000000008005554                LCD_DrawPixel
 .text.LCD_Flood
                0x000000000800562c       0xac Drivers/display/lcd.o
                0x000000000800562c                LCD_Flood
 .text.LCD_FillScreen
                0x00000000080056d8       0x84 Drivers/display/lcd.o
                0x00000000080056d8                LCD_FillScreen
 .text.LCD_Reset
                0x000000000800575c       0x94 Drivers/display/lcd.o
                0x000000000800575c                LCD_Reset
 .text.LCD_SetAddrWindow
                0x00000000080057f0      0x124 Drivers/display/lcd.o
                0x00000000080057f0                LCD_SetAddrWindow
 .text.LCD_SetRotation
                0x0000000008005914       0xc4 Drivers/display/lcd.o
                0x0000000008005914                LCD_SetRotation
 .text.LCD_DrawChar
                0x00000000080059d8      0x1cc Drivers/display/lcd.o
                0x00000000080059d8                LCD_DrawChar
 .text.LCD_Printf
                0x0000000008005ba4      0x17c Drivers/display/lcd.o
                0x0000000008005ba4                LCD_Printf
 .text.LCD_SetTextSize
                0x0000000008005d20       0x34 Drivers/display/lcd.o
                0x0000000008005d20                LCD_SetTextSize
 .text.LCD_SetTextColor
                0x0000000008005d54       0x30 Drivers/display/lcd.o
                0x0000000008005d54                LCD_SetTextColor
 .text.makeFreeRtosPriority
                0x0000000008005d84       0x30 Middlewares/Third_Party/FreeRTOS/Source/CMSIS_RTOS/cmsis_os.o
 .text.inHandlerMode
                0x0000000008005db4       0x24 Middlewares/Third_Party/FreeRTOS/Source/CMSIS_RTOS/cmsis_os.o
 .text.osKernelStart
                0x0000000008005dd8        0xe Middlewares/Third_Party/FreeRTOS/Source/CMSIS_RTOS/cmsis_os.o
                0x0000000008005dd8                osKernelStart
 .text.osThreadCreate
                0x0000000008005de6       0x98 Middlewares/Third_Party/FreeRTOS/Source/CMSIS_RTOS/cmsis_os.o
                0x0000000008005de6                osThreadCreate
 .text.osDelay  0x0000000008005e7e       0x28 Middlewares/Third_Party/FreeRTOS/Source/CMSIS_RTOS/cmsis_os.o
                0x0000000008005e7e                osDelay
 .text.osPoolAlloc
                0x0000000008005ea6       0xc4 Middlewares/Third_Party/FreeRTOS/Source/CMSIS_RTOS/cmsis_os.o
                0x0000000008005ea6                osPoolAlloc
 .text.osPoolFree
                0x0000000008005f6a       0x82 Middlewares/Third_Party/FreeRTOS/Source/CMSIS_RTOS/cmsis_os.o
                0x0000000008005f6a                osPoolFree
 .text.osMessageCreate
                0x0000000008005fec       0x52 Middlewares/Third_Party/FreeRTOS/Source/CMSIS_RTOS/cmsis_os.o
                0x0000000008005fec                osMessageCreate
 .text.osMailAlloc
                0x000000000800603e       0x2a Middlewares/Third_Party/FreeRTOS/Source/CMSIS_RTOS/cmsis_os.o
                0x000000000800603e                osMailAlloc
 .text.osMailPut
                0x0000000008006068       0x7c Middlewares/Third_Party/FreeRTOS/Source/CMSIS_RTOS/cmsis_os.o
                0x0000000008006068                osMailPut
 .text.osMailGet
                0x00000000080060e4       0xe8 Middlewares/Third_Party/FreeRTOS/Source/CMSIS_RTOS/cmsis_os.o
                0x00000000080060e4                osMailGet
 .text.osMailFree
                0x00000000080061cc       0x2a Middlewares/Third_Party/FreeRTOS/Source/CMSIS_RTOS/cmsis_os.o
                0x00000000080061cc                osMailFree
 .text.vListInitialise
                0x00000000080061f6       0x40 Middlewares/Third_Party/FreeRTOS/Source/list.o
                0x00000000080061f6                vListInitialise
 .text.vListInitialiseItem
                0x0000000008006236       0x1a Middlewares/Third_Party/FreeRTOS/Source/list.o
                0x0000000008006236                vListInitialiseItem
 .text.vListInsertEnd
                0x0000000008006250       0x48 Middlewares/Third_Party/FreeRTOS/Source/list.o
                0x0000000008006250                vListInsertEnd
 .text.vListInsert
                0x0000000008006298       0x72 Middlewares/Third_Party/FreeRTOS/Source/list.o
                0x0000000008006298                vListInsert
 .text.uxListRemove
                0x000000000800630a       0x54 Middlewares/Third_Party/FreeRTOS/Source/list.o
                0x000000000800630a                uxListRemove
 *fill*         0x000000000800635e        0x2 
 .text.xQueueGenericReset
                0x0000000008006360       0xd0 Middlewares/Third_Party/FreeRTOS/Source/queue.o
                0x0000000008006360                xQueueGenericReset
 .text.xQueueGenericCreateStatic
                0x0000000008006430       0xe4 Middlewares/Third_Party/FreeRTOS/Source/queue.o
                0x0000000008006430                xQueueGenericCreateStatic
 .text.xQueueGenericCreate
                0x0000000008006514       0x7a Middlewares/Third_Party/FreeRTOS/Source/queue.o
                0x0000000008006514                xQueueGenericCreate
 .text.prvInitialiseNewQueue
                0x000000000800658e       0x3e Middlewares/Third_Party/FreeRTOS/Source/queue.o
 .text.xQueueGenericSend
                0x00000000080065cc      0x1f4 Middlewares/Third_Party/FreeRTOS/Source/queue.o
                0x00000000080065cc                xQueueGenericSend
 .text.xQueueGenericSendFromISR
                0x00000000080067c0      0x128 Middlewares/Third_Party/FreeRTOS/Source/queue.o
                0x00000000080067c0                xQueueGenericSendFromISR
 .text.xQueueReceive
                0x00000000080068e8      0x1b8 Middlewares/Third_Party/FreeRTOS/Source/queue.o
                0x00000000080068e8                xQueueReceive
 .text.xQueueReceiveFromISR
                0x0000000008006aa0       0xfa Middlewares/Third_Party/FreeRTOS/Source/queue.o
                0x0000000008006aa0                xQueueReceiveFromISR
 .text.prvCopyDataToQueue
                0x0000000008006b9a       0xd4 Middlewares/Third_Party/FreeRTOS/Source/queue.o
 .text.prvCopyDataFromQueue
                0x0000000008006c6e       0x4c Middlewares/Third_Party/FreeRTOS/Source/queue.o
 .text.prvUnlockQueue
                0x0000000008006cba       0xa4 Middlewares/Third_Party/FreeRTOS/Source/queue.o
 .text.prvIsQueueEmpty
                0x0000000008006d5e       0x2c Middlewares/Third_Party/FreeRTOS/Source/queue.o
 .text.prvIsQueueFull
                0x0000000008006d8a       0x30 Middlewares/Third_Party/FreeRTOS/Source/queue.o
 .text.xTaskCreateStatic
                0x0000000008006dba       0xb2 Middlewares/Third_Party/FreeRTOS/Source/tasks.o
                0x0000000008006dba                xTaskCreateStatic
 .text.xTaskCreate
                0x0000000008006e6c       0x8a Middlewares/Third_Party/FreeRTOS/Source/tasks.o
                0x0000000008006e6c                xTaskCreate
 .text.prvInitialiseNewTask
                0x0000000008006ef6       0xfc Middlewares/Third_Party/FreeRTOS/Source/tasks.o
 *fill*         0x0000000008006ff2        0x2 
 .text.prvAddNewTaskToReadyList
                0x0000000008006ff4       0xd4 Middlewares/Third_Party/FreeRTOS/Source/tasks.o
 .text.vTaskDelay
                0x00000000080070c8       0x68 Middlewares/Third_Party/FreeRTOS/Source/tasks.o
                0x00000000080070c8                vTaskDelay
 .text.vTaskStartScheduler
                0x0000000008007130       0xbc Middlewares/Third_Party/FreeRTOS/Source/tasks.o
                0x0000000008007130                vTaskStartScheduler
 .text.vTaskSuspendAll
                0x00000000080071ec       0x1c Middlewares/Third_Party/FreeRTOS/Source/tasks.o
                0x00000000080071ec                vTaskSuspendAll
 .text.xTaskResumeAll
                0x0000000008007208      0x138 Middlewares/Third_Party/FreeRTOS/Source/tasks.o
                0x0000000008007208                xTaskResumeAll
 .text.xTaskIncrementTick
                0x0000000008007340      0x178 Middlewares/Third_Party/FreeRTOS/Source/tasks.o
                0x0000000008007340                xTaskIncrementTick
 .text.vTaskSwitchContext
                0x00000000080074b8       0xb4 Middlewares/Third_Party/FreeRTOS/Source/tasks.o
                0x00000000080074b8                vTaskSwitchContext
 .text.vTaskPlaceOnEventList
                0x000000000800756c       0x48 Middlewares/Third_Party/FreeRTOS/Source/tasks.o
                0x000000000800756c                vTaskPlaceOnEventList
 .text.xTaskRemoveFromEventList
                0x00000000080075b4       0xc4 Middlewares/Third_Party/FreeRTOS/Source/tasks.o
                0x00000000080075b4                xTaskRemoveFromEventList
 .text.vTaskInternalSetTimeOutState
                0x0000000008007678       0x2c Middlewares/Third_Party/FreeRTOS/Source/tasks.o
                0x0000000008007678                vTaskInternalSetTimeOutState
 .text.xTaskCheckForTimeOut
                0x00000000080076a4       0xc0 Middlewares/Third_Party/FreeRTOS/Source/tasks.o
                0x00000000080076a4                xTaskCheckForTimeOut
 .text.vTaskMissedYield
                0x0000000008007764       0x18 Middlewares/Third_Party/FreeRTOS/Source/tasks.o
                0x0000000008007764                vTaskMissedYield
 .text.prvIdleTask
                0x000000000800777c       0x30 Middlewares/Third_Party/FreeRTOS/Source/tasks.o
 .text.prvInitialiseTaskLists
                0x00000000080077ac       0x80 Middlewares/Third_Party/FreeRTOS/Source/tasks.o
 .text.prvCheckTasksWaitingTermination
                0x000000000800782c       0x58 Middlewares/Third_Party/FreeRTOS/Source/tasks.o
 .text.prvDeleteTCB
                0x0000000008007884       0x5c Middlewares/Third_Party/FreeRTOS/Source/tasks.o
 .text.prvResetNextTaskUnblockTime
                0x00000000080078e0       0x4c Middlewares/Third_Party/FreeRTOS/Source/tasks.o
 .text.xTaskGetSchedulerState
                0x000000000800792c       0x3c Middlewares/Third_Party/FreeRTOS/Source/tasks.o
                0x000000000800792c                xTaskGetSchedulerState
 .text.xTaskPriorityDisinherit
                0x0000000008007968      0x108 Middlewares/Third_Party/FreeRTOS/Source/tasks.o
                0x0000000008007968                xTaskPriorityDisinherit
 .text.prvAddCurrentTaskToDelayedList
                0x0000000008007a70       0xcc Middlewares/Third_Party/FreeRTOS/Source/tasks.o
 .text.pxPortInitialiseStack
                0x0000000008007b3c       0x68 Middlewares/Third_Party/FreeRTOS/Source/portable/GCC/ARM_CM4F/port.o
                0x0000000008007b3c                pxPortInitialiseStack
 .text.prvTaskExitError
                0x0000000008007ba4       0x54 Middlewares/Third_Party/FreeRTOS/Source/portable/GCC/ARM_CM4F/port.o
 *fill*         0x0000000008007bf8        0x8 
 .text.SVC_Handler
                0x0000000008007c00       0x28 Middlewares/Third_Party/FreeRTOS/Source/portable/GCC/ARM_CM4F/port.o
                0x0000000008007c00                SVC_Handler
 .text.prvPortStartFirstTask
                0x0000000008007c28       0x28 Middlewares/Third_Party/FreeRTOS/Source/portable/GCC/ARM_CM4F/port.o
 .text.xPortStartScheduler
                0x0000000008007c50      0x13c Middlewares/Third_Party/FreeRTOS/Source/portable/GCC/ARM_CM4F/port.o
                0x0000000008007c50                xPortStartScheduler
 .text.vPortEnterCritical
                0x0000000008007d8c       0x5c Middlewares/Third_Party/FreeRTOS/Source/portable/GCC/ARM_CM4F/port.o
                0x0000000008007d8c                vPortEnterCritical
 .text.vPortExitCritical
                0x0000000008007de8       0x50 Middlewares/Third_Party/FreeRTOS/Source/portable/GCC/ARM_CM4F/port.o
                0x0000000008007de8                vPortExitCritical
 *fill*         0x0000000008007e38        0x8 
 .text.PendSV_Handler
                0x0000000008007e40       0x68 Middlewares/Third_Party/FreeRTOS/Source/portable/GCC/ARM_CM4F/port.o
                0x0000000008007e40                PendSV_Handler
 .text.SysTick_Handler
                0x0000000008007ea8       0x40 Middlewares/Third_Party/FreeRTOS/Source/portable/GCC/ARM_CM4F/port.o
                0x0000000008007ea8                SysTick_Handler
 .text.vPortSetupTimerInterrupt
                0x0000000008007ee8       0x48 Middlewares/Third_Party/FreeRTOS/Source/portable/GCC/ARM_CM4F/port.o
                0x0000000008007ee8                vPortSetupTimerInterrupt
 .text.vPortEnableVFP
                0x0000000008007f30       0x14 Middlewares/Third_Party/FreeRTOS/Source/portable/GCC/ARM_CM4F/port.o
 .text.vPortValidateInterruptPriority
                0x0000000008007f44       0x7c Middlewares/Third_Party/FreeRTOS/Source/portable/GCC/ARM_CM4F/port.o
                0x0000000008007f44                vPortValidateInterruptPriority
 .text.pvPortMalloc
                0x0000000008007fc0      0x18c Middlewares/Third_Party/FreeRTOS/Source/portable/MemMang/heap_4.o
                0x0000000008007fc0                pvPortMalloc
 .text.vPortFree
                0x000000000800814c       0xb0 Middlewares/Third_Party/FreeRTOS/Source/portable/MemMang/heap_4.o
                0x000000000800814c                vPortFree
 .text.prvHeapInit
                0x00000000080081fc       0xc4 Middlewares/Third_Party/FreeRTOS/Source/portable/MemMang/heap_4.o
 .text.prvInsertBlockIntoFreeList
                0x00000000080082c0       0xb4 Middlewares/Third_Party/FreeRTOS/Source/portable/MemMang/heap_4.o
 .text.__errno  0x0000000008008374        0xc c:/st/stm32cubeide_1.1.0/stm32cubeide/plugins/com.st.stm32cube.ide.mcu.externaltools.gnu-tools-for-stm32.7-2018-q2-update.win32_1.0.0.201904181610/tools/bin/../lib/gcc/arm-none-eabi/7.3.1/../../../../arm-none-eabi/lib/thumb/v7e-m/fpv4-sp/hard\libc_nano.a(lib_a-errno.o)
                0x0000000008008374                __errno
 .text.exit     0x0000000008008380       0x28 c:/st/stm32cubeide_1.1.0/stm32cubeide/plugins/com.st.stm32cube.ide.mcu.externaltools.gnu-tools-for-stm32.7-2018-q2-update.win32_1.0.0.201904181610/tools/bin/../lib/gcc/arm-none-eabi/7.3.1/../../../../arm-none-eabi/lib/thumb/v7e-m/fpv4-sp/hard\libc_nano.a(lib_a-exit.o)
                0x0000000008008380                exit
 .text.__libc_init_array
                0x00000000080083a8       0x48 c:/st/stm32cubeide_1.1.0/stm32cubeide/plugins/com.st.stm32cube.ide.mcu.externaltools.gnu-tools-for-stm32.7-2018-q2-update.win32_1.0.0.201904181610/tools/bin/../lib/gcc/arm-none-eabi/7.3.1/../../../../arm-none-eabi/lib/thumb/v7e-m/fpv4-sp/hard\libc_nano.a(lib_a-init.o)
                0x00000000080083a8                __libc_init_array
 .text.memcpy   0x00000000080083f0       0x16 c:/st/stm32cubeide_1.1.0/stm32cubeide/plugins/com.st.stm32cube.ide.mcu.externaltools.gnu-tools-for-stm32.7-2018-q2-update.win32_1.0.0.201904181610/tools/bin/../lib/gcc/arm-none-eabi/7.3.1/../../../../arm-none-eabi/lib/thumb/v7e-m/fpv4-sp/hard\libc_nano.a(lib_a-memcpy-stub.o)
                0x00000000080083f0                memcpy
 .text.memset   0x0000000008008406       0x10 c:/st/stm32cubeide_1.1.0/stm32cubeide/plugins/com.st.stm32cube.ide.mcu.externaltools.gnu-tools-for-stm32.7-2018-q2-update.win32_1.0.0.201904181610/tools/bin/../lib/gcc/arm-none-eabi/7.3.1/../../../../arm-none-eabi/lib/thumb/v7e-m/fpv4-sp/hard\libc_nano.a(lib_a-memset.o)
                0x0000000008008406                memset
 .text.__cvt    0x0000000008008416       0xc2 c:/st/stm32cubeide_1.1.0/stm32cubeide/plugins/com.st.stm32cube.ide.mcu.externaltools.gnu-tools-for-stm32.7-2018-q2-update.win32_1.0.0.201904181610/tools/bin/../lib/gcc/arm-none-eabi/7.3.1/../../../../arm-none-eabi/lib/thumb/v7e-m/fpv4-sp/hard\libc_nano.a(lib_a-nano-vfprintf_float.o)
                0x0000000008008416                __cvt
 .text.__exponent
                0x00000000080084d8       0x66 c:/st/stm32cubeide_1.1.0/stm32cubeide/plugins/com.st.stm32cube.ide.mcu.externaltools.gnu-tools-for-stm32.7-2018-q2-update.win32_1.0.0.201904181610/tools/bin/../lib/gcc/arm-none-eabi/7.3.1/../../../../arm-none-eabi/lib/thumb/v7e-m/fpv4-sp/hard\libc_nano.a(lib_a-nano-vfprintf_float.o)
                0x00000000080084d8                __exponent
 *fill*         0x000000000800853e        0x2 
 .text._printf_float
                0x0000000008008540      0x480 c:/st/stm32cubeide_1.1.0/stm32cubeide/plugins/com.st.stm32cube.ide.mcu.externaltools.gnu-tools-for-stm32.7-2018-q2-update.win32_1.0.0.201904181610/tools/bin/../lib/gcc/arm-none-eabi/7.3.1/../../../../arm-none-eabi/lib/thumb/v7e-m/fpv4-sp/hard\libc_nano.a(lib_a-nano-vfprintf_float.o)
                0x0000000008008540                _printf_float
 .text._printf_common
                0x00000000080089c0       0xea c:/st/stm32cubeide_1.1.0/stm32cubeide/plugins/com.st.stm32cube.ide.mcu.externaltools.gnu-tools-for-stm32.7-2018-q2-update.win32_1.0.0.201904181610/tools/bin/../lib/gcc/arm-none-eabi/7.3.1/../../../../arm-none-eabi/lib/thumb/v7e-m/fpv4-sp/hard\libc_nano.a(lib_a-nano-vfprintf_i.o)
                0x00000000080089c0                _printf_common
 *fill*         0x0000000008008aaa        0x2 
 .text._printf_i
                0x0000000008008aac      0x224 c:/st/stm32cubeide_1.1.0/stm32cubeide/plugins/com.st.stm32cube.ide.mcu.externaltools.gnu-tools-for-stm32.7-2018-q2-update.win32_1.0.0.201904181610/tools/bin/../lib/gcc/arm-none-eabi/7.3.1/../../../../arm-none-eabi/lib/thumb/v7e-m/fpv4-sp/hard\libc_nano.a(lib_a-nano-vfprintf_i.o)
                0x0000000008008aac                _printf_i
 .text.snprintf
                0x0000000008008cd0       0x68 c:/st/stm32cubeide_1.1.0/stm32cubeide/plugins/com.st.stm32cube.ide.mcu.externaltools.gnu-tools-for-stm32.7-2018-q2-update.win32_1.0.0.201904181610/tools/bin/../lib/gcc/arm-none-eabi/7.3.1/../../../../arm-none-eabi/lib/thumb/v7e-m/fpv4-sp/hard\libc_nano.a(lib_a-snprintf.o)
                0x0000000008008cd0                sniprintf
                0x0000000008008cd0                snprintf
 .text._vsprintf_r
                0x0000000008008d38       0x2c c:/st/stm32cubeide_1.1.0/stm32cubeide/plugins/com.st.stm32cube.ide.mcu.externaltools.gnu-tools-for-stm32.7-2018-q2-update.win32_1.0.0.201904181610/tools/bin/../lib/gcc/arm-none-eabi/7.3.1/../../../../arm-none-eabi/lib/thumb/v7e-m/fpv4-sp/hard\libc_nano.a(lib_a-vsprintf.o)
                0x0000000008008d38                _vsprintf_r
                0x0000000008008d38                _vsiprintf_r
 .text.vsprintf
                0x0000000008008d64       0x14 c:/st/stm32cubeide_1.1.0/stm32cubeide/plugins/com.st.stm32cube.ide.mcu.externaltools.gnu-tools-for-stm32.7-2018-q2-update.win32_1.0.0.201904181610/tools/bin/../lib/gcc/arm-none-eabi/7.3.1/../../../../arm-none-eabi/lib/thumb/v7e-m/fpv4-sp/hard\libc_nano.a(lib_a-vsprintf.o)
                0x0000000008008d64                vsiprintf
                0x0000000008008d64                vsprintf
 .text.quorem   0x0000000008008d78      0x118 c:/st/stm32cubeide_1.1.0/stm32cubeide/plugins/com.st.stm32cube.ide.mcu.externaltools.gnu-tools-for-stm32.7-2018-q2-update.win32_1.0.0.201904181610/tools/bin/../lib/gcc/arm-none-eabi/7.3.1/../../../../arm-none-eabi/lib/thumb/v7e-m/fpv4-sp/hard\libc_nano.a(lib_a-dtoa.o)
 .text._dtoa_r  0x0000000008008e90      0xb70 c:/st/stm32cubeide_1.1.0/stm32cubeide/plugins/com.st.stm32cube.ide.mcu.externaltools.gnu-tools-for-stm32.7-2018-q2-update.win32_1.0.0.201904181610/tools/bin/../lib/gcc/arm-none-eabi/7.3.1/../../../../arm-none-eabi/lib/thumb/v7e-m/fpv4-sp/hard\libc_nano.a(lib_a-dtoa.o)
                0x0000000008008e90                _dtoa_r
 .text._localeconv_r
                0x0000000008009a00       0x1c c:/st/stm32cubeide_1.1.0/stm32cubeide/plugins/com.st.stm32cube.ide.mcu.externaltools.gnu-tools-for-stm32.7-2018-q2-update.win32_1.0.0.201904181610/tools/bin/../lib/gcc/arm-none-eabi/7.3.1/../../../../arm-none-eabi/lib/thumb/v7e-m/fpv4-sp/hard\libc_nano.a(lib_a-localeconv.o)
                0x0000000008009a00                _localeconv_r
 .text.malloc   0x0000000008009a1c       0x10 c:/st/stm32cubeide_1.1.0/stm32cubeide/plugins/com.st.stm32cube.ide.mcu.externaltools.gnu-tools-for-stm32.7-2018-q2-update.win32_1.0.0.201904181610/tools/bin/../lib/gcc/arm-none-eabi/7.3.1/../../../../arm-none-eabi/lib/thumb/v7e-m/fpv4-sp/hard\libc_nano.a(lib_a-malloc.o)
                0x0000000008009a1c                malloc
 .text._Balloc  0x0000000008009a2c       0x68 c:/st/stm32cubeide_1.1.0/stm32cubeide/plugins/com.st.stm32cube.ide.mcu.externaltools.gnu-tools-for-stm32.7-2018-q2-update.win32_1.0.0.201904181610/tools/bin/../lib/gcc/arm-none-eabi/7.3.1/../../../../arm-none-eabi/lib/thumb/v7e-m/fpv4-sp/hard\libc_nano.a(lib_a-mprec.o)
                0x0000000008009a2c                _Balloc
 .text._Bfree   0x0000000008009a94       0x2e c:/st/stm32cubeide_1.1.0/stm32cubeide/plugins/com.st.stm32cube.ide.mcu.externaltools.gnu-tools-for-stm32.7-2018-q2-update.win32_1.0.0.201904181610/tools/bin/../lib/gcc/arm-none-eabi/7.3.1/../../../../arm-none-eabi/lib/thumb/v7e-m/fpv4-sp/hard\libc_nano.a(lib_a-mprec.o)
                0x0000000008009a94                _Bfree
 .text.__multadd
                0x0000000008009ac2       0x76 c:/st/stm32cubeide_1.1.0/stm32cubeide/plugins/com.st.stm32cube.ide.mcu.externaltools.gnu-tools-for-stm32.7-2018-q2-update.win32_1.0.0.201904181610/tools/bin/../lib/gcc/arm-none-eabi/7.3.1/../../../../arm-none-eabi/lib/thumb/v7e-m/fpv4-sp/hard\libc_nano.a(lib_a-mprec.o)
                0x0000000008009ac2                __multadd
 .text.__hi0bits
                0x0000000008009b38       0x3e c:/st/stm32cubeide_1.1.0/stm32cubeide/plugins/com.st.stm32cube.ide.mcu.externaltools.gnu-tools-for-stm32.7-2018-q2-update.win32_1.0.0.201904181610/tools/bin/../lib/gcc/arm-none-eabi/7.3.1/../../../../arm-none-eabi/lib/thumb/v7e-m/fpv4-sp/hard\libc_nano.a(lib_a-mprec.o)
                0x0000000008009b38                __hi0bits
 .text.__lo0bits
                0x0000000008009b76       0x5e c:/st/stm32cubeide_1.1.0/stm32cubeide/plugins/com.st.stm32cube.ide.mcu.externaltools.gnu-tools-for-stm32.7-2018-q2-update.win32_1.0.0.201904181610/tools/bin/../lib/gcc/arm-none-eabi/7.3.1/../../../../arm-none-eabi/lib/thumb/v7e-m/fpv4-sp/hard\libc_nano.a(lib_a-mprec.o)
                0x0000000008009b76                __lo0bits
 .text.__i2b    0x0000000008009bd4       0x12 c:/st/stm32cubeide_1.1.0/stm32cubeide/plugins/com.st.stm32cube.ide.mcu.externaltools.gnu-tools-for-stm32.7-2018-q2-update.win32_1.0.0.201904181610/tools/bin/../lib/gcc/arm-none-eabi/7.3.1/../../../../arm-none-eabi/lib/thumb/v7e-m/fpv4-sp/hard\libc_nano.a(lib_a-mprec.o)
                0x0000000008009bd4                __i2b
 .text.__multiply
                0x0000000008009be6      0x12c c:/st/stm32cubeide_1.1.0/stm32cubeide/plugins/com.st.stm32cube.ide.mcu.externaltools.gnu-tools-for-stm32.7-2018-q2-update.win32_1.0.0.201904181610/tools/bin/../lib/gcc/arm-none-eabi/7.3.1/../../../../arm-none-eabi/lib/thumb/v7e-m/fpv4-sp/hard\libc_nano.a(lib_a-mprec.o)
                0x0000000008009be6                __multiply
 *fill*         0x0000000008009d12        0x2 
 .text.__pow5mult
                0x0000000008009d14       0x9c c:/st/stm32cubeide_1.1.0/stm32cubeide/plugins/com.st.stm32cube.ide.mcu.externaltools.gnu-tools-for-stm32.7-2018-q2-update.win32_1.0.0.201904181610/tools/bin/../lib/gcc/arm-none-eabi/7.3.1/../../../../arm-none-eabi/lib/thumb/v7e-m/fpv4-sp/hard\libc_nano.a(lib_a-mprec.o)
                0x0000000008009d14                __pow5mult
 .text.__lshift
                0x0000000008009db0       0xa8 c:/st/stm32cubeide_1.1.0/stm32cubeide/plugins/com.st.stm32cube.ide.mcu.externaltools.gnu-tools-for-stm32.7-2018-q2-update.win32_1.0.0.201904181610/tools/bin/../lib/gcc/arm-none-eabi/7.3.1/../../../../arm-none-eabi/lib/thumb/v7e-m/fpv4-sp/hard\libc_nano.a(lib_a-mprec.o)
                0x0000000008009db0                __lshift
 .text.__mcmp   0x0000000008009e58       0x34 c:/st/stm32cubeide_1.1.0/stm32cubeide/plugins/com.st.stm32cube.ide.mcu.externaltools.gnu-tools-for-stm32.7-2018-q2-update.win32_1.0.0.201904181610/tools/bin/../lib/gcc/arm-none-eabi/7.3.1/../../../../arm-none-eabi/lib/thumb/v7e-m/fpv4-sp/hard\libc_nano.a(lib_a-mprec.o)
                0x0000000008009e58                __mcmp
 .text.__mdiff  0x0000000008009e8c       0xba c:/st/stm32cubeide_1.1.0/stm32cubeide/plugins/com.st.stm32cube.ide.mcu.externaltools.gnu-tools-for-stm32.7-2018-q2-update.win32_1.0.0.201904181610/tools/bin/../lib/gcc/arm-none-eabi/7.3.1/../../../../arm-none-eabi/lib/thumb/v7e-m/fpv4-sp/hard\libc_nano.a(lib_a-mprec.o)
                0x0000000008009e8c                __mdiff
 .text.__d2b    0x0000000008009f46       0x9e c:/st/stm32cubeide_1.1.0/stm32cubeide/plugins/com.st.stm32cube.ide.mcu.externaltools.gnu-tools-for-stm32.7-2018-q2-update.win32_1.0.0.201904181610/tools/bin/../lib/gcc/arm-none-eabi/7.3.1/../../../../arm-none-eabi/lib/thumb/v7e-m/fpv4-sp/hard\libc_nano.a(lib_a-mprec.o)
                0x0000000008009f46                __d2b
 .text._calloc_r
                0x0000000008009fe4       0x1c c:/st/stm32cubeide_1.1.0/stm32cubeide/plugins/com.st.stm32cube.ide.mcu.externaltools.gnu-tools-for-stm32.7-2018-q2-update.win32_1.0.0.201904181610/tools/bin/../lib/gcc/arm-none-eabi/7.3.1/../../../../arm-none-eabi/lib/thumb/v7e-m/fpv4-sp/hard\libc_nano.a(lib_a-nano-callocr.o)
                0x0000000008009fe4                _calloc_r
 .text._free_r  0x000000000800a000       0x9c c:/st/stm32cubeide_1.1.0/stm32cubeide/plugins/com.st.stm32cube.ide.mcu.externaltools.gnu-tools-for-stm32.7-2018-q2-update.win32_1.0.0.201904181610/tools/bin/../lib/gcc/arm-none-eabi/7.3.1/../../../../arm-none-eabi/lib/thumb/v7e-m/fpv4-sp/hard\libc_nano.a(lib_a-nano-freer.o)
                0x000000000800a000                _free_r
 .text._malloc_r
                0x000000000800a09c       0xb4 c:/st/stm32cubeide_1.1.0/stm32cubeide/plugins/com.st.stm32cube.ide.mcu.externaltools.gnu-tools-for-stm32.7-2018-q2-update.win32_1.0.0.201904181610/tools/bin/../lib/gcc/arm-none-eabi/7.3.1/../../../../arm-none-eabi/lib/thumb/v7e-m/fpv4-sp/hard\libc_nano.a(lib_a-nano-mallocr.o)
                0x000000000800a09c                _malloc_r
 .text.__ssputs_r
                0x000000000800a150       0xb4 c:/st/stm32cubeide_1.1.0/stm32cubeide/plugins/com.st.stm32cube.ide.mcu.externaltools.gnu-tools-for-stm32.7-2018-q2-update.win32_1.0.0.201904181610/tools/bin/../lib/gcc/arm-none-eabi/7.3.1/../../../../arm-none-eabi/lib/thumb/v7e-m/fpv4-sp/hard\libc_nano.a(lib_a-nano-svfprintf.o)
                0x000000000800a150                __ssputs_r
 .text._svfprintf_r
                0x000000000800a204      0x1f0 c:/st/stm32cubeide_1.1.0/stm32cubeide/plugins/com.st.stm32cube.ide.mcu.externaltools.gnu-tools-for-stm32.7-2018-q2-update.win32_1.0.0.201904181610/tools/bin/../lib/gcc/arm-none-eabi/7.3.1/../../../../arm-none-eabi/lib/thumb/v7e-m/fpv4-sp/hard\libc_nano.a(lib_a-nano-svfprintf.o)
                0x000000000800a204                _svfiprintf_r
                0x000000000800a204                _svfprintf_r
 .text._sbrk_r  0x000000000800a3f4       0x20 c:/st/stm32cubeide_1.1.0/stm32cubeide/plugins/com.st.stm32cube.ide.mcu.externaltools.gnu-tools-for-stm32.7-2018-q2-update.win32_1.0.0.201904181610/tools/bin/../lib/gcc/arm-none-eabi/7.3.1/../../../../arm-none-eabi/lib/thumb/v7e-m/fpv4-sp/hard\libc_nano.a(lib_a-sbrkr.o)
                0x000000000800a3f4                _sbrk_r
 .text.__ascii_mbtowc
                0x000000000800a414       0x24 c:/st/stm32cubeide_1.1.0/stm32cubeide/plugins/com.st.stm32cube.ide.mcu.externaltools.gnu-tools-for-stm32.7-2018-q2-update.win32_1.0.0.201904181610/tools/bin/../lib/gcc/arm-none-eabi/7.3.1/../../../../arm-none-eabi/lib/thumb/v7e-m/fpv4-sp/hard\libc_nano.a(lib_a-mbtowc_r.o)
                0x000000000800a414                __ascii_mbtowc
 .text.memmove  0x000000000800a438       0x32 c:/st/stm32cubeide_1.1.0/stm32cubeide/plugins/com.st.stm32cube.ide.mcu.externaltools.gnu-tools-for-stm32.7-2018-q2-update.win32_1.0.0.201904181610/tools/bin/../lib/gcc/arm-none-eabi/7.3.1/../../../../arm-none-eabi/lib/thumb/v7e-m/fpv4-sp/hard\libc_nano.a(lib_a-memmove.o)
                0x000000000800a438                memmove
 .text.__malloc_lock
                0x000000000800a46a        0x2 c:/st/stm32cubeide_1.1.0/stm32cubeide/plugins/com.st.stm32cube.ide.mcu.externaltools.gnu-tools-for-stm32.7-2018-q2-update.win32_1.0.0.201904181610/tools/bin/../lib/gcc/arm-none-eabi/7.3.1/../../../../arm-none-eabi/lib/thumb/v7e-m/fpv4-sp/hard\libc_nano.a(lib_a-mlock.o)
                0x000000000800a46a                __malloc_lock
 .text.__malloc_unlock
                0x000000000800a46c        0x2 c:/st/stm32cubeide_1.1.0/stm32cubeide/plugins/com.st.stm32cube.ide.mcu.externaltools.gnu-tools-for-stm32.7-2018-q2-update.win32_1.0.0.201904181610/tools/bin/../lib/gcc/arm-none-eabi/7.3.1/../../../../arm-none-eabi/lib/thumb/v7e-m/fpv4-sp/hard\libc_nano.a(lib_a-mlock.o)
                0x000000000800a46c                __malloc_unlock
 .text._realloc_r
                0x000000000800a46e       0x4c c:/st/stm32cubeide_1.1.0/stm32cubeide/plugins/com.st.stm32cube.ide.mcu.externaltools.gnu-tools-for-stm32.7-2018-q2-update.win32_1.0.0.201904181610/tools/bin/../lib/gcc/arm-none-eabi/7.3.1/../../../../arm-none-eabi/lib/thumb/v7e-m/fpv4-sp/hard\libc_nano.a(lib_a-nano-reallocr.o)
                0x000000000800a46e                _realloc_r
 .text.__ascii_wctomb
                0x000000000800a4ba       0x1a c:/st/stm32cubeide_1.1.0/stm32cubeide/plugins/com.st.stm32cube.ide.mcu.externaltools.gnu-tools-for-stm32.7-2018-q2-update.win32_1.0.0.201904181610/tools/bin/../lib/gcc/arm-none-eabi/7.3.1/../../../../arm-none-eabi/lib/thumb/v7e-m/fpv4-sp/hard\libc_nano.a(lib_a-wctomb_r.o)
                0x000000000800a4ba                __ascii_wctomb
 .text._malloc_usable_size_r
                0x000000000800a4d4       0x10 c:/st/stm32cubeide_1.1.0/stm32cubeide/plugins/com.st.stm32cube.ide.mcu.externaltools.gnu-tools-for-stm32.7-2018-q2-update.win32_1.0.0.201904181610/tools/bin/../lib/gcc/arm-none-eabi/7.3.1/../../../../arm-none-eabi/lib/thumb/v7e-m/fpv4-sp/hard\libc_nano.a(lib_a-nano-msizer.o)
                0x000000000800a4d4                _malloc_usable_size_r
 *(.glue_7)
 .glue_7        0x000000000800a4e4        0x0 linker stubs
 *(.glue_7t)
 .glue_7t       0x000000000800a4e4        0x0 linker stubs
 *(.eh_frame)
 .eh_frame      0x000000000800a4e4        0x0 c:/st/stm32cubeide_1.1.0/stm32cubeide/plugins/com.st.stm32cube.ide.mcu.externaltools.gnu-tools-for-stm32.7-2018-q2-update.win32_1.0.0.201904181610/tools/bin/../lib/gcc/arm-none-eabi/7.3.1/thumb/v7e-m/fpv4-sp/hard/crtbegin.o
 *(.init)
 .init          0x000000000800a4e4        0x4 c:/st/stm32cubeide_1.1.0/stm32cubeide/plugins/com.st.stm32cube.ide.mcu.externaltools.gnu-tools-for-stm32.7-2018-q2-update.win32_1.0.0.201904181610/tools/bin/../lib/gcc/arm-none-eabi/7.3.1/thumb/v7e-m/fpv4-sp/hard/crti.o
                0x000000000800a4e4                _init
 .init          0x000000000800a4e8        0x8 c:/st/stm32cubeide_1.1.0/stm32cubeide/plugins/com.st.stm32cube.ide.mcu.externaltools.gnu-tools-for-stm32.7-2018-q2-update.win32_1.0.0.201904181610/tools/bin/../lib/gcc/arm-none-eabi/7.3.1/thumb/v7e-m/fpv4-sp/hard/crtn.o
 *(.fini)
 .fini          0x000000000800a4f0        0x4 c:/st/stm32cubeide_1.1.0/stm32cubeide/plugins/com.st.stm32cube.ide.mcu.externaltools.gnu-tools-for-stm32.7-2018-q2-update.win32_1.0.0.201904181610/tools/bin/../lib/gcc/arm-none-eabi/7.3.1/thumb/v7e-m/fpv4-sp/hard/crti.o
                0x000000000800a4f0                _fini
 .fini          0x000000000800a4f4        0x8 c:/st/stm32cubeide_1.1.0/stm32cubeide/plugins/com.st.stm32cube.ide.mcu.externaltools.gnu-tools-for-stm32.7-2018-q2-update.win32_1.0.0.201904181610/tools/bin/../lib/gcc/arm-none-eabi/7.3.1/thumb/v7e-m/fpv4-sp/hard/crtn.o
                0x000000000800a4fc                . = ALIGN (0x4)
                0x000000000800a4fc                _etext = .

.vfp11_veneer   0x000000000800a4fc        0x0
 .vfp11_veneer  0x000000000800a4fc        0x0 linker stubs

.v4_bx          0x000000000800a4fc        0x0
 .v4_bx         0x000000000800a4fc        0x0 linker stubs

.iplt           0x000000000800a4fc        0x0
 .iplt          0x000000000800a4fc        0x0 c:/st/stm32cubeide_1.1.0/stm32cubeide/plugins/com.st.stm32cube.ide.mcu.externaltools.gnu-tools-for-stm32.7-2018-q2-update.win32_1.0.0.201904181610/tools/bin/../lib/gcc/arm-none-eabi/7.3.1/thumb/v7e-m/fpv4-sp/hard/crtbegin.o

.rodata         0x000000000800a500      0x888
                0x000000000800a500                . = ALIGN (0x4)
 *(.rodata)
 .rodata        0x000000000800a500       0xc1 Core/Src/freertos.o
 *fill*         0x000000000800a5c1        0x3 
 .rodata        0x000000000800a5c4        0x5 Middlewares/Third_Party/FreeRTOS/Source/tasks.o
 *(.rodata*)
 *fill*         0x000000000800a5c9        0x3 
 .rodata.AHBPrescTable
                0x000000000800a5cc       0x10 Core/Src/system_stm32f4xx.o
                0x000000000800a5cc                AHBPrescTable
 .rodata.APBPrescTable
                0x000000000800a5dc        0x8 Core/Src/system_stm32f4xx.o
                0x000000000800a5dc                APBPrescTable
 .rodata.Font12_Table
                0x000000000800a5e4      0x474 Drivers/display/Fonts/font12.o
                0x000000000800a5e4                Font12_Table
 .rodata.ILI932x_regValues
                0x000000000800aa58       0xcc Drivers/display/lcd.o
 .rodata._global_impure_ptr
                0x000000000800ab24        0x4 c:/st/stm32cubeide_1.1.0/stm32cubeide/plugins/com.st.stm32cube.ide.mcu.externaltools.gnu-tools-for-stm32.7-2018-q2-update.win32_1.0.0.201904181610/tools/bin/../lib/gcc/arm-none-eabi/7.3.1/../../../../arm-none-eabi/lib/thumb/v7e-m/fpv4-sp/hard\libc_nano.a(lib_a-impure.o)
                0x000000000800ab24                _global_impure_ptr
 .rodata._printf_float.str1.1
                0x000000000800ab28       0x12 c:/st/stm32cubeide_1.1.0/stm32cubeide/plugins/com.st.stm32cube.ide.mcu.externaltools.gnu-tools-for-stm32.7-2018-q2-update.win32_1.0.0.201904181610/tools/bin/../lib/gcc/arm-none-eabi/7.3.1/../../../../arm-none-eabi/lib/thumb/v7e-m/fpv4-sp/hard\libc_nano.a(lib_a-nano-vfprintf_float.o)
 .rodata._printf_i.str1.1
                0x000000000800ab3a       0x22 c:/st/stm32cubeide_1.1.0/stm32cubeide/plugins/com.st.stm32cube.ide.mcu.externaltools.gnu-tools-for-stm32.7-2018-q2-update.win32_1.0.0.201904181610/tools/bin/../lib/gcc/arm-none-eabi/7.3.1/../../../../arm-none-eabi/lib/thumb/v7e-m/fpv4-sp/hard\libc_nano.a(lib_a-nano-vfprintf_i.o)
 .rodata._dtoa_r.str1.1
                0x000000000800ab5c        0xd c:/st/stm32cubeide_1.1.0/stm32cubeide/plugins/com.st.stm32cube.ide.mcu.externaltools.gnu-tools-for-stm32.7-2018-q2-update.win32_1.0.0.201904181610/tools/bin/../lib/gcc/arm-none-eabi/7.3.1/../../../../arm-none-eabi/lib/thumb/v7e-m/fpv4-sp/hard\libc_nano.a(lib_a-dtoa.o)
                                          0xf (size before relaxing)
 *fill*         0x000000000800ab69        0x7 
 .rodata.__mprec_bigtens
                0x000000000800ab70       0x28 c:/st/stm32cubeide_1.1.0/stm32cubeide/plugins/com.st.stm32cube.ide.mcu.externaltools.gnu-tools-for-stm32.7-2018-q2-update.win32_1.0.0.201904181610/tools/bin/../lib/gcc/arm-none-eabi/7.3.1/../../../../arm-none-eabi/lib/thumb/v7e-m/fpv4-sp/hard\libc_nano.a(lib_a-mprec.o)
                0x000000000800ab70                __mprec_bigtens
 .rodata.__mprec_tens
                0x000000000800ab98       0xc8 c:/st/stm32cubeide_1.1.0/stm32cubeide/plugins/com.st.stm32cube.ide.mcu.externaltools.gnu-tools-for-stm32.7-2018-q2-update.win32_1.0.0.201904181610/tools/bin/../lib/gcc/arm-none-eabi/7.3.1/../../../../arm-none-eabi/lib/thumb/v7e-m/fpv4-sp/hard\libc_nano.a(lib_a-mprec.o)
                0x000000000800ab98                __mprec_tens
 .rodata.p05.7359
                0x000000000800ac60        0xc c:/st/stm32cubeide_1.1.0/stm32cubeide/plugins/com.st.stm32cube.ide.mcu.externaltools.gnu-tools-for-stm32.7-2018-q2-update.win32_1.0.0.201904181610/tools/bin/../lib/gcc/arm-none-eabi/7.3.1/../../../../arm-none-eabi/lib/thumb/v7e-m/fpv4-sp/hard\libc_nano.a(lib_a-mprec.o)
 .rodata._svfprintf_r.str1.1
                0x000000000800ac6c       0x11 c:/st/stm32cubeide_1.1.0/stm32cubeide/plugins/com.st.stm32cube.ide.mcu.externaltools.gnu-tools-for-stm32.7-2018-q2-update.win32_1.0.0.201904181610/tools/bin/../lib/gcc/arm-none-eabi/7.3.1/../../../../arm-none-eabi/lib/thumb/v7e-m/fpv4-sp/hard\libc_nano.a(lib_a-nano-svfprintf.o)
 .rodata._setlocale_r.str1.1
                0x000000000800ac7d        0x8 c:/st/stm32cubeide_1.1.0/stm32cubeide/plugins/com.st.stm32cube.ide.mcu.externaltools.gnu-tools-for-stm32.7-2018-q2-update.win32_1.0.0.201904181610/tools/bin/../lib/gcc/arm-none-eabi/7.3.1/../../../../arm-none-eabi/lib/thumb/v7e-m/fpv4-sp/hard\libc_nano.a(lib_a-locale.o)
                                          0x9 (size before relaxing)
 .rodata.str1.1
                0x000000000800ac85        0x2 c:/st/stm32cubeide_1.1.0/stm32cubeide/plugins/com.st.stm32cube.ide.mcu.externaltools.gnu-tools-for-stm32.7-2018-q2-update.win32_1.0.0.201904181610/tools/bin/../lib/gcc/arm-none-eabi/7.3.1/../../../../arm-none-eabi/lib/thumb/v7e-m/fpv4-sp/hard\libc_nano.a(lib_a-locale.o)
 .rodata._ctype_
                0x000000000800ac87      0x101 c:/st/stm32cubeide_1.1.0/stm32cubeide/plugins/com.st.stm32cube.ide.mcu.externaltools.gnu-tools-for-stm32.7-2018-q2-update.win32_1.0.0.201904181610/tools/bin/../lib/gcc/arm-none-eabi/7.3.1/../../../../arm-none-eabi/lib/thumb/v7e-m/fpv4-sp/hard\libc_nano.a(lib_a-ctype_.o)
                0x000000000800ac87                _ctype_
                0x000000000800ad88                . = ALIGN (0x4)

.ARM.extab      0x000000000800ad88        0x0
                0x000000000800ad88                . = ALIGN (0x4)
 *(.ARM.extab* .gnu.linkonce.armextab.*)
                0x000000000800ad88                . = ALIGN (0x4)

.ARM            0x000000000800ad88        0x8
                0x000000000800ad88                . = ALIGN (0x4)
                0x000000000800ad88                __exidx_start = .
 *(.ARM.exidx*)
 .ARM.exidx     0x000000000800ad88        0x8 c:/st/stm32cubeide_1.1.0/stm32cubeide/plugins/com.st.stm32cube.ide.mcu.externaltools.gnu-tools-for-stm32.7-2018-q2-update.win32_1.0.0.201904181610/tools/bin/../lib/gcc/arm-none-eabi/7.3.1/thumb/v7e-m/fpv4-sp/hard\libgcc.a(_udivmoddi4.o)
                0x000000000800ad90                __exidx_end = .
                0x000000000800ad90                . = ALIGN (0x4)

.rel.dyn        0x000000000800ad90        0x0
 .rel.iplt      0x000000000800ad90        0x0 c:/st/stm32cubeide_1.1.0/stm32cubeide/plugins/com.st.stm32cube.ide.mcu.externaltools.gnu-tools-for-stm32.7-2018-q2-update.win32_1.0.0.201904181610/tools/bin/../lib/gcc/arm-none-eabi/7.3.1/thumb/v7e-m/fpv4-sp/hard/crtbegin.o

.preinit_array  0x000000000800ad90        0x0
                0x000000000800ad90                . = ALIGN (0x4)
                0x000000000800ad90                PROVIDE (__preinit_array_start = .)
 *(.preinit_array*)
                0x000000000800ad90                PROVIDE (__preinit_array_end = .)
                0x000000000800ad90                . = ALIGN (0x4)

.init_array     0x000000000800ad90        0x4
                0x000000000800ad90                . = ALIGN (0x4)
                0x000000000800ad90                PROVIDE (__init_array_start = .)
 *(SORT_BY_NAME(.init_array.*))
 *(.init_array*)
 .init_array    0x000000000800ad90        0x4 c:/st/stm32cubeide_1.1.0/stm32cubeide/plugins/com.st.stm32cube.ide.mcu.externaltools.gnu-tools-for-stm32.7-2018-q2-update.win32_1.0.0.201904181610/tools/bin/../lib/gcc/arm-none-eabi/7.3.1/thumb/v7e-m/fpv4-sp/hard/crtbegin.o
                0x000000000800ad94                PROVIDE (__init_array_end = .)
                0x000000000800ad94                . = ALIGN (0x4)

.fini_array     0x000000000800ad94        0x4
                0x000000000800ad94                . = ALIGN (0x4)
                [!provide]                        PROVIDE (__fini_array_start = .)
 *(SORT_BY_NAME(.fini_array.*))
 *(.fini_array*)
 .fini_array    0x000000000800ad94        0x4 c:/st/stm32cubeide_1.1.0/stm32cubeide/plugins/com.st.stm32cube.ide.mcu.externaltools.gnu-tools-for-stm32.7-2018-q2-update.win32_1.0.0.201904181610/tools/bin/../lib/gcc/arm-none-eabi/7.3.1/thumb/v7e-m/fpv4-sp/hard/crtbegin.o
                [!provide]                        PROVIDE (__fini_array_end = .)
                0x000000000800ad98                . = ALIGN (0x4)
                0x000000000800ad98                _sidata = LOADADDR (.data)

.data           0x0000000020000000      0x1ec load address 0x000000000800ad98
                0x0000000020000000                . = ALIGN (0x4)
                0x0000000020000000                _sdata = .
 *(.data)
 *(.data*)
 .data.SystemCoreClock
                0x0000000020000000        0x4 Core/Src/system_stm32f4xx.o
                0x0000000020000000                SystemCoreClock
 .data.uwTickPrio
                0x0000000020000004        0x4 Drivers/STM32F4xx_HAL_Driver/Src/stm32f4xx_hal.o
                0x0000000020000004                uwTickPrio
 .data.uwTickFreq
                0x0000000020000008        0x1 Drivers/STM32F4xx_HAL_Driver/Src/stm32f4xx_hal.o
                0x0000000020000008                uwTickFreq
 *fill*         0x0000000020000009        0x3 
 .data.Font12   0x000000002000000c        0x8 Drivers/display/Fonts/font12.o
                0x000000002000000c                Font12
 .data.fonts    0x0000000020000014        0x4 Drivers/display/lcd.o
 .data.uxCriticalNesting
                0x0000000020000018        0x4 Middlewares/Third_Party/FreeRTOS/Source/portable/GCC/ARM_CM4F/port.o
 .data._impure_ptr
                0x000000002000001c        0x4 c:/st/stm32cubeide_1.1.0/stm32cubeide/plugins/com.st.stm32cube.ide.mcu.externaltools.gnu-tools-for-stm32.7-2018-q2-update.win32_1.0.0.201904181610/tools/bin/../lib/gcc/arm-none-eabi/7.3.1/../../../../arm-none-eabi/lib/thumb/v7e-m/fpv4-sp/hard\libc_nano.a(lib_a-impure.o)
                0x000000002000001c                _impure_ptr
 .data.impure_data
                0x0000000020000020       0x60 c:/st/stm32cubeide_1.1.0/stm32cubeide/plugins/com.st.stm32cube.ide.mcu.externaltools.gnu-tools-for-stm32.7-2018-q2-update.win32_1.0.0.201904181610/tools/bin/../lib/gcc/arm-none-eabi/7.3.1/../../../../arm-none-eabi/lib/thumb/v7e-m/fpv4-sp/hard\libc_nano.a(lib_a-impure.o)
 .data.__global_locale
                0x0000000020000080      0x16c c:/st/stm32cubeide_1.1.0/stm32cubeide/plugins/com.st.stm32cube.ide.mcu.externaltools.gnu-tools-for-stm32.7-2018-q2-update.win32_1.0.0.201904181610/tools/bin/../lib/gcc/arm-none-eabi/7.3.1/../../../../arm-none-eabi/lib/thumb/v7e-m/fpv4-sp/hard\libc_nano.a(lib_a-locale.o)
                0x0000000020000080                __global_locale
                0x00000000200001ec                . = ALIGN (0x4)
                0x00000000200001ec                _edata = .

.igot.plt       0x00000000200001ec        0x0 load address 0x000000000800af84
 .igot.plt      0x00000000200001ec        0x0 c:/st/stm32cubeide_1.1.0/stm32cubeide/plugins/com.st.stm32cube.ide.mcu.externaltools.gnu-tools-for-stm32.7-2018-q2-update.win32_1.0.0.201904181610/tools/bin/../lib/gcc/arm-none-eabi/7.3.1/thumb/v7e-m/fpv4-sp/hard/crtbegin.o
                0x00000000200001ec                . = ALIGN (0x4)

.bss            0x00000000200001ec     0x41c4 load address 0x000000000800af84
                0x00000000200001ec                _sbss = .
                0x00000000200001ec                __bss_start__ = _sbss
 *(.bss)
 .bss           0x00000000200001ec       0x1c c:/st/stm32cubeide_1.1.0/stm32cubeide/plugins/com.st.stm32cube.ide.mcu.externaltools.gnu-tools-for-stm32.7-2018-q2-update.win32_1.0.0.201904181610/tools/bin/../lib/gcc/arm-none-eabi/7.3.1/thumb/v7e-m/fpv4-sp/hard/crtbegin.o
 *(.bss*)
 .bss.xIdleTaskTCBBuffer
                0x0000000020000208       0x54 Core/Src/freertos.o
 .bss.xIdleStack
                0x000000002000025c      0x200 Core/Src/freertos.o
 .bss.heap_end.6424
                0x000000002000045c        0x4 Core/Src/sysmem.o
 .bss.m_width   0x0000000020000460        0x2 Drivers/display/lcd.o
 .bss.m_height  0x0000000020000462        0x2 Drivers/display/lcd.o
 .bss.m_cursor_x
                0x0000000020000464        0x2 Drivers/display/lcd.o
 .bss.m_cursor_y
                0x0000000020000466        0x2 Drivers/display/lcd.o
 .bss.m_textcolor
                0x0000000020000468        0x2 Drivers/display/lcd.o
 .bss.m_textbgcolor
                0x000000002000046a        0x2 Drivers/display/lcd.o
 .bss.m_font    0x000000002000046c        0x1 Drivers/display/lcd.o
 .bss.m_rotation
                0x000000002000046d        0x1 Drivers/display/lcd.o
 .bss.m_wrap    0x000000002000046e        0x1 Drivers/display/lcd.o
 *fill*         0x000000002000046f        0x1 
 .bss.buf.10263
                0x0000000020000470      0x100 Drivers/display/lcd.o
 .bss.pxCurrentTCB
                0x0000000020000570        0x4 Middlewares/Third_Party/FreeRTOS/Source/tasks.o
                0x0000000020000570                pxCurrentTCB
 .bss.pxReadyTasksLists
                0x0000000020000574       0x8c Middlewares/Third_Party/FreeRTOS/Source/tasks.o
 .bss.xDelayedTaskList1
                0x0000000020000600       0x14 Middlewares/Third_Party/FreeRTOS/Source/tasks.o
 .bss.xDelayedTaskList2
                0x0000000020000614       0x14 Middlewares/Third_Party/FreeRTOS/Source/tasks.o
 .bss.pxDelayedTaskList
                0x0000000020000628        0x4 Middlewares/Third_Party/FreeRTOS/Source/tasks.o
 .bss.pxOverflowDelayedTaskList
                0x000000002000062c        0x4 Middlewares/Third_Party/FreeRTOS/Source/tasks.o
 .bss.xPendingReadyList
                0x0000000020000630       0x14 Middlewares/Third_Party/FreeRTOS/Source/tasks.o
 .bss.xTasksWaitingTermination
                0x0000000020000644       0x14 Middlewares/Third_Party/FreeRTOS/Source/tasks.o
 .bss.uxDeletedTasksWaitingCleanUp
                0x0000000020000658        0x4 Middlewares/Third_Party/FreeRTOS/Source/tasks.o
 .bss.xSuspendedTaskList
                0x000000002000065c       0x14 Middlewares/Third_Party/FreeRTOS/Source/tasks.o
 .bss.uxCurrentNumberOfTasks
                0x0000000020000670        0x4 Middlewares/Third_Party/FreeRTOS/Source/tasks.o
 .bss.xTickCount
                0x0000000020000674        0x4 Middlewares/Third_Party/FreeRTOS/Source/tasks.o
 .bss.uxTopReadyPriority
                0x0000000020000678        0x4 Middlewares/Third_Party/FreeRTOS/Source/tasks.o
 .bss.xSchedulerRunning
                0x000000002000067c        0x4 Middlewares/Third_Party/FreeRTOS/Source/tasks.o
 .bss.uxPendedTicks
                0x0000000020000680        0x4 Middlewares/Third_Party/FreeRTOS/Source/tasks.o
 .bss.xYieldPending
                0x0000000020000684        0x4 Middlewares/Third_Party/FreeRTOS/Source/tasks.o
 .bss.xNumOfOverflows
                0x0000000020000688        0x4 Middlewares/Third_Party/FreeRTOS/Source/tasks.o
 .bss.uxTaskNumber
                0x000000002000068c        0x4 Middlewares/Third_Party/FreeRTOS/Source/tasks.o
 .bss.xNextTaskUnblockTime
                0x0000000020000690        0x4 Middlewares/Third_Party/FreeRTOS/Source/tasks.o
 .bss.xIdleTaskHandle
                0x0000000020000694        0x4 Middlewares/Third_Party/FreeRTOS/Source/tasks.o
 .bss.uxSchedulerSuspended
                0x0000000020000698        0x4 Middlewares/Third_Party/FreeRTOS/Source/tasks.o
 .bss.ucMaxSysCallPriority
                0x000000002000069c        0x1 Middlewares/Third_Party/FreeRTOS/Source/portable/GCC/ARM_CM4F/port.o
 *fill*         0x000000002000069d        0x3 
 .bss.ulMaxPRIGROUPValue
                0x00000000200006a0        0x4 Middlewares/Third_Party/FreeRTOS/Source/portable/GCC/ARM_CM4F/port.o
 .bss.ucHeap    0x00000000200006a4     0x3c00 Middlewares/Third_Party/FreeRTOS/Source/portable/MemMang/heap_4.o
 .bss.xStart    0x00000000200042a4        0x8 Middlewares/Third_Party/FreeRTOS/Source/portable/MemMang/heap_4.o
 .bss.pxEnd     0x00000000200042ac        0x4 Middlewares/Third_Party/FreeRTOS/Source/portable/MemMang/heap_4.o
 .bss.xFreeBytesRemaining
                0x00000000200042b0        0x4 Middlewares/Third_Party/FreeRTOS/Source/portable/MemMang/heap_4.o
 .bss.xMinimumEverFreeBytesRemaining
                0x00000000200042b4        0x4 Middlewares/Third_Party/FreeRTOS/Source/portable/MemMang/heap_4.o
 .bss.xBlockAllocatedBit
                0x00000000200042b8        0x4 Middlewares/Third_Party/FreeRTOS/Source/portable/MemMang/heap_4.o
 .bss.__malloc_free_list
                0x00000000200042bc        0x4 c:/st/stm32cubeide_1.1.0/stm32cubeide/plugins/com.st.stm32cube.ide.mcu.externaltools.gnu-tools-for-stm32.7-2018-q2-update.win32_1.0.0.201904181610/tools/bin/../lib/gcc/arm-none-eabi/7.3.1/../../../../arm-none-eabi/lib/thumb/v7e-m/fpv4-sp/hard\libc_nano.a(lib_a-nano-mallocr.o)
                0x00000000200042bc                __malloc_free_list
 .bss.__malloc_sbrk_start
                0x00000000200042c0        0x4 c:/st/stm32cubeide_1.1.0/stm32cubeide/plugins/com.st.stm32cube.ide.mcu.externaltools.gnu-tools-for-stm32.7-2018-q2-update.win32_1.0.0.201904181610/tools/bin/../lib/gcc/arm-none-eabi/7.3.1/../../../../arm-none-eabi/lib/thumb/v7e-m/fpv4-sp/hard\libc_nano.a(lib_a-nano-mallocr.o)
                0x00000000200042c0                __malloc_sbrk_start
 *(COMMON)
 COMMON         0x00000000200042c4        0xc Core/Src/freertos.o
                0x00000000200042c4                pipeHandle
                0x00000000200042c8                thread_uartHandle
                0x00000000200042cc                thread_sensorHandle
 COMMON         0x00000000200042d0       0x54 Core/Src/i2c.o
                0x00000000200042d0                hi2c1
 COMMON         0x0000000020004324       0x40 Core/Src/stm32f4xx_hal_timebase_tim.o
                0x0000000020004324                htim7
 COMMON         0x0000000020004364       0x40 Core/Src/usart.o
                0x0000000020004364                huart2
 COMMON         0x00000000200043a4        0x4 Drivers/BMP280/BMP280.o
                0x00000000200043a4                p_bmp280
 COMMON         0x00000000200043a8        0x4 Drivers/STM32F4xx_HAL_Driver/Src/stm32f4xx_hal.o
                0x00000000200043a8                uwTick
 COMMON         0x00000000200043ac        0x4 c:/st/stm32cubeide_1.1.0/stm32cubeide/plugins/com.st.stm32cube.ide.mcu.externaltools.gnu-tools-for-stm32.7-2018-q2-update.win32_1.0.0.201904181610/tools/bin/../lib/gcc/arm-none-eabi/7.3.1/../../../../arm-none-eabi/lib/thumb/v7e-m/fpv4-sp/hard\libc_nano.a(lib_a-reent.o)
                0x00000000200043ac                errno
                0x00000000200043b0                . = ALIGN (0x4)
                0x00000000200043b0                _ebss = .
                0x00000000200043b0                __bss_end__ = _ebss

._user_heap_stack
                0x00000000200043b0      0x600 load address 0x000000000800af84
                0x00000000200043b0                . = ALIGN (0x8)
                0x00000000200043b0                PROVIDE (end = .)
                [!provide]                        PROVIDE (_end = .)
                0x00000000200045b0                . = (. + _Min_Heap_Size)
 *fill*         0x00000000200043b0      0x200 
                0x00000000200049b0                . = (. + _Min_Stack_Size)
 *fill*         0x00000000200045b0      0x400 
                0x00000000200049b0                . = ALIGN (0x8)

/DISCARD/
 libc.a(*)
 libm.a(*)
 libgcc.a(*)

.ARM.attributes
                0x0000000000000000       0x30
 *(.ARM.attributes)
 .ARM.attributes
                0x0000000000000000       0x22 c:/st/stm32cubeide_1.1.0/stm32cubeide/plugins/com.st.stm32cube.ide.mcu.externaltools.gnu-tools-for-stm32.7-2018-q2-update.win32_1.0.0.201904181610/tools/bin/../lib/gcc/arm-none-eabi/7.3.1/thumb/v7e-m/fpv4-sp/hard/crti.o
 .ARM.attributes
                0x0000000000000022       0x34 c:/st/stm32cubeide_1.1.0/stm32cubeide/plugins/com.st.stm32cube.ide.mcu.externaltools.gnu-tools-for-stm32.7-2018-q2-update.win32_1.0.0.201904181610/tools/bin/../lib/gcc/arm-none-eabi/7.3.1/thumb/v7e-m/fpv4-sp/hard/crtbegin.o
 .ARM.attributes
                0x0000000000000056       0x39 Core/Src/freertos.o
 .ARM.attributes
                0x000000000000008f       0x39 Core/Src/gpio.o
 .ARM.attributes
                0x00000000000000c8       0x39 Core/Src/i2c.o
 .ARM.attributes
                0x0000000000000101       0x39 Core/Src/main.o
 .ARM.attributes
                0x000000000000013a       0x39 Core/Src/stm32f4xx_hal_msp.o
 .ARM.attributes
                0x0000000000000173       0x39 Core/Src/stm32f4xx_hal_timebase_tim.o
 .ARM.attributes
                0x00000000000001ac       0x39 Core/Src/stm32f4xx_it.o
 .ARM.attributes
                0x00000000000001e5       0x39 Core/Src/syscalls.o
 .ARM.attributes
                0x000000000000021e       0x39 Core/Src/sysmem.o
 .ARM.attributes
                0x0000000000000257       0x39 Core/Src/system_stm32f4xx.o
 .ARM.attributes
                0x0000000000000290       0x39 Core/Src/usart.o
 .ARM.attributes
                0x00000000000002c9       0x21 Core/Startup/startup_stm32f446retx.o
 .ARM.attributes
                0x00000000000002ea       0x39 Drivers/BMP280/BMP280.o
 .ARM.attributes
                0x0000000000000323       0x39 Drivers/STM32F4xx_HAL_Driver/Src/stm32f4xx_hal.o
 .ARM.attributes
                0x000000000000035c       0x39 Drivers/STM32F4xx_HAL_Driver/Src/stm32f4xx_hal_cortex.o
 .ARM.attributes
                0x0000000000000395       0x39 Drivers/STM32F4xx_HAL_Driver/Src/stm32f4xx_hal_gpio.o
 .ARM.attributes
                0x00000000000003ce       0x39 Drivers/STM32F4xx_HAL_Driver/Src/stm32f4xx_hal_i2c.o
 .ARM.attributes
                0x0000000000000407       0x39 Drivers/STM32F4xx_HAL_Driver/Src/stm32f4xx_hal_pwr_ex.o
 .ARM.attributes
                0x0000000000000440       0x39 Drivers/STM32F4xx_HAL_Driver/Src/stm32f4xx_hal_rcc.o
 .ARM.attributes
                0x0000000000000479       0x39 Drivers/STM32F4xx_HAL_Driver/Src/stm32f4xx_hal_rcc_ex.o
 .ARM.attributes
                0x00000000000004b2       0x39 Drivers/STM32F4xx_HAL_Driver/Src/stm32f4xx_hal_tim.o
 .ARM.attributes
                0x00000000000004eb       0x39 Drivers/STM32F4xx_HAL_Driver/Src/stm32f4xx_hal_tim_ex.o
 .ARM.attributes
                0x0000000000000524       0x39 Drivers/STM32F4xx_HAL_Driver/Src/stm32f4xx_hal_uart.o
 .ARM.attributes
                0x000000000000055d       0x39 Drivers/display/Fonts/font12.o
 .ARM.attributes
                0x0000000000000596       0x39 Drivers/display/lcd.o
 .ARM.attributes
                0x00000000000005cf       0x39 Middlewares/Third_Party/FreeRTOS/Source/CMSIS_RTOS/cmsis_os.o
 .ARM.attributes
                0x0000000000000608       0x39 Middlewares/Third_Party/FreeRTOS/Source/list.o
 .ARM.attributes
                0x0000000000000641       0x39 Middlewares/Third_Party/FreeRTOS/Source/queue.o
 .ARM.attributes
                0x000000000000067a       0x39 Middlewares/Third_Party/FreeRTOS/Source/tasks.o
 .ARM.attributes
                0x00000000000006b3       0x39 Middlewares/Third_Party/FreeRTOS/Source/portable/GCC/ARM_CM4F/port.o
 .ARM.attributes
                0x00000000000006ec       0x39 Middlewares/Third_Party/FreeRTOS/Source/portable/MemMang/heap_4.o
 .ARM.attributes
                0x0000000000000725       0x34 c:/st/stm32cubeide_1.1.0/stm32cubeide/plugins/com.st.stm32cube.ide.mcu.externaltools.gnu-tools-for-stm32.7-2018-q2-update.win32_1.0.0.201904181610/tools/bin/../lib/gcc/arm-none-eabi/7.3.1/../../../../arm-none-eabi/lib/thumb/v7e-m/fpv4-sp/hard\libc_nano.a(lib_a-errno.o)
 .ARM.attributes
                0x0000000000000759       0x34 c:/st/stm32cubeide_1.1.0/stm32cubeide/plugins/com.st.stm32cube.ide.mcu.externaltools.gnu-tools-for-stm32.7-2018-q2-update.win32_1.0.0.201904181610/tools/bin/../lib/gcc/arm-none-eabi/7.3.1/../../../../arm-none-eabi/lib/thumb/v7e-m/fpv4-sp/hard\libc_nano.a(lib_a-exit.o)
 .ARM.attributes
                0x000000000000078d       0x34 c:/st/stm32cubeide_1.1.0/stm32cubeide/plugins/com.st.stm32cube.ide.mcu.externaltools.gnu-tools-for-stm32.7-2018-q2-update.win32_1.0.0.201904181610/tools/bin/../lib/gcc/arm-none-eabi/7.3.1/../../../../arm-none-eabi/lib/thumb/v7e-m/fpv4-sp/hard\libc_nano.a(lib_a-impure.o)
 .ARM.attributes
                0x00000000000007c1       0x34 c:/st/stm32cubeide_1.1.0/stm32cubeide/plugins/com.st.stm32cube.ide.mcu.externaltools.gnu-tools-for-stm32.7-2018-q2-update.win32_1.0.0.201904181610/tools/bin/../lib/gcc/arm-none-eabi/7.3.1/../../../../arm-none-eabi/lib/thumb/v7e-m/fpv4-sp/hard\libc_nano.a(lib_a-init.o)
 .ARM.attributes
                0x00000000000007f5       0x34 c:/st/stm32cubeide_1.1.0/stm32cubeide/plugins/com.st.stm32cube.ide.mcu.externaltools.gnu-tools-for-stm32.7-2018-q2-update.win32_1.0.0.201904181610/tools/bin/../lib/gcc/arm-none-eabi/7.3.1/../../../../arm-none-eabi/lib/thumb/v7e-m/fpv4-sp/hard\libc_nano.a(lib_a-memcpy-stub.o)
 .ARM.attributes
                0x0000000000000829       0x34 c:/st/stm32cubeide_1.1.0/stm32cubeide/plugins/com.st.stm32cube.ide.mcu.externaltools.gnu-tools-for-stm32.7-2018-q2-update.win32_1.0.0.201904181610/tools/bin/../lib/gcc/arm-none-eabi/7.3.1/../../../../arm-none-eabi/lib/thumb/v7e-m/fpv4-sp/hard\libc_nano.a(lib_a-memset.o)
 .ARM.attributes
                0x000000000000085d       0x34 c:/st/stm32cubeide_1.1.0/stm32cubeide/plugins/com.st.stm32cube.ide.mcu.externaltools.gnu-tools-for-stm32.7-2018-q2-update.win32_1.0.0.201904181610/tools/bin/../lib/gcc/arm-none-eabi/7.3.1/../../../../arm-none-eabi/lib/thumb/v7e-m/fpv4-sp/hard\libc_nano.a(lib_a-nano-vfprintf_float.o)
 .ARM.attributes
                0x0000000000000891       0x34 c:/st/stm32cubeide_1.1.0/stm32cubeide/plugins/com.st.stm32cube.ide.mcu.externaltools.gnu-tools-for-stm32.7-2018-q2-update.win32_1.0.0.201904181610/tools/bin/../lib/gcc/arm-none-eabi/7.3.1/../../../../arm-none-eabi/lib/thumb/v7e-m/fpv4-sp/hard\libc_nano.a(lib_a-nano-vfprintf_i.o)
 .ARM.attributes
                0x00000000000008c5       0x34 c:/st/stm32cubeide_1.1.0/stm32cubeide/plugins/com.st.stm32cube.ide.mcu.externaltools.gnu-tools-for-stm32.7-2018-q2-update.win32_1.0.0.201904181610/tools/bin/../lib/gcc/arm-none-eabi/7.3.1/../../../../arm-none-eabi/lib/thumb/v7e-m/fpv4-sp/hard\libc_nano.a(lib_a-snprintf.o)
 .ARM.attributes
                0x00000000000008f9       0x1b c:/st/stm32cubeide_1.1.0/stm32cubeide/plugins/com.st.stm32cube.ide.mcu.externaltools.gnu-tools-for-stm32.7-2018-q2-update.win32_1.0.0.201904181610/tools/bin/../lib/gcc/arm-none-eabi/7.3.1/../../../../arm-none-eabi/lib/thumb/v7e-m/fpv4-sp/hard\libc_nano.a(lib_a-strlen.o)
 .ARM.attributes
                0x0000000000000914       0x34 c:/st/stm32cubeide_1.1.0/stm32cubeide/plugins/com.st.stm32cube.ide.mcu.externaltools.gnu-tools-for-stm32.7-2018-q2-update.win32_1.0.0.201904181610/tools/bin/../lib/gcc/arm-none-eabi/7.3.1/../../../../arm-none-eabi/lib/thumb/v7e-m/fpv4-sp/hard\libc_nano.a(lib_a-vsprintf.o)
 .ARM.attributes
                0x0000000000000948       0x34 c:/st/stm32cubeide_1.1.0/stm32cubeide/plugins/com.st.stm32cube.ide.mcu.externaltools.gnu-tools-for-stm32.7-2018-q2-update.win32_1.0.0.201904181610/tools/bin/../lib/gcc/arm-none-eabi/7.3.1/../../../../arm-none-eabi/lib/thumb/v7e-m/fpv4-sp/hard\libc_nano.a(lib_a-dtoa.o)
 .ARM.attributes